Archive member included to satisfy reference by file (symbol)

d:/program files (x86)/gnu arm embedded toolchain/10 2021.07/bin/../lib/gcc/arm-none-eabi/10.3.1/../../../../arm-none-eabi/lib/thumb/v7-m/nofp\libc.a(lib_a-exit.o)
                              d:/program files (x86)/gnu arm embedded toolchain/10 2021.07/bin/../lib/gcc/arm-none-eabi/10.3.1/../../../../arm-none-eabi/lib/thumb/v7-m/nofp/crt0.o (exit)
d:/program files (x86)/gnu arm embedded toolchain/10 2021.07/bin/../lib/gcc/arm-none-eabi/10.3.1/../../../../arm-none-eabi/lib/thumb/v7-m/nofp\libc.a(lib_a-impure.o)
                              d:/program files (x86)/gnu arm embedded toolchain/10 2021.07/bin/../lib/gcc/arm-none-eabi/10.3.1/../../../../arm-none-eabi/lib/thumb/v7-m/nofp\libc.a(lib_a-exit.o) (_global_impure_ptr)
d:/program files (x86)/gnu arm embedded toolchain/10 2021.07/bin/../lib/gcc/arm-none-eabi/10.3.1/../../../../arm-none-eabi/lib/thumb/v7-m/nofp\libc.a(lib_a-init.o)
                              d:/program files (x86)/gnu arm embedded toolchain/10 2021.07/bin/../lib/gcc/arm-none-eabi/10.3.1/../../../../arm-none-eabi/lib/thumb/v7-m/nofp/crt0.o (__libc_init_array)
d:/program files (x86)/gnu arm embedded toolchain/10 2021.07/bin/../lib/gcc/arm-none-eabi/10.3.1/../../../../arm-none-eabi/lib/thumb/v7-m/nofp\libc.a(lib_a-memcpy.o)
                              build/zigbee.o (memcpy)
d:/program files (x86)/gnu arm embedded toolchain/10 2021.07/bin/../lib/gcc/arm-none-eabi/10.3.1/../../../../arm-none-eabi/lib/thumb/v7-m/nofp\libc.a(lib_a-memset.o)
                              d:/program files (x86)/gnu arm embedded toolchain/10 2021.07/bin/../lib/gcc/arm-none-eabi/10.3.1/../../../../arm-none-eabi/lib/thumb/v7-m/nofp/crt0.o (memset)
d:/program files (x86)/gnu arm embedded toolchain/10 2021.07/bin/../lib/gcc/arm-none-eabi/10.3.1/../../../../arm-none-eabi/lib/thumb/v7-m/nofp\libc.a(lib_a-strlen-stub.o)
                              build/usart.o (strlen)
d:/program files (x86)/gnu arm embedded toolchain/10 2021.07/bin/../lib/gcc/arm-none-eabi/10.3.1/../../../../arm-none-eabi/lib/thumb/v7-m/nofp\libc.a(lib_a-vsprintf.o)
                              build/usart.o (vsprintf)
d:/program files (x86)/gnu arm embedded toolchain/10 2021.07/bin/../lib/gcc/arm-none-eabi/10.3.1/../../../../arm-none-eabi/lib/thumb/v7-m/nofp\libc.a(lib_a-__call_atexit.o)
                              d:/program files (x86)/gnu arm embedded toolchain/10 2021.07/bin/../lib/gcc/arm-none-eabi/10.3.1/../../../../arm-none-eabi/lib/thumb/v7-m/nofp\libc.a(lib_a-exit.o) (__call_exitprocs)
d:/program files (x86)/gnu arm embedded toolchain/10 2021.07/bin/../lib/gcc/arm-none-eabi/10.3.1/../../../../arm-none-eabi/lib/thumb/v7-m/nofp\libc.a(lib_a-atexit.o)
                              d:/program files (x86)/gnu arm embedded toolchain/10 2021.07/bin/../lib/gcc/arm-none-eabi/10.3.1/../../../../arm-none-eabi/lib/thumb/v7-m/nofp\libc.a(lib_a-__call_atexit.o) (atexit)
d:/program files (x86)/gnu arm embedded toolchain/10 2021.07/bin/../lib/gcc/arm-none-eabi/10.3.1/../../../../arm-none-eabi/lib/thumb/v7-m/nofp\libc.a(lib_a-fini.o)
                              d:/program files (x86)/gnu arm embedded toolchain/10 2021.07/bin/../lib/gcc/arm-none-eabi/10.3.1/../../../../arm-none-eabi/lib/thumb/v7-m/nofp\libc.a(lib_a-__call_atexit.o) (__libc_fini_array)
d:/program files (x86)/gnu arm embedded toolchain/10 2021.07/bin/../lib/gcc/arm-none-eabi/10.3.1/../../../../arm-none-eabi/lib/thumb/v7-m/nofp\libc.a(lib_a-lock.o)
                              d:/program files (x86)/gnu arm embedded toolchain/10 2021.07/bin/../lib/gcc/arm-none-eabi/10.3.1/../../../../arm-none-eabi/lib/thumb/v7-m/nofp\libc.a(lib_a-__call_atexit.o) (__retarget_lock_acquire_recursive)
d:/program files (x86)/gnu arm embedded toolchain/10 2021.07/bin/../lib/gcc/arm-none-eabi/10.3.1/../../../../arm-none-eabi/lib/thumb/v7-m/nofp\libc.a(lib_a-svfprintf.o)
                              d:/program files (x86)/gnu arm embedded toolchain/10 2021.07/bin/../lib/gcc/arm-none-eabi/10.3.1/../../../../arm-none-eabi/lib/thumb/v7-m/nofp\libc.a(lib_a-vsprintf.o) (_svfprintf_r)
d:/program files (x86)/gnu arm embedded toolchain/10 2021.07/bin/../lib/gcc/arm-none-eabi/10.3.1/../../../../arm-none-eabi/lib/thumb/v7-m/nofp\libc.a(lib_a-__atexit.o)
                              d:/program files (x86)/gnu arm embedded toolchain/10 2021.07/bin/../lib/gcc/arm-none-eabi/10.3.1/../../../../arm-none-eabi/lib/thumb/v7-m/nofp\libc.a(lib_a-atexit.o) (__register_exitproc)
d:/program files (x86)/gnu arm embedded toolchain/10 2021.07/bin/../lib/gcc/arm-none-eabi/10.3.1/../../../../arm-none-eabi/lib/thumb/v7-m/nofp\libc.a(lib_a-dtoa.o)
                              d:/program files (x86)/gnu arm embedded toolchain/10 2021.07/bin/../lib/gcc/arm-none-eabi/10.3.1/../../../../arm-none-eabi/lib/thumb/v7-m/nofp\libc.a(lib_a-svfprintf.o) (_dtoa_r)
[...]
Memory Configuration

Name             Origin             Length             Attributes
RAM              0x20000000         0x0000c000         xrw
FLASH            0x08000000         0x00040000         xr
*default*        0x00000000         0xffffffff

Linker script and memory map

LOAD d:/program files (x86)/gnu arm embedded toolchain/10 2021.07/bin/../lib/gcc/arm-none-eabi/10.3.1/thumb/v7-m/nofp/crti.o
LOAD d:/program files (x86)/gnu arm embedded toolchain/10 2021.07/bin/../lib/gcc/arm-none-eabi/10.3.1/thumb/v7-m/nofp/crtbegin.o
LOAD d:/program files (x86)/gnu arm embedded toolchain/10 2021.07/bin/../lib/gcc/arm-none-eabi/10.3.1/../../../../arm-none-eabi/lib/thumb/v7-m/nofp/crt0.o
LOAD build/main.o
LOAD build/gpio.o
LOAD build/tim.o
LOAD build/stm32f1xx_it.o
LOAD build/stm32f1xx_hal_msp.o
LOAD build/stm32f1xx_hal_gpio_ex.o
LOAD build/stm32f1xx_hal_tim.o
LOAD build/stm32f1xx_hal_tim_ex.o
LOAD build/stm32f1xx_hal.o
LOAD build/stm32f1xx_hal_rcc.o
LOAD build/stm32f1xx_hal_rcc_ex.o
LOAD build/stm32f1xx_hal_gpio.o
LOAD build/stm32f1xx_hal_dma.o
LOAD build/stm32f1xx_hal_cortex.o
LOAD build/stm32f1xx_hal_pwr.o
LOAD build/stm32f1xx_hal_flash.o
LOAD build/stm32f1xx_hal_flash_ex.o
LOAD build/stm32f1xx_hal_exti.o
LOAD build/system_stm32f1xx.o
LOAD build/usart.o
LOAD build/stm32f1xx_hal_uart.o
LOAD build/dma.o
LOAD build/jy62.o
LOAD build/zigbee.o
LOAD build/startup_stm32f103xe.o
LOAD d:/program files (x86)/gnu arm embedded toolchain/10 2021.07/bin/../lib/gcc/arm-none-eabi/10.3.1/../../../../arm-none-eabi/lib/thumb/v7-m/nofp\libc.a
LOAD d:/program files (x86)/gnu arm embedded toolchain/10 2021.07/bin/../lib/gcc/arm-none-eabi/10.3.1/../../../../arm-none-eabi/lib/thumb/v7-m/nofp\libm.a
LOAD d:/program files (x86)/gnu arm embedded toolchain/10 2021.07/bin/../lib/gcc/arm-none-eabi/10.3.1/../../../../arm-none-eabi/lib/thumb/v7-m/nofp\libnosys.a
START GROUP
LOAD d:/program files (x86)/gnu arm embedded toolchain/10 2021.07/bin/../lib/gcc/arm-none-eabi/10.3.1/thumb/v7-m/nofp\libgcc.a
LOAD d:/program files (x86)/gnu arm embedded toolchain/10 2021.07/bin/../lib/gcc/arm-none-eabi/10.3.1/../../../../arm-none-eabi/lib/thumb/v7-m/nofp\libc.a
END GROUP
START GROUP
LOAD d:/program files (x86)/gnu arm embedded toolchain/10 2021.07/bin/../lib/gcc/arm-none-eabi/10.3.1/thumb/v7-m/nofp\libgcc.a
LOAD d:/program files (x86)/gnu arm embedded toolchain/10 2021.07/bin/../lib/gcc/arm-none-eabi/10.3.1/../../../../arm-none-eabi/lib/thumb/v7-m/nofp\libc.a
LOAD d:/program files (x86)/gnu arm embedded toolchain/10 2021.07/bin/../lib/gcc/arm-none-eabi/10.3.1/../../../../arm-none-eabi/lib/thumb/v7-m/nofp\libnosys.a
END GROUP
LOAD d:/program files (x86)/gnu arm embedded toolchain/10 2021.07/bin/../lib/gcc/arm-none-eabi/10.3.1/thumb/v7-m/nofp/crtend.o
LOAD d:/program files (x86)/gnu arm embedded toolchain/10 2021.07/bin/../lib/gcc/arm-none-eabi/10.3.1/thumb/v7-m/nofp/crtn.o
                0x2000c000                _estack = 0x2000c000
                0x00000200                _Min_Heap_Size = 0x200
                0x00000400                _Min_Stack_Size = 0x400

.isr_vector     0x08000000      0x1e4
                0x08000000                . = ALIGN (0x4)
 *(.isr_vector)
 .isr_vector    0x08000000      0x1e4 build/startup_stm32f103xe.o
                0x08000000                g_pfnVectors
                0x080001e4                . = ALIGN (0x4)

.text           0x080001e8     0x4250
                0x080001e8                . = ALIGN (0x4)
 *(.text)
 .text          0x080001e8       0x40 d:/program files (x86)/gnu arm embedded toolchain/10 2021.07/bin/../lib/gcc/arm-none-eabi/10.3.1/thumb/v7-m/nofp/crtbegin.o
 .text          0x08000228      0x168 d:/program files (x86)/gnu arm embedded toolchain/10 2021.07/bin/../lib/gcc/arm-none-eabi/10.3.1/thumb/v7-m/nofp\libgcc.a(_arm_mulsf3.o)
                0x08000228                __aeabi_fmul
                0x08000228                __mulsf3
 .text          0x08000390      0x378 d:/program files (x86)/gnu arm embedded toolchain/10 2021.07/bin/../lib/gcc/arm-none-eabi/10.3.1/thumb/v7-m/nofp\libgcc.a(_arm_addsubdf3.o)
                0x08000390                __aeabi_drsub
                0x08000398                __aeabi_dsub
                0x08000398                __subdf3
                0x0800039c                __aeabi_dadd
                0x0800039c                __adddf3
                0x08000614                __floatunsidf
                0x08000614                __aeabi_ui2d
                0x08000634                __floatsidf
                0x08000634                __aeabi_i2d
                0x08000658                __aeabi_f2d
                0x08000658                __extendsfdf2
                0x0800069c                __floatundidf
                0x0800069c                __aeabi_ul2d
                0x080006ac                __floatdidf
                0x080006ac                __aeabi_l2d
 .text          0x08000708      0x424 d:/program files (x86)/gnu arm embedded toolchain/10 2021.07/bin/../lib/gcc/arm-none-eabi/10.3.1/thumb/v7-m/nofp\libgcc.a(_arm_muldivdf3.o)
                0x08000708                __aeabi_dmul
                0x08000708                __muldf3
                0x0800095c                __divdf3
                0x0800095c                __aeabi_ddiv
 .text          0x08000b2c      0x110 d:/program files (x86)/gnu arm embedded toolchain/10 2021.07/bin/../lib/gcc/arm-none-eabi/10.3.1/thumb/v7-m/nofp\libgcc.a(_arm_cmpdf2.o)
                0x08000b2c                __gtdf2
                0x08000b2c                __gedf2
                0x08000b34                __ltdf2
                0x08000b34                __ledf2
                0x08000b3c                __nedf2
                0x08000b3c                __eqdf2
                0x08000b3c                __cmpdf2
                0x08000bb8                __aeabi_cdrcmple
                0x08000bc8                __aeabi_cdcmpeq
                0x08000bc8                __aeabi_cdcmple
                0x08000bd8                __aeabi_dcmpeq
                0x08000bec                __aeabi_dcmplt
                0x08000c00                __aeabi_dcmple
                0x08000c14                __aeabi_dcmpge
                0x08000c28                __aeabi_dcmpgt
 .text          0x08000c3c       0xa0 d:/program files (x86)/gnu arm embedded toolchain/10 2021.07/bin/../lib/gcc/arm-none-eabi/10.3.1/thumb/v7-m/nofp\libgcc.a(_arm_truncdfsf2.o)
                0x08000c3c                __truncdfsf2
                0x08000c3c                __aeabi_d2f
 .text          0x08000cdc      0x21c d:/program files (x86)/gnu arm embedded toolchain/10 2021.07/bin/../lib/gcc/arm-none-eabi/10.3.1/thumb/v7-m/nofp\libgcc.a(_arm_addsubsf3.o)
                0x08000cdc                __aeabi_frsub
                0x08000ce4                __subsf3
                0x08000ce4                __aeabi_fsub
                0x08000ce8                __aeabi_fadd
                0x08000ce8                __addsf3
                0x08000e48                __aeabi_ui2f
                0x08000e48                __floatunsisf
                0x08000e50                __aeabi_i2f
                0x08000e50                __floatsisf
                0x08000e6c                __aeabi_ul2f
                0x08000e6c                __floatundisf
                0x08000e7c                __aeabi_l2f
                0x08000e7c                __floatdisf
 .text          0x08000ef8       0xec d:/program files (x86)/gnu arm embedded toolchain/10 2021.07/bin/../lib/gcc/arm-none-eabi/10.3.1/thumb/v7-m/nofp\libgcc.a(_arm_cmpsf2.o)
                0x08000ef8                __gesf2
                0x08000ef8                __gtsf2
                0x08000f00                __lesf2
                0x08000f00                __ltsf2
                0x08000f08                __nesf2
                0x08000f08                __eqsf2
                0x08000f08                __cmpsf2
                0x08000f68                __aeabi_cfrcmple
                0x08000f70                __aeabi_cfcmpeq
                0x08000f70                __aeabi_cfcmple
                0x08000f80                __aeabi_fcmpeq
                0x08000f94                __aeabi_fcmplt
                0x08000fa8                __aeabi_fcmple
                0x08000fbc                __aeabi_fcmpge
                0x08000fd0                __aeabi_fcmpgt
 *(.text*)
 .text.forward  0x08000fe4       0x78 build/main.o
                0x08000fe4                forward
 .text.rotate_clockwise
                0x0800105c       0x78 build/main.o
                0x0800105c                rotate_clockwise
 .text.HAL_TIM_PeriodElapsedCallback
                0x080010d4      0x16c build/main.o
                0x080010d4                HAL_TIM_PeriodElapsedCallback
 .text.Error_Handler
                0x08001240        0x4 build/main.o
                0x08001240                Error_Handler
 .text.SystemClock_Config
                0x08001244       0x64 build/main.o
                0x08001244                SystemClock_Config
 .text.main     0x080012a8      0x150 build/main.o
                0x080012a8                main
 .text.MX_GPIO_Init
                0x080013f8       0x8c build/gpio.o
                0x080013f8                MX_GPIO_Init
 .text.MX_TIM1_Init
                0x08001484       0x70 build/tim.o
                0x08001484                MX_TIM1_Init
 .text.MX_TIM2_Init
                0x080014f4       0x64 build/tim.o
                0x080014f4                MX_TIM2_Init
 .text.MX_TIM3_Init
                0x08001558       0x64 build/tim.o
                0x08001558                MX_TIM3_Init
 .text.MX_TIM4_Init
                0x080015bc       0x64 build/tim.o
                0x080015bc                MX_TIM4_Init
 .text.MX_TIM5_Init
                0x08001620       0x64 build/tim.o
                0x08001620                MX_TIM5_Init
 .text.HAL_TIM_Base_MspInit
                0x08001684       0x60 build/tim.o
                0x08001684                HAL_TIM_Base_MspInit
 .text.HAL_TIM_Encoder_MspInit
                0x080016e4      0x154 build/tim.o
                0x080016e4                HAL_TIM_Encoder_MspInit
 .text.HAL_TIM_MspPostInit
                0x08001838       0x50 build/tim.o
                0x08001838                HAL_TIM_MspPostInit
 .text.MX_TIM8_Init
                0x08001888      0x120 build/tim.o
                0x08001888                MX_TIM8_Init
 .text.NMI_Handler
                0x080019a8        0x2 build/stm32f1xx_it.o
                0x080019a8                NMI_Handler
 .text.HardFault_Handler
                0x080019aa        0x2 build/stm32f1xx_it.o
                0x080019aa                HardFault_Handler
 .text.MemManage_Handler
                0x080019ac        0x2 build/stm32f1xx_it.o
                0x080019ac                MemManage_Handler
 .text.BusFault_Handler
                0x080019ae        0x2 build/stm32f1xx_it.o
                0x080019ae                BusFault_Handler
 .text.UsageFault_Handler
                0x080019b0        0x2 build/stm32f1xx_it.o
                0x080019b0                UsageFault_Handler
 .text.SVC_Handler
                0x080019b2        0x2 build/stm32f1xx_it.o
                0x080019b2                SVC_Handler
 .text.DebugMon_Handler
                0x080019b4        0x2 build/stm32f1xx_it.o
                0x080019b4                DebugMon_Handler
 .text.PendSV_Handler
                0x080019b6        0x2 build/stm32f1xx_it.o
                0x080019b6                PendSV_Handler
 .text.SysTick_Handler
                0x080019b8        0x8 build/stm32f1xx_it.o
                0x080019b8                SysTick_Handler
 .text.DMA1_Channel5_IRQHandler
                0x080019c0       0x10 build/stm32f1xx_it.o
                0x080019c0                DMA1_Channel5_IRQHandler
 .text.DMA1_Channel6_IRQHandler
                0x080019d0       0x10 build/stm32f1xx_it.o
                0x080019d0                DMA1_Channel6_IRQHandler
 .text.TIM1_UP_IRQHandler
                0x080019e0       0x10 build/stm32f1xx_it.o
                0x080019e0                TIM1_UP_IRQHandler
 .text.USART1_IRQHandler
                0x080019f0       0x10 build/stm32f1xx_it.o
                0x080019f0                USART1_IRQHandler
 .text.USART2_IRQHandler
                0x08001a00       0x10 build/stm32f1xx_it.o
                0x08001a00                USART2_IRQHandler
 .text.HAL_MspInit
                0x08001a10       0x44 build/stm32f1xx_hal_msp.o
                0x08001a10                HAL_MspInit
 .text.TIM_OC1_SetConfig
                0x08001a54       0x68 build/stm32f1xx_hal_tim.o
 .text.TIM_OC3_SetConfig
                0x08001abc       0x70 build/stm32f1xx_hal_tim.o
 .text.TIM_OC4_SetConfig
                0x08001b2c       0x50 build/stm32f1xx_hal_tim.o
 .text.TIM_TI1_ConfigInputStage
                0x08001b7c       0x24 build/stm32f1xx_hal_tim.o
 .text.TIM_TI2_ConfigInputStage
                0x08001ba0       0x26 build/stm32f1xx_hal_tim.o
 .text.TIM_ITRx_SetConfig
                0x08001bc6       0x10 build/stm32f1xx_hal_tim.o
 *fill*         0x08001bd6        0x2 
 .text.HAL_TIM_Base_Start_IT
                0x08001bd8       0x78 build/stm32f1xx_hal_tim.o
                0x08001bd8                HAL_TIM_Base_Start_IT
 .text.HAL_TIM_PWM_MspInit
                0x08001c50        0x2 build/stm32f1xx_hal_tim.o
                0x08001c50                HAL_TIM_PWM_MspInit
 .text.HAL_TIM_OC_DelayElapsedCallback
                0x08001c52        0x2 build/stm32f1xx_hal_tim.o
                0x08001c52                HAL_TIM_OC_DelayElapsedCallback
 .text.HAL_TIM_IC_CaptureCallback
                0x08001c54        0x2 build/stm32f1xx_hal_tim.o
                0x08001c54                HAL_TIM_IC_CaptureCallback
 .text.HAL_TIM_PWM_PulseFinishedCallback
                0x08001c56        0x2 build/stm32f1xx_hal_tim.o
                0x08001c56                HAL_TIM_PWM_PulseFinishedCallback
 .text.HAL_TIM_TriggerCallback
                0x08001c58        0x2 build/stm32f1xx_hal_tim.o
                0x08001c58                HAL_TIM_TriggerCallback
 .text.HAL_TIM_IRQHandler
                0x08001c5a      0x17a build/stm32f1xx_hal_tim.o
                0x08001c5a                HAL_TIM_IRQHandler
 .text.TIM_Base_SetConfig
                0x08001dd4       0x98 build/stm32f1xx_hal_tim.o
                0x08001dd4                TIM_Base_SetConfig
 .text.HAL_TIM_Base_Init
                0x08001e6c       0x58 build/stm32f1xx_hal_tim.o
                0x08001e6c                HAL_TIM_Base_Init
 .text.HAL_TIM_PWM_Init
                0x08001ec4       0x58 build/stm32f1xx_hal_tim.o
                0x08001ec4                HAL_TIM_PWM_Init
 .text.HAL_TIM_Encoder_Init
                0x08001f1c       0xb8 build/stm32f1xx_hal_tim.o
                0x08001f1c                HAL_TIM_Encoder_Init
 .text.TIM_OC2_SetConfig
                0x08001fd4       0x70 build/stm32f1xx_hal_tim.o
                0x08001fd4                TIM_OC2_SetConfig
 .text.HAL_TIM_PWM_ConfigChannel
                0x08002044       0xd0 build/stm32f1xx_hal_tim.o
                0x08002044                HAL_TIM_PWM_ConfigChannel
 .text.TIM_ETR_SetConfig
                0x08002114       0x18 build/stm32f1xx_hal_tim.o
                0x08002114                TIM_ETR_SetConfig
 .text.HAL_TIM_ConfigClockSource
                0x0800212c       0xda build/stm32f1xx_hal_tim.o
                0x0800212c                HAL_TIM_ConfigClockSource
 .text.TIM_CCxChannelCmd
                0x08002206       0x1e build/stm32f1xx_hal_tim.o
                0x08002206                TIM_CCxChannelCmd
 .text.HAL_TIM_PWM_Start
                0x08002224       0xf4 build/stm32f1xx_hal_tim.o
                0x08002224                HAL_TIM_PWM_Start
 .text.HAL_TIM_Encoder_Start
                0x08002318       0xcc build/stm32f1xx_hal_tim.o
                0x08002318                HAL_TIM_Encoder_Start
 .text.HAL_TIMEx_MasterConfigSynchronization
                0x080023e4       0x7c build/stm32f1xx_hal_tim_ex.o
                0x080023e4                HAL_TIMEx_MasterConfigSynchronization
 .text.HAL_TIMEx_ConfigBreakDeadTime
                0x08002460       0x52 build/stm32f1xx_hal_tim_ex.o
                0x08002460                HAL_TIMEx_ConfigBreakDeadTime
 .text.HAL_TIMEx_CommutCallback
                0x080024b2        0x2 build/stm32f1xx_hal_tim_ex.o
                0x080024b2                HAL_TIMEx_CommutCallback
 .text.HAL_TIMEx_BreakCallback
                0x080024b4        0x2 build/stm32f1xx_hal_tim_ex.o
                0x080024b4                HAL_TIMEx_BreakCallback
 *fill*         0x080024b6        0x2 
 .text.HAL_InitTick
                0x080024b8       0x4c build/stm32f1xx_hal.o
                0x080024b8                HAL_InitTick
 .text.HAL_Init
                0x08002504       0x24 build/stm32f1xx_hal.o
                0x08002504                HAL_Init
 .text.HAL_IncTick
                0x08002528       0x18 build/stm32f1xx_hal.o
                0x08002528                HAL_IncTick
 .text.HAL_GetTick
                0x08002540        0xc build/stm32f1xx_hal.o
                0x08002540                HAL_GetTick
 .text.RCC_Delay
                0x0800254c       0x2c build/stm32f1xx_hal_rcc.o
 .text.HAL_RCC_OscConfig
                0x08002578      0x410 build/stm32f1xx_hal_rcc.o
                0x08002578                HAL_RCC_OscConfig
 .text.HAL_RCC_GetSysClockFreq
                0x08002988       0x70 build/stm32f1xx_hal_rcc.o
                0x08002988                HAL_RCC_GetSysClockFreq
 .text.HAL_RCC_ClockConfig
                0x080029f8      0x16c build/stm32f1xx_hal_rcc.o
                0x080029f8                HAL_RCC_ClockConfig
 .text.HAL_RCC_GetHCLKFreq
                0x08002b64        0xc build/stm32f1xx_hal_rcc.o
                0x08002b64                HAL_RCC_GetHCLKFreq
 .text.HAL_RCC_GetPCLK1Freq
                0x08002b70       0x20 build/stm32f1xx_hal_rcc.o
                0x08002b70                HAL_RCC_GetPCLK1Freq
 .text.HAL_RCC_GetPCLK2Freq
                0x08002b90       0x20 build/stm32f1xx_hal_rcc.o
                0x08002b90                HAL_RCC_GetPCLK2Freq
 .text.HAL_GPIO_Init
                0x08002bb0      0x240 build/stm32f1xx_hal_gpio.o
                0x08002bb0                HAL_GPIO_Init
 .text.HAL_GPIO_WritePin
                0x08002df0        0xc build/stm32f1xx_hal_gpio.o
                0x08002df0                HAL_GPIO_WritePin
 .text.DMA_SetConfig
                0x08002dfc       0x2c build/stm32f1xx_hal_dma.o
 .text.HAL_DMA_Init
                0x08002e28       0x98 build/stm32f1xx_hal_dma.o
                0x08002e28                HAL_DMA_Init
 .text.HAL_DMA_Start_IT
                0x08002ec0       0x74 build/stm32f1xx_hal_dma.o
                0x08002ec0                HAL_DMA_Start_IT
 .text.HAL_DMA_Abort
                0x08002f34       0x44 build/stm32f1xx_hal_dma.o
                0x08002f34                HAL_DMA_Abort
 .text.HAL_DMA_Abort_IT
                0x08002f78      0x168 build/stm32f1xx_hal_dma.o
                0x08002f78                HAL_DMA_Abort_IT
 .text.HAL_DMA_IRQHandler
                0x080030e0      0x2ec build/stm32f1xx_hal_dma.o
                0x080030e0                HAL_DMA_IRQHandler
 .text.HAL_NVIC_SetPriorityGrouping
                0x080033cc       0x24 build/stm32f1xx_hal_cortex.o
                0x080033cc                HAL_NVIC_SetPriorityGrouping
 .text.HAL_NVIC_SetPriority
                0x080033f0       0x70 build/stm32f1xx_hal_cortex.o
                0x080033f0                HAL_NVIC_SetPriority
 .text.HAL_NVIC_EnableIRQ
                0x08003460       0x1c build/stm32f1xx_hal_cortex.o
                0x08003460                HAL_NVIC_EnableIRQ
 .text.HAL_SYSTICK_Config
                0x0800347c       0x28 build/stm32f1xx_hal_cortex.o
                0x0800347c                HAL_SYSTICK_Config
 .text.SystemInit
                0x080034a4        0x2 build/system_stm32f1xx.o
                0x080034a4                SystemInit
 *fill*         0x080034a6        0x2 
 .text.MX_USART1_UART_Init
                0x080034a8       0x34 build/usart.o
                0x080034a8                MX_USART1_UART_Init
 .text.MX_USART2_UART_Init
                0x080034dc       0x34 build/usart.o
                0x080034dc                MX_USART2_UART_Init
 .text.HAL_UART_MspInit
                0x08003510      0x160 build/usart.o
                0x08003510                HAL_UART_MspInit
 .text.HAL_UART_RxCpltCallback
                0x08003670       0x14 build/usart.o
                0x08003670                HAL_UART_RxCpltCallback
 .text.UART_EndTxTransfer
                0x08003684       0x12 build/stm32f1xx_hal_uart.o
 .text.UART_EndRxTransfer
                0x08003696       0x32 build/stm32f1xx_hal_uart.o
 .text.UART_Transmit_IT
                0x080036c8       0x60 build/stm32f1xx_hal_uart.o
 .text.UART_SetConfig
                0x08003728       0x94 build/stm32f1xx_hal_uart.o
 .text.UART_WaitOnFlagUntilTimeout
                0x080037bc       0x6c build/stm32f1xx_hal_uart.o
 .text.HAL_UART_Init
                0x08003828       0x5e build/stm32f1xx_hal_uart.o
                0x08003828                HAL_UART_Init
 .text.HAL_UART_Transmit
                0x08003886       0xd8 build/stm32f1xx_hal_uart.o
                0x08003886                HAL_UART_Transmit
 .text.HAL_UART_TxCpltCallback
                0x0800395e        0x2 build/stm32f1xx_hal_uart.o
                0x0800395e                HAL_UART_TxCpltCallback
 .text.UART_EndTransmit_IT
                0x08003960       0x1a build/stm32f1xx_hal_uart.o
 .text.HAL_UART_RxHalfCpltCallback
                0x0800397a        0x2 build/stm32f1xx_hal_uart.o
                0x0800397a                HAL_UART_RxHalfCpltCallback
 .text.HAL_UART_ErrorCallback
                0x0800397c        0x2 build/stm32f1xx_hal_uart.o
                0x0800397c                HAL_UART_ErrorCallback
 .text.UART_DMAError
                0x0800397e       0x58 build/stm32f1xx_hal_uart.o
 .text.UART_DMAAbortOnError
                0x080039d6       0x10 build/stm32f1xx_hal_uart.o
 .text.HAL_UARTEx_RxEventCallback
                0x080039e6        0x2 build/stm32f1xx_hal_uart.o
                0x080039e6                HAL_UARTEx_RxEventCallback
 .text.UART_Receive_IT
                0x080039e8       0xd4 build/stm32f1xx_hal_uart.o
 .text.HAL_UART_IRQHandler
                0x08003abc      0x204 build/stm32f1xx_hal_uart.o
                0x08003abc                HAL_UART_IRQHandler
 .text.UART_DMARxHalfCplt
                0x08003cc0       0x1a build/stm32f1xx_hal_uart.o
 .text.UART_DMAReceiveCplt
                0x08003cda       0x5e build/stm32f1xx_hal_uart.o
 .text.UART_Start_Receive_DMA
                0x08003d38       0x78 build/stm32f1xx_hal_uart.o
                0x08003d38                UART_Start_Receive_DMA
 .text.HAL_UART_Receive_DMA
                0x08003db0       0x38 build/stm32f1xx_hal_uart.o
                0x08003db0                HAL_UART_Receive_DMA
 .text.MX_DMA_Init
                0x08003de8       0x44 build/dma.o
                0x08003de8                MX_DMA_Init
 .text.jy62_Init
                0x08003e2c       0x18 build/jy62.o
                0x08003e2c                jy62_Init
 .text.SetBaud  0x08003e44       0x3c build/jy62.o
                0x08003e44                SetBaud
 .text.SetHorizontal
                0x08003e80       0x1c build/jy62.o
                0x08003e80                SetHorizontal
 .text.InitAngle
                0x08003e9c       0x1c build/jy62.o
                0x08003e9c                InitAngle
 .text.Calibrate
                0x08003eb8       0x1c build/jy62.o
                0x08003eb8                Calibrate
 .text.SleepOrAwake
                0x08003ed4       0x1c build/jy62.o
                0x08003ed4                SleepOrAwake
 .text.GetYaw   0x08003ef0        0xc build/jy62.o
                0x08003ef0                GetYaw
 .text.DecodeAngle
                0x08003efc       0x68 build/jy62.o
                0x08003efc                DecodeAngle
 *fill*         0x08003f64        0x4 
 .text.DecodeAccelerate
                0x08003f68       0xa8 build/jy62.o
                0x08003f68                DecodeAccelerate
 .text.DecodeVelocity
                0x08004010       0x68 build/jy62.o
                0x08004010                DecodeVelocity
 .text.DecodeTemperature
                0x08004078       0x44 build/jy62.o
                0x08004078                DecodeTemperature
 .text.Decode   0x080040bc       0x30 build/jy62.o
                0x080040bc                Decode
 .text.jy62MessageRecord
                0x080040ec       0xf8 build/jy62.o
                0x080040ec                jy62MessageRecord
 .text.zigbee_Init
                0x080041e4       0x24 build/zigbee.o
                0x080041e4                zigbee_Init
 .text.Reset_Handler
                0x08004208       0x48 build/startup_stm32f103xe.o
                0x08004208                Reset_Handler
 .text.Default_Handler
                0x08004250        0x2 build/startup_stm32f103xe.o
                0x08004250                RTC_Alarm_IRQHandler
                0x08004250                EXTI2_IRQHandler
                0x08004250                TIM8_TRG_COM_IRQHandler
                0x08004250                TIM8_CC_IRQHandler
                0x08004250                TIM1_CC_IRQHandler
                0x08004250                TIM6_IRQHandler
                0x08004250                PVD_IRQHandler
                0x08004250                SDIO_IRQHandler
                0x08004250                EXTI3_IRQHandler
                0x08004250                EXTI0_IRQHandler
                0x08004250                I2C2_EV_IRQHandler
                0x08004250                ADC1_2_IRQHandler
                0x08004250                SPI1_IRQHandler
                0x08004250                TAMPER_IRQHandler
                0x08004250                TIM8_UP_IRQHandler
                0x08004250                DMA2_Channel2_IRQHandler
                0x08004250                DMA1_Channel4_IRQHandler
                0x08004250                USART3_IRQHandler
                0x08004250                RTC_IRQHandler
                0x08004250                DMA1_Channel7_IRQHandler
                0x08004250                CAN1_RX1_IRQHandler
                0x08004250                UART5_IRQHandler
                0x08004250                ADC3_IRQHandler
                0x08004250                TIM4_IRQHandler
                0x08004250                DMA2_Channel1_IRQHandler
                0x08004250                I2C1_EV_IRQHandler
                0x08004250                UART4_IRQHandler
                0x08004250                TIM3_IRQHandler
                0x08004250                RCC_IRQHandler
                0x08004250                TIM1_TRG_COM_IRQHandler
                0x08004250                DMA1_Channel1_IRQHandler
                0x08004250                Default_Handler
                0x08004250                EXTI15_10_IRQHandler
                0x08004250                TIM7_IRQHandler
                0x08004250                TIM5_IRQHandler
                0x08004250                EXTI9_5_IRQHandler
                0x08004250                SPI2_IRQHandler
                0x08004250                EXTI4_IRQHandler
                0x08004250                USB_LP_CAN1_RX0_IRQHandler
                0x08004250                USB_HP_CAN1_TX_IRQHandler
                0x08004250                DMA1_Channel3_IRQHandler
                0x08004250                FSMC_IRQHandler
                0x08004250                WWDG_IRQHandler
                0x08004250                TIM2_IRQHandler
                0x08004250                TIM1_BRK_IRQHandler
                0x08004250                EXTI1_IRQHandler
                0x08004250                DMA2_Channel4_5_IRQHandler
                0x08004250                I2C2_ER_IRQHandler
                0x08004250                DMA1_Channel2_IRQHandler
                0x08004250                TIM8_BRK_IRQHandler
                0x08004250                CAN1_SCE_IRQHandler
                0x08004250                FLASH_IRQHandler
                0x08004250                SPI3_IRQHandler
                0x08004250                I2C1_ER_IRQHandler
                0x08004250                USBWakeUp_IRQHandler
                0x08004250                DMA2_Channel3_IRQHandler
 *fill*         0x08004252        0x2 
 .text.__libc_init_array
                0x08004254       0x48 d:/program files (x86)/gnu arm embedded toolchain/10 2021.07/bin/../lib/gcc/arm-none-eabi/10.3.1/../../../../arm-none-eabi/lib/thumb/v7-m/nofp\libc.a(lib_a-init.o)
                0x08004254                __libc_init_array
 .text.memset   0x0800429c       0xa4 d:/program files (x86)/gnu arm embedded toolchain/10 2021.07/bin/../lib/gcc/arm-none-eabi/10.3.1/../../../../arm-none-eabi/lib/thumb/v7-m/nofp\libc.a(lib_a-memset.o)
                0x0800429c                memset
 .text.startup.register_fini
                0x08004340       0x14 d:/program files (x86)/gnu arm embedded toolchain/10 2021.07/bin/../lib/gcc/arm-none-eabi/10.3.1/../../../../arm-none-eabi/lib/thumb/v7-m/nofp\libc.a(lib_a-__call_atexit.o)
 .text.atexit   0x08004354        0xc d:/program files (x86)/gnu arm embedded toolchain/10 2021.07/bin/../lib/gcc/arm-none-eabi/10.3.1/../../../../arm-none-eabi/lib/thumb/v7-m/nofp\libc.a(lib_a-atexit.o)
                0x08004354                atexit
 .text.__libc_fini_array
                0x08004360       0x2c d:/program files (x86)/gnu arm embedded toolchain/10 2021.07/bin/../lib/gcc/arm-none-eabi/10.3.1/../../../../arm-none-eabi/lib/thumb/v7-m/nofp\libc.a(lib_a-fini.o)
                0x08004360                __libc_fini_array
 .text.__retarget_lock_acquire_recursive
                0x0800438c        0x4 d:/program files (x86)/gnu arm embedded toolchain/10 2021.07/bin/../lib/gcc/arm-none-eabi/10.3.1/../../../../arm-none-eabi/lib/thumb/v7-m/nofp\libc.a(lib_a-lock.o)
                0x0800438c                __retarget_lock_acquire_recursive
 .text.__retarget_lock_release_recursive
                0x08004390        0x4 d:/program files (x86)/gnu arm embedded toolchain/10 2021.07/bin/../lib/gcc/arm-none-eabi/10.3.1/../../../../arm-none-eabi/lib/thumb/v7-m/nofp\libc.a(lib_a-lock.o)
                0x08004390                __retarget_lock_release_recursive
 .text.__register_exitproc
                0x08004394       0x8c d:/program files (x86)/gnu arm embedded toolchain/10 2021.07/bin/../lib/gcc/arm-none-eabi/10.3.1/../../../../arm-none-eabi/lib/thumb/v7-m/nofp\libc.a(lib_a-__atexit.o)
                0x08004394                __register_exitproc
 *(.glue_7)
 .glue_7        0x08004420        0x0 linker stubs
 *(.glue_7t)
 .glue_7t       0x08004420        0x0 linker stubs
 *(.eh_frame)
 .eh_frame      0x08004420        0x0 d:/program files (x86)/gnu arm embedded toolchain/10 2021.07/bin/../lib/gcc/arm-none-eabi/10.3.1/thumb/v7-m/nofp/crtbegin.o
 *(.init)
 .init          0x08004420        0x4 d:/program files (x86)/gnu arm embedded toolchain/10 2021.07/bin/../lib/gcc/arm-none-eabi/10.3.1/thumb/v7-m/nofp/crti.o
                0x08004420                _init
 .init          0x08004424        0x8 d:/program files (x86)/gnu arm embedded toolchain/10 2021.07/bin/../lib/gcc/arm-none-eabi/10.3.1/thumb/v7-m/nofp/crtn.o
 *(.fini)
 .fini          0x0800442c        0x4 d:/program files (x86)/gnu arm embedded toolchain/10 2021.07/bin/../lib/gcc/arm-none-eabi/10.3.1/thumb/v7-m/nofp/crti.o
                0x0800442c                _fini
 .fini          0x08004430        0x8 d:/program files (x86)/gnu arm embedded toolchain/10 2021.07/bin/../lib/gcc/arm-none-eabi/10.3.1/thumb/v7-m/nofp/crtn.o
                0x08004438                . = ALIGN (0x4)
                0x08004438                _etext = .

.vfp11_veneer   0x08004438        0x0
 .vfp11_veneer  0x08004438        0x0 linker stubs

.v4_bx          0x08004438        0x0
 .v4_bx         0x08004438        0x0 linker stubs

.iplt           0x08004438        0x0
 .iplt          0x08004438        0x0 d:/program files (x86)/gnu arm embedded toolchain/10 2021.07/bin/../lib/gcc/arm-none-eabi/10.3.1/thumb/v7-m/nofp/crtbegin.o

.rodata         0x08004438       0x30
                0x08004438                . = ALIGN (0x4)
 *(.rodata)
 *(.rodata*)
 .rodata.HAL_RCC_GetSysClockFreq.str1.4
                0x08004438       0x11 build/stm32f1xx_hal_rcc.o
 *fill*         0x08004449        0x3 
 .rodata.AHBPrescTable
                0x0800444c       0x10 build/system_stm32f1xx.o
                0x0800444c                AHBPrescTable
 .rodata.APBPrescTable
                0x0800445c        0x8 build/system_stm32f1xx.o
                0x0800445c                APBPrescTable
 .rodata._global_impure_ptr
                0x08004464        0x4 d:/program files (x86)/gnu arm embedded toolchain/10 2021.07/bin/../lib/gcc/arm-none-eabi/10.3.1/../../../../arm-none-eabi/lib/thumb/v7-m/nofp\libc.a(lib_a-impure.o)
                0x08004464                _global_impure_ptr
                0x08004468                . = ALIGN (0x4)

.rel.dyn        0x08004468        0x0
 .rel.iplt      0x08004468        0x0 d:/program files (x86)/gnu arm embedded toolchain/10 2021.07/bin/../lib/gcc/arm-none-eabi/10.3.1/thumb/v7-m/nofp/crtbegin.o

.ARM.extab
 *(.ARM.extab* .gnu.linkonce.armextab.*)

.ARM            0x08004468        0x0
                0x08004468                __exidx_start = .
 *(.ARM.exidx*)
                0x08004468                __exidx_end = .

.preinit_array  0x08004468        0x0
                0x08004468                PROVIDE (__preinit_array_start = .)
 *(.preinit_array*)
                0x08004468                PROVIDE (__preinit_array_end = .)

.init_array     0x08004468        0x8
                0x08004468                PROVIDE (__init_array_start = .)
 *(SORT_BY_NAME(.init_array.*))
 .init_array.00000
                0x08004468        0x4 d:/program files (x86)/gnu arm embedded toolchain/10 2021.07/bin/../lib/gcc/arm-none-eabi/10.3.1/../../../../arm-none-eabi/lib/thumb/v7-m/nofp\libc.a(lib_a-__call_atexit.o)
 *(.init_array*)
 .init_array    0x0800446c        0x4 d:/program files (x86)/gnu arm embedded toolchain/10 2021.07/bin/../lib/gcc/arm-none-eabi/10.3.1/thumb/v7-m/nofp/crtbegin.o
                0x08004470                PROVIDE (__init_array_end = .)

.fini_array     0x08004470        0x4
                0x08004470                PROVIDE (__fini_array_start = .)
 *(SORT_BY_NAME(.fini_array.*))
 *(.fini_array*)
 .fini_array    0x08004470        0x4 d:/program files (x86)/gnu arm embedded toolchain/10 2021.07/bin/../lib/gcc/arm-none-eabi/10.3.1/thumb/v7-m/nofp/crtbegin.o
                0x08004474                PROVIDE (__fini_array_end = .)
                0x08004474                _sidata = LOADADDR (.data)

.data           0x20000000      0x44c load address 0x08004474
                0x20000000                . = ALIGN (0x4)
                0x20000000                _sdata = .
 *(.data)
 *(.data*)
 .data.uwTickFreq
                0x20000000        0x1 build/stm32f1xx_hal.o
                0x20000000                uwTickFreq
 *fill*         0x20000001        0x3 
 .data.uwTickPrio
                0x20000004        0x4 build/stm32f1xx_hal.o
                0x20000004                uwTickPrio
 .data.SystemCoreClock
                0x20000008        0x4 build/system_stm32f1xx.o
                0x20000008                SystemCoreClock
 .data.calibrateAcce
                0x2000000c        0x3 build/jy62.o
                0x2000000c                calibrateAcce
 *fill*         0x2000000f        0x1 
 .data.initAngle
                0x20000010        0x3 build/jy62.o
                0x20000010                initAngle
 *fill*         0x20000013        0x1 
 .data.setBaud115200
                0x20000014        0x3 build/jy62.o
                0x20000014                setBaud115200
 *fill*         0x20000017        0x1 
 .data.setHorizontal
                0x20000018        0x3 build/jy62.o
                0x20000018                setHorizontal
 *fill*         0x2000001b        0x1 
 .data.sleepAndAwake
                0x2000001c        0x3 build/jy62.o
                0x2000001c                sleepAndAwake
 *fill*         0x2000001f        0x1 
 .data.impure_data
                0x20000020      0x428 d:/program files (x86)/gnu arm embedded toolchain/10 2021.07/bin/../lib/gcc/arm-none-eabi/10.3.1/../../../../arm-none-eabi/lib/thumb/v7-m/nofp\libc.a(lib_a-impure.o)
 .data.__atexit_recursive_mutex
                0x20000448        0x4 d:/program files (x86)/gnu arm embedded toolchain/10 2021.07/bin/../lib/gcc/arm-none-eabi/10.3.1/../../../../arm-none-eabi/lib/thumb/v7-m/nofp\libc.a(lib_a-__call_atexit.o)
                0x20000448                __atexit_recursive_mutex
                0x2000044c                . = ALIGN (0x4)
                0x2000044c                _edata = .

.igot.plt       0x2000044c        0x0 load address 0x080048c0
 .igot.plt      0x2000044c        0x0 d:/program files (x86)/gnu arm embedded toolchain/10 2021.07/bin/../lib/gcc/arm-none-eabi/10.3.1/thumb/v7-m/nofp/crtbegin.o
                0x2000044c                . = ALIGN (0x4)

.bss            0x2000044c      0x3d4 load address 0x080048c0
                0x2000044c                _sbss = .
                0x2000044c                __bss_start__ = _sbss
 *(.bss)
 .bss           0x2000044c       0x1c d:/program files (x86)/gnu arm embedded toolchain/10 2021.07/bin/../lib/gcc/arm-none-eabi/10.3.1/thumb/v7-m/nofp/crtbegin.o
 *(.bss*)
 .bss.angle_obj
                0x20000468        0x4 build/main.o
                0x20000468                angle_obj
 .bss.dis_obj   0x2000046c        0x4 build/main.o
                0x2000046c                dis_obj
 .bss.htim1     0x20000470       0x48 build/tim.o
                0x20000470                htim1
 .bss.htim2     0x200004b8       0x48 build/tim.o
                0x200004b8                htim2
 .bss.htim3     0x20000500       0x48 build/tim.o
                0x20000500                htim3
 .bss.htim4     0x20000548       0x48 build/tim.o
                0x20000548                htim4
 .bss.htim5     0x20000590       0x48 build/tim.o
                0x20000590                htim5
 .bss.htim8     0x200005d8       0x48 build/tim.o
                0x200005d8                htim8
 .bss.uwTick    0x20000620        0x4 build/stm32f1xx_hal.o
                0x20000620                uwTick
 .bss.hdma_usart1_rx
                0x20000624       0x44 build/usart.o
                0x20000624                hdma_usart1_rx
 .bss.hdma_usart2_rx
                0x20000668       0x44 build/usart.o
                0x20000668                hdma_usart2_rx
 .bss.huart1    0x200006ac       0x44 build/usart.o
                0x200006ac                huart1
 .bss.huart2    0x200006f0       0x44 build/usart.o
                0x200006f0                huart2
 .bss.Accelerate
                0x20000734        0xc build/jy62.o
                0x20000734                Accelerate
 .bss.Angle     0x20000740        0xc build/jy62.o
                0x20000740                Angle
 .bss.PrevLen   0x2000074c        0x1 build/jy62.o
                0x2000074c                PrevLen
 .bss.SuccLen   0x2000074d        0x1 build/jy62.o
                0x2000074d                SuccLen
 *fill*         0x2000074e        0x2 
 .bss.Temperature
                0x20000750        0x4 build/jy62.o
                0x20000750                Temperature
 .bss.Velocity  0x20000754        0xc build/jy62.o
                0x20000754                Velocity
 .bss.jy62Message
                0x20000760        0xb build/jy62.o
                0x20000760                jy62Message
 *fill*         0x2000076b        0x1 
 .bss.jy62PrevInfoHolder
                0x2000076c        0xb build/jy62.o
                0x2000076c                jy62PrevInfoHolder
 *fill*         0x20000777        0x1 
 .bss.jy62Receive
                0x20000778        0xb build/jy62.o
                0x20000778                jy62Receive
 *fill*         0x20000783        0x1 
 .bss.jy62_huart
                0x20000784        0x4 build/jy62.o
                0x20000784                jy62_huart
 .bss.zigbeeReceive
                0x20000788       0x90 build/zigbee.o
                0x20000788                zigbeeReceive
 .bss.zigbee_huart
                0x20000818        0x4 build/zigbee.o
                0x20000818                zigbee_huart
 .bss.__lock___atexit_recursive_mutex
                0x2000081c        0x1 d:/program files (x86)/gnu arm embedded toolchain/10 2021.07/bin/../lib/gcc/arm-none-eabi/10.3.1/../../../../arm-none-eabi/lib/thumb/v7-m/nofp\libc.a(lib_a-lock.o)
                0x2000081c                __lock___atexit_recursive_mutex
 *(COMMON)
                0x20000820                . = ALIGN (0x4)
 *fill*         0x2000081d        0x3 
                0x20000820                _ebss = .
                0x20000820                __bss_end__ = _ebss

._user_heap_stack
                0x20000820      0x600 load address 0x080048c0
                0x20000820                . = ALIGN (0x8)
                0x20000820                PROVIDE (end = .)
                [!provide]                PROVIDE (_end = .)
                0x20000a20                . = (. + _Min_Heap_Size)
 *fill*         0x20000820      0x200 
                0x20000e20                . = (. + _Min_Stack_Size)
 *fill*         0x20000a20      0x400 
                0x20000e20                . = ALIGN (0x8)

/DISCARD/
 libc.a(*)
 libm.a(*)
 libgcc.a(*)

.ARM.attributes
                0x00000000       0x29
 *(.ARM.attributes)
 .ARM.attributes
                0x00000000       0x1d d:/program files (x86)/gnu arm embedded toolchain/10 2021.07/bin/../lib/gcc/arm-none-eabi/10.3.1/thumb/v7-m/nofp/crti.o
 .ARM.attributes
                0x0000001d       0x2d d:/program files (x86)/gnu arm embedded toolchain/10 2021.07/bin/../lib/gcc/arm-none-eabi/10.3.1/thumb/v7-m/nofp/crtbegin.o
 .ARM.attributes
                0x0000004a       0x2d build/main.o
 .ARM.attributes
                0x00000077       0x2d build/gpio.o
 .ARM.attributes
                0x000000a4       0x2d build/tim.o
 .ARM.attributes
                0x000000d1       0x2d build/stm32f1xx_it.o
 .ARM.attributes
                0x000000fe       0x2d build/stm32f1xx_hal_msp.o
 .ARM.attributes
                0x0000012b       0x2d build/stm32f1xx_hal_tim.o
 .ARM.attributes
                0x00000158       0x2d build/stm32f1xx_hal_tim_ex.o
 .ARM.attributes
                0x00000185       0x2d build/stm32f1xx_hal.o
 .ARM.attributes
                0x000001b2       0x2d build/stm32f1xx_hal_rcc.o
 .ARM.attributes
                0x000001df       0x2d build/stm32f1xx_hal_gpio.o
 .ARM.attributes
                0x0000020c       0x2d build/stm32f1xx_hal_dma.o
 .ARM.attributes
                0x00000239       0x2d build/stm32f1xx_hal_cortex.o
 .ARM.attributes
                0x00000266       0x2d build/system_stm32f1xx.o
 .ARM.attributes
                0x00000293       0x2d build/usart.o
 .ARM.attributes
                0x000002c0       0x2d build/stm32f1xx_hal_uart.o
 .ARM.attributes
                0x000002ed       0x2d build/dma.o
 .ARM.attributes
                0x0000031a       0x2d build/jy62.o
 .ARM.attributes
                0x00000347       0x2d build/zigbee.o
 .ARM.attributes
                0x00000374       0x21 build/startup_stm32f103xe.o
 .ARM.attributes
                0x00000395       0x2d d:/program files (x86)/gnu arm embedded toolchain/10 2021.07/bin/../lib/gcc/arm-none-eabi/10.3.1/../../../../arm-none-eabi/lib/thumb/v7-m/nofp\libc.a(lib_a-impure.o)
 .ARM.attributes
                0x000003c2       0x2d d:/program files (x86)/gnu arm embedded toolchain/10 2021.07/bin/../lib/gcc/arm-none-eabi/10.3.1/../../../../arm-none-eabi/lib/thumb/v7-m/nofp\libc.a(lib_a-init.o)
 .ARM.attributes
                0x000003ef       0x2d d:/program files (x86)/gnu arm embedded toolchain/10 2021.07/bin/../lib/gcc/arm-none-eabi/10.3.1/../../../../arm-none-eabi/lib/thumb/v7-m/nofp\libc.a(lib_a-memset.o)
 .ARM.attributes
                0x0000041c       0x2d d:/program files (x86)/gnu arm embedded toolchain/10 2021.07/bin/../lib/gcc/arm-none-eabi/10.3.1/../../../../arm-none-eabi/lib/thumb/v7-m/nofp\libc.a(lib_a-__call_atexit.o)
 .ARM.attributes
                0x00000449       0x2d d:/program files (x86)/gnu arm embedded toolchain/10 2021.07/bin/../lib/gcc/arm-none-eabi/10.3.1/../../../../arm-none-eabi/lib/thumb/v7-m/nofp\libc.a(lib_a-atexit.o)
 .ARM.attributes
                0x00000476       0x2d d:/program files (x86)/gnu arm embedded toolchain/10 2021.07/bin/../lib/gcc/arm-none-eabi/10.3.1/../../../../arm-none-eabi/lib/thumb/v7-m/nofp\libc.a(lib_a-fini.o)
 .ARM.attributes
                0x000004a3       0x2d d:/program files (x86)/gnu arm embedded toolchain/10 2021.07/bin/../lib/gcc/arm-none-eabi/10.3.1/../../../../arm-none-eabi/lib/thumb/v7-m/nofp\libc.a(lib_a-lock.o)
 .ARM.attributes
                0x000004d0       0x2d d:/program files (x86)/gnu arm embedded toolchain/10 2021.07/bin/../lib/gcc/arm-none-eabi/10.3.1/../../../../arm-none-eabi/lib/thumb/v7-m/nofp\libc.a(lib_a-__atexit.o)
 .ARM.attributes
                0x000004fd       0x1d d:/program files (x86)/gnu arm embedded toolchain/10 2021.07/bin/../lib/gcc/arm-none-eabi/10.3.1/thumb/v7-m/nofp\libgcc.a(_arm_mulsf3.o)
 .ARM.attributes
                0x0000051a       0x1d d:/program files (x86)/gnu arm embedded toolchain/10 2021.07/bin/../lib/gcc/arm-none-eabi/10.3.1/thumb/v7-m/nofp\libgcc.a(_arm_addsubdf3.o)
 .ARM.attributes
                0x00000537       0x1d d:/program files (x86)/gnu arm embedded toolchain/10 2021.07/bin/../lib/gcc/arm-none-eabi/10.3.1/thumb/v7-m/nofp\libgcc.a(_arm_muldivdf3.o)
 .ARM.attributes
                0x00000554       0x1d d:/program files (x86)/gnu arm embedded toolchain/10 2021.07/bin/../lib/gcc/arm-none-eabi/10.3.1/thumb/v7-m/nofp\libgcc.a(_arm_cmpdf2.o)
 .ARM.attributes
                0x00000571       0x1d d:/program files (x86)/gnu arm embedded toolchain/10 2021.07/bin/../lib/gcc/arm-none-eabi/10.3.1/thumb/v7-m/nofp\libgcc.a(_arm_truncdfsf2.o)
 .ARM.attributes
                0x0000058e       0x1d d:/program files (x86)/gnu arm embedded toolchain/10 2021.07/bin/../lib/gcc/arm-none-eabi/10.3.1/thumb/v7-m/nofp\libgcc.a(_arm_addsubsf3.o)
 .ARM.attributes
                0x000005ab       0x1d d:/program files (x86)/gnu arm embedded toolchain/10 2021.07/bin/../lib/gcc/arm-none-eabi/10.3.1/thumb/v7-m/nofp\libgcc.a(_arm_cmpsf2.o)
 .ARM.attributes
                0x000005c8       0x1d d:/program files (x86)/gnu arm embedded toolchain/10 2021.07/bin/../lib/gcc/arm-none-eabi/10.3.1/thumb/v7-m/nofp/crtn.o
OUTPUT(build/Lesson4.elf elf32-littlearm)
LOAD linker stubs
LOAD d:/program files (x86)/gnu arm embedded toolchain/10 2021.07/bin/../lib/gcc/arm-none-eabi/10.3.1/../../../../arm-none-eabi/lib/thumb/v7-m/nofp\libc.a
LOAD d:/program files (x86)/gnu arm embedded toolchain/10 2021.07/bin/../lib/gcc/arm-none-eabi/10.3.1/../../../../arm-none-eabi/lib/thumb/v7-m/nofp\libm.a
LOAD d:/program files (x86)/gnu arm embedded toolchain/10 2021.07/bin/../lib/gcc/arm-none-eabi/10.3.1/thumb/v7-m/nofp\libgcc.a

.debug_info     0x00000000    0x12159
 .debug_info    0x00000000     0x203a build/main.o
 .debug_info    0x0000203a      0x34a build/gpio.o
 .debug_info    0x00002384     0x1771 build/tim.o
 .debug_info    0x00003af5      0xb36 build/stm32f1xx_it.o
 .debug_info    0x0000462b      0x238 build/stm32f1xx_hal_msp.o
 .debug_info    0x00004863     0x3df8 build/stm32f1xx_hal_tim.o
 .debug_info    0x0000865b     0x1b67 build/stm32f1xx_hal_tim_ex.o
 .debug_info    0x0000a1c2      0x8bb build/stm32f1xx_hal.o
 .debug_info    0x0000aa7d      0xaec build/stm32f1xx_hal_rcc.o
 .debug_info    0x0000b569      0x6d7 build/stm32f1xx_hal_gpio.o
 .debug_info    0x0000bc40      0x8ba build/stm32f1xx_hal_dma.o
 .debug_info    0x0000c4fa      0xe93 build/stm32f1xx_hal_cortex.o
 .debug_info    0x0000d38d      0x26e build/system_stm32f1xx.o
 .debug_info    0x0000d5fb      0xfa5 build/usart.o
 .debug_info    0x0000e5a0     0x1e12 build/stm32f1xx_hal_uart.o
 .debug_info    0x000103b2      0x3ab build/dma.o
 .debug_info    0x0001075d      0xe08 build/jy62.o
 .debug_info    0x00011565      0xbd2 build/zigbee.o
 .debug_info    0x00012137       0x22 build/startup_stm32f103xe.o

.debug_abbrev   0x00000000     0x271f
 .debug_abbrev  0x00000000      0x365 build/main.o
 .debug_abbrev  0x00000365      0x13f build/gpio.o
 .debug_abbrev  0x000004a4      0x246 build/tim.o
 .debug_abbrev  0x000006ea      0x198 build/stm32f1xx_it.o
 .debug_abbrev  0x00000882       0xe7 build/stm32f1xx_hal_msp.o
 .debug_abbrev  0x00000969      0x296 build/stm32f1xx_hal_tim.o
 .debug_abbrev  0x00000bff      0x298 build/stm32f1xx_hal_tim_ex.o
 .debug_abbrev  0x00000e97      0x1f7 build/stm32f1xx_hal.o
 .debug_abbrev  0x0000108e      0x29a build/stm32f1xx_hal_rcc.o
 .debug_abbrev  0x00001328      0x222 build/stm32f1xx_hal_gpio.o
 .debug_abbrev  0x0000154a      0x262 build/stm32f1xx_hal_dma.o
 .debug_abbrev  0x000017ac      0x359 build/stm32f1xx_hal_cortex.o
 .debug_abbrev  0x00001b05      0x140 build/system_stm32f1xx.o
 .debug_abbrev  0x00001c45      0x2ec build/usart.o
 .debug_abbrev  0x00001f31      0x2ab build/stm32f1xx_hal_uart.o
 .debug_abbrev  0x000021dc      0x117 build/dma.o
 .debug_abbrev  0x000022f3      0x204 build/jy62.o
 .debug_abbrev  0x000024f7      0x216 build/zigbee.o
 .debug_abbrev  0x0000270d       0x12 build/startup_stm32f103xe.o

.debug_loc      0x00000000     0xd2f6
 .debug_loc     0x00000000      0x733 build/main.o
 .debug_loc     0x00000733       0x38 build/gpio.o
 .debug_loc     0x0000076b      0x4ef build/tim.o
 .debug_loc     0x00000c5a       0xc0 build/stm32f1xx_it.o
 .debug_loc     0x00000d1a       0x41 build/stm32f1xx_hal_msp.o
 .debug_loc     0x00000d5b     0x5280 build/stm32f1xx_hal_tim.o
 .debug_loc     0x00005fdb     0x1f72 build/stm32f1xx_hal_tim_ex.o
 .debug_loc     0x00007f4d      0x1e1 build/stm32f1xx_hal.o
 .debug_loc     0x0000812e      0x7ee build/stm32f1xx_hal_rcc.o
 .debug_loc     0x0000891c      0x551 build/stm32f1xx_hal_gpio.o
 .debug_loc     0x00008e6d      0x8ea build/stm32f1xx_hal_dma.o
 .debug_loc     0x00009757      0x77f build/stm32f1xx_hal_cortex.o
 .debug_loc     0x00009ed6       0xff build/system_stm32f1xx.o
 .debug_loc     0x00009fd5      0x2e8 build/usart.o
 .debug_loc     0x0000a2bd     0x267b build/stm32f1xx_hal_uart.o
 .debug_loc     0x0000c938       0x38 build/dma.o
 .debug_loc     0x0000c970      0x2c1 build/jy62.o
 .debug_loc     0x0000cc31      0x6c5 build/zigbee.o

.debug_aranges  0x00000000      0xe68
 .debug_aranges
                0x00000000       0x88 build/main.o
 .debug_aranges
                0x00000088       0x20 build/gpio.o
 .debug_aranges
                0x000000a8       0x70 build/tim.o
 .debug_aranges
                0x00000118       0x88 build/stm32f1xx_it.o
 .debug_aranges
                0x000001a0       0x20 build/stm32f1xx_hal_msp.o
 .debug_aranges
                0x000001c0      0x3d0 build/stm32f1xx_hal_tim.o
 .debug_aranges
                0x00000590      0x168 build/stm32f1xx_hal_tim_ex.o
 .debug_aranges
                0x000006f8       0xe0 build/stm32f1xx_hal.o
 .debug_aranges
                0x000007d8       0x90 build/stm32f1xx_hal_rcc.o
 .debug_aranges
                0x00000868       0x58 build/stm32f1xx_hal_gpio.o
 .debug_aranges
                0x000008c0       0x80 build/stm32f1xx_hal_dma.o
 .debug_aranges
                0x00000940       0x90 build/stm32f1xx_hal_cortex.o
 .debug_aranges
                0x000009d0       0x28 build/system_stm32f1xx.o
 .debug_aranges
                0x000009f8       0x58 build/usart.o
 .debug_aranges
                0x00000a50      0x200 build/stm32f1xx_hal_uart.o
 .debug_aranges
                0x00000c50       0x20 build/dma.o
 .debug_aranges
                0x00000c70       0xd0 build/jy62.o
 .debug_aranges
                0x00000d40      0x100 build/zigbee.o
 .debug_aranges
                0x00000e40       0x28 build/startup_stm32f103xe.o

.debug_ranges   0x00000000      0xe08
 .debug_ranges  0x00000000       0x90 build/main.o
 .debug_ranges  0x00000090       0x10 build/gpio.o
 .debug_ranges  0x000000a0       0x60 build/tim.o
 .debug_ranges  0x00000100       0x78 build/stm32f1xx_it.o
 .debug_ranges  0x00000178       0x10 build/stm32f1xx_hal_msp.o
 .debug_ranges  0x00000188      0x3c0 build/stm32f1xx_hal_tim.o
 .debug_ranges  0x00000548      0x158 build/stm32f1xx_hal_tim_ex.o
 .debug_ranges  0x000006a0       0xd0 build/stm32f1xx_hal.o
 .debug_ranges  0x00000770       0xa0 build/stm32f1xx_hal_rcc.o
 .debug_ranges  0x00000810       0x48 build/stm32f1xx_hal_gpio.o
 .debug_ranges  0x00000858       0x70 build/stm32f1xx_hal_dma.o
 .debug_ranges  0x000008c8       0xe0 build/stm32f1xx_hal_cortex.o
 .debug_ranges  0x000009a8       0x18 build/system_stm32f1xx.o
 .debug_ranges  0x000009c0       0x48 build/usart.o
 .debug_ranges  0x00000a08      0x1f0 build/stm32f1xx_hal_uart.o
 .debug_ranges  0x00000bf8       0x10 build/dma.o
 .debug_ranges  0x00000c08       0xf0 build/jy62.o
 .debug_ranges  0x00000cf8       0xf0 build/zigbee.o
 .debug_ranges  0x00000de8       0x20 build/startup_stm32f103xe.o

.debug_line     0x00000000     0xdea6
 .debug_line    0x00000000      0x86c build/main.o
 .debug_line    0x0000086c      0x1d0 build/gpio.o
 .debug_line    0x00000a3c      0x8df build/tim.o
 .debug_line    0x0000131b      0x35f build/stm32f1xx_it.o
 .debug_line    0x0000167a      0x175 build/stm32f1xx_hal_msp.o
 .debug_line    0x000017ef     0x4735 build/stm32f1xx_hal_tim.o
 .debug_line    0x00005f24     0x1bbe build/stm32f1xx_hal_tim_ex.o
 .debug_line    0x00007ae2      0x526 build/stm32f1xx_hal.o
 .debug_line    0x00008008      0xc24 build/stm32f1xx_hal_rcc.o
 .debug_line    0x00008c2c      0x5ef build/stm32f1xx_hal_gpio.o
 .debug_line    0x0000921b      0xce3 build/stm32f1xx_hal_dma.o
 .debug_line    0x00009efe      0x631 build/stm32f1xx_hal_cortex.o
 .debug_line    0x0000a52f      0x23e build/system_stm32f1xx.o
 .debug_line    0x0000a76d      0x651 build/usart.o
 .debug_line    0x0000adbe     0x20b3 build/stm32f1xx_hal_uart.o
 .debug_line    0x0000ce71      0x199 build/dma.o
 .debug_line    0x0000d00a      0x68a build/jy62.o
 .debug_line    0x0000d694      0x79d build/zigbee.o
 .debug_line    0x0000de31       0x75 build/startup_stm32f103xe.o

.debug_str      0x00000000     0x3f59
 .debug_str     0x00000000      0xd11 build/main.o
                                0xdec (size before relaxing)
 .debug_str     0x00000d11       0x90 build/gpio.o
                                0x248 (size before relaxing)
 .debug_str     0x00000da1      0x7b1 build/tim.o
                                0xf30 (size before relaxing)
 .debug_str     0x00001552      0x175 build/stm32f1xx_it.o
                                0x985 (size before relaxing)
 .debug_str     0x000016c7       0x29 build/stm32f1xx_hal_msp.o
                                0x1ea (size before relaxing)
 .debug_str     0x000016f0      0xcd8 build/stm32f1xx_hal_tim.o
                               0x1603 (size before relaxing)
 .debug_str     0x000023c8      0x46f build/stm32f1xx_hal_tim_ex.o
                                0xe04 (size before relaxing)
 .debug_str     0x00002837      0x309 build/stm32f1xx_hal.o
                                0x8d3 (size before relaxing)
 .debug_str     0x00002b40      0x1fe build/stm32f1xx_hal_rcc.o
                                0x5f6 (size before relaxing)
 .debug_str     0x00002d3e      0x117 build/stm32f1xx_hal_gpio.o
                                0x3cb (size before relaxing)
 .debug_str     0x00002e55      0x1f7 build/stm32f1xx_hal_dma.o
                                0x5c8 (size before relaxing)
 .debug_str     0x0000304c      0x39b build/stm32f1xx_hal_cortex.o
                                0x982 (size before relaxing)
 .debug_str     0x000033e7       0x4f build/system_stm32f1xx.o
                                0x21f (size before relaxing)
 .debug_str     0x00003436      0x12d build/usart.o
                                0xbd8 (size before relaxing)
 .debug_str     0x00003563      0x578 build/stm32f1xx_hal_uart.o
                                0xc59 (size before relaxing)
 .debug_str     0x00003adb        0xf build/dma.o
                                0x58f (size before relaxing)
 .debug_str     0x00003aea      0x1ce build/jy62.o
                                0x7f5 (size before relaxing)
 .debug_str     0x00003cb8      0x27d build/zigbee.o
                                0x81b (size before relaxing)
 .debug_str     0x00003f35       0x24 build/startup_stm32f103xe.o
                                 0x3e (size before relaxing)

.comment        0x00000000       0x49
 .comment       0x00000000       0x49 build/main.o
                                 0x4a (size before relaxing)
 .comment       0x00000049       0x4a build/gpio.o
 .comment       0x00000049       0x4a build/tim.o
 .comment       0x00000049       0x4a build/stm32f1xx_it.o
 .comment       0x00000049       0x4a build/stm32f1xx_hal_msp.o
 .comment       0x00000049       0x4a build/stm32f1xx_hal_tim.o
 .comment       0x00000049       0x4a build/stm32f1xx_hal_tim_ex.o
 .comment       0x00000049       0x4a build/stm32f1xx_hal.o
 .comment       0x00000049       0x4a build/stm32f1xx_hal_rcc.o
 .comment       0x00000049       0x4a build/stm32f1xx_hal_gpio.o
 .comment       0x00000049       0x4a build/stm32f1xx_hal_dma.o
 .comment       0x00000049       0x4a build/stm32f1xx_hal_cortex.o
 .comment       0x00000049       0x4a build/system_stm32f1xx.o
 .comment       0x00000049       0x4a build/usart.o
 .comment       0x00000049       0x4a build/stm32f1xx_hal_uart.o
 .comment       0x00000049       0x4a build/dma.o
 .comment       0x00000049       0x4a build/jy62.o
 .comment       0x00000049       0x4a build/zigbee.o

.debug_frame    0x00000000     0x2a3c
 .debug_frame   0x00000000      0x1a0 build/main.o
 .debug_frame   0x000001a0       0x30 build/gpio.o
 .debug_frame   0x000001d0      0x164 build/tim.o
 .debug_frame   0x00000334      0x120 build/stm32f1xx_it.o
 .debug_frame   0x00000454       0x28 build/stm32f1xx_hal_msp.o
 .debug_frame   0x0000047c      0xb04 build/stm32f1xx_hal_tim.o
 .debug_frame   0x00000f80      0x40c build/stm32f1xx_hal_tim_ex.o
 .debug_frame   0x0000138c      0x1cc build/stm32f1xx_hal.o
 .debug_frame   0x00001558      0x190 build/stm32f1xx_hal_rcc.o
 .debug_frame   0x000016e8       0xe4 build/stm32f1xx_hal_gpio.o
 .debug_frame   0x000017cc      0x140 build/stm32f1xx_hal_dma.o
 .debug_frame   0x0000190c      0x118 build/stm32f1xx_hal_cortex.o
 .debug_frame   0x00001a24       0x30 build/system_stm32f1xx.o
 .debug_frame   0x00001a54      0x100 build/usart.o
 .debug_frame   0x00001b54      0x5c4 build/stm32f1xx_hal_uart.o
 .debug_frame   0x00002118       0x2c build/dma.o
 .debug_frame   0x00002144      0x1f4 build/jy62.o
 .debug_frame   0x00002338      0x1fc build/zigbee.o
 .debug_frame   0x00002534       0x2c d:/program files (x86)/gnu arm embedded toolchain/10 2021.07/bin/../lib/gcc/arm-none-eabi/10.3.1/../../../../arm-none-eabi/lib/thumb/v7-m/nofp\libc.a(lib_a-init.o)
 .debug_frame   0x00002560       0x2c d:/program files (x86)/gnu arm embedded toolchain/10 2021.07/bin/../lib/gcc/arm-none-eabi/10.3.1/../../../../arm-none-eabi/lib/thumb/v7-m/nofp\libc.a(lib_a-memset.o)
 .debug_frame   0x0000258c       0x5c d:/program files (x86)/gnu arm embedded toolchain/10 2021.07/bin/../lib/gcc/arm-none-eabi/10.3.1/../../../../arm-none-eabi/lib/thumb/v7-m/nofp\libc.a(lib_a-__call_atexit.o)
 .debug_frame   0x000025e8       0x20 d:/program files (x86)/gnu arm embedded toolchain/10 2021.07/bin/../lib/gcc/arm-none-eabi/10.3.1/../../../../arm-none-eabi/lib/thumb/v7-m/nofp\libc.a(lib_a-atexit.o)
 .debug_frame   0x00002608       0x34 d:/program files (x86)/gnu arm embedded toolchain/10 2021.07/bin/../lib/gcc/arm-none-eabi/10.3.1/../../../../arm-none-eabi/lib/thumb/v7-m/nofp\libc.a(lib_a-fini.o)
 .debug_frame   0x0000263c       0xb0 d:/program files (x86)/gnu arm embedded toolchain/10 2021.07/bin/../lib/gcc/arm-none-eabi/10.3.1/../../../../arm-none-eabi/lib/thumb/v7-m/nofp\libc.a(lib_a-lock.o)
 .debug_frame   0x000026ec       0x34 d:/program files (x86)/gnu arm embedded toolchain/10 2021.07/bin/../lib/gcc/arm-none-eabi/10.3.1/../../../../arm-none-eabi/lib/thumb/v7-m/nofp\libc.a(lib_a-__atexit.o)
 .debug_frame   0x00002720       0x24 d:/program files (x86)/gnu arm embedded toolchain/10 2021.07/bin/../lib/gcc/arm-none-eabi/10.3.1/thumb/v7-m/nofp\libgcc.a(_arm_mulsf3.o)
 .debug_frame   0x00002744       0xac d:/program files (x86)/gnu arm embedded toolchain/10 2021.07/bin/../lib/gcc/arm-none-eabi/10.3.1/thumb/v7-m/nofp\libgcc.a(_arm_addsubdf3.o)
 .debug_frame   0x000027f0       0x50 d:/program files (x86)/gnu arm embedded toolchain/10 2021.07/bin/../lib/gcc/arm-none-eabi/10.3.1/thumb/v7-m/nofp\libgcc.a(_arm_muldivdf3.o)
 .debug_frame   0x00002840       0xc4 d:/program files (x86)/gnu arm embedded toolchain/10 2021.07/bin/../lib/gcc/arm-none-eabi/10.3.1/thumb/v7-m/nofp\libgcc.a(_arm_cmpdf2.o)
 .debug_frame   0x00002904       0x24 d:/program files (x86)/gnu arm embedded toolchain/10 2021.07/bin/../lib/gcc/arm-none-eabi/10.3.1/thumb/v7-m/nofp\libgcc.a(_arm_truncdfsf2.o)
 .debug_frame   0x00002928       0x4c d:/program files (x86)/gnu arm embedded toolchain/10 2021.07/bin/../lib/gcc/arm-none-eabi/10.3.1/thumb/v7-m/nofp\libgcc.a(_arm_addsubsf3.o)
 .debug_frame   0x00002974       0xc8 d:/program files (x86)/gnu arm embedded toolchain/10 2021.07/bin/../lib/gcc/arm-none-eabi/10.3.1/thumb/v7-m/nofp\libgcc.a(_arm_cmpsf2.o)

.stabstr        0x00000000      0x1b9
 .stabstr       0x00000000      0x1b9 d:/program files (x86)/gnu arm embedded toolchain/10 2021.07/bin/../lib/gcc/arm-none-eabi/10.3.1/../../../../arm-none-eabi/lib/thumb/v7-m/nofp\libnosys.a(close.o)

Cross Reference Table

Symbol                                            File
ADC1_2_IRQHandler                                 build/startup_stm32f103xe.o
ADC3_IRQHandler                                   build/startup_stm32f103xe.o
AHBPrescTable                                     build/system_stm32f1xx.o
                                                  build/stm32f1xx_hal_rcc.o
APBPrescTable                                     build/system_stm32f1xx.o
                                                  build/stm32f1xx_hal_rcc.o
ATAN_LUT                                          build/main.o
Abs                                               build/main.o
Accelerate                                        build/jy62.o
Angle                                             build/jy62.o
BusFault_Handler                                  build/stm32f1xx_it.o
CAN1_RX1_IRQHandler                               build/startup_stm32f103xe.o
CAN1_SCE_IRQHandler                               build/startup_stm32f103xe.o
Calibrate                                         build/jy62.o
                                                  build/main.o
DMA1_Channel1_IRQHandler                          build/startup_stm32f103xe.o
DMA1_Channel2_IRQHandler                          build/startup_stm32f103xe.o
DMA1_Channel3_IRQHandler                          build/startup_stm32f103xe.o
DMA1_Channel4_IRQHandler                          build/startup_stm32f103xe.o
DMA1_Channel5_IRQHandler                          build/stm32f1xx_it.o
DMA1_Channel6_IRQHandler                          build/stm32f1xx_it.o
DMA1_Channel7_IRQHandler                          build/startup_stm32f103xe.o
DMA2_Channel1_IRQHandler                          build/startup_stm32f103xe.o
DMA2_Channel2_IRQHandler                          build/startup_stm32f103xe.o
DMA2_Channel3_IRQHandler                          build/startup_stm32f103xe.o
DMA2_Channel4_5_IRQHandler                        build/startup_stm32f103xe.o
DebugMon_Handler                                  build/stm32f1xx_it.o
Decode                                            build/jy62.o
DecodeAccelerate                                  build/jy62.o
DecodeAngle                                       build/jy62.o
DecodeTemperature                                 build/jy62.o
DecodeVelocity                                    build/jy62.o
Default_Handler                                   build/startup_stm32f103xe.o
EXTI0_IRQHandler                                  build/startup_stm32f103xe.o
EXTI15_10_IRQHandler                              build/startup_stm32f103xe.o
EXTI1_IRQHandler                                  build/startup_stm32f103xe.o
EXTI2_IRQHandler                                  build/startup_stm32f103xe.o
EXTI3_IRQHandler                                  build/startup_stm32f103xe.o
EXTI4_IRQHandler                                  build/startup_stm32f103xe.o
EXTI9_5_IRQHandler                                build/startup_stm32f103xe.o
Error_Handler                                     build/main.o
                                                  build/usart.o
                                                  build/tim.o
FLASH_IRQHandler                                  build/startup_stm32f103xe.o
FLASH_PageErase                                   build/stm32f1xx_hal_flash_ex.o
                                                  build/stm32f1xx_hal_flash.o
FLASH_WaitForLastOperation                        build/stm32f1xx_hal_flash.o
                                                  build/stm32f1xx_hal_flash_ex.o
FSMC_IRQHandler                                   build/startup_stm32f103xe.o
GetAccX                                           build/jy62.o
GetAccY                                           build/jy62.o
GetAccZ                                           build/jy62.o
GetPitch                                          build/jy62.o
GetRoll                                           build/jy62.o
GetTemperature                                    build/jy62.o
GetVeloX                                          build/jy62.o
GetVeloY                                          build/jy62.o
GetVeloZ                                          build/jy62.o
GetYaw                                            build/jy62.o
                                                  build/main.o
HAL_DBGMCU_DisableDBGSleepMode                    build/stm32f1xx_hal.o
HAL_DBGMCU_DisableDBGStandbyMode                  build/stm32f1xx_hal.o
HAL_DBGMCU_DisableDBGStopMode                     build/stm32f1xx_hal.o
HAL_DBGMCU_EnableDBGSleepMode                     build/stm32f1xx_hal.o
HAL_DBGMCU_EnableDBGStandbyMode                   build/stm32f1xx_hal.o
HAL_DBGMCU_EnableDBGStopMode                      build/stm32f1xx_hal.o
HAL_DMA_Abort                                     build/stm32f1xx_hal_dma.o
                                                  build/stm32f1xx_hal_uart.o
HAL_DMA_Abort_IT                                  build/stm32f1xx_hal_dma.o
                                                  build/stm32f1xx_hal_uart.o
                                                  build/stm32f1xx_hal_tim_ex.o
                                                  build/stm32f1xx_hal_tim.o
HAL_DMA_DeInit                                    build/stm32f1xx_hal_dma.o
                                                  build/usart.o
HAL_DMA_GetError                                  build/stm32f1xx_hal_dma.o
                                                  build/stm32f1xx_hal_uart.o
HAL_DMA_GetState                                  build/stm32f1xx_hal_dma.o
HAL_DMA_IRQHandler                                build/stm32f1xx_hal_dma.o
                                                  build/stm32f1xx_it.o
HAL_DMA_Init                                      build/stm32f1xx_hal_dma.o
                                                  build/usart.o
HAL_DMA_PollForTransfer                           build/stm32f1xx_hal_dma.o
HAL_DMA_RegisterCallback                          build/stm32f1xx_hal_dma.o
HAL_DMA_Start                                     build/stm32f1xx_hal_dma.o
HAL_DMA_Start_IT                                  build/stm32f1xx_hal_dma.o
                                                  build/stm32f1xx_hal_uart.o
                                                  build/stm32f1xx_hal_tim_ex.o
                                                  build/stm32f1xx_hal_tim.o
HAL_DMA_UnRegisterCallback                        build/stm32f1xx_hal_dma.o
HAL_DeInit                                        build/stm32f1xx_hal.o
HAL_Delay                                         build/stm32f1xx_hal.o
HAL_EXTI_ClearConfigLine                          build/stm32f1xx_hal_exti.o
HAL_EXTI_ClearPending                             build/stm32f1xx_hal_exti.o
HAL_EXTI_GenerateSWI                              build/stm32f1xx_hal_exti.o
HAL_EXTI_GetConfigLine                            build/stm32f1xx_hal_exti.o
HAL_EXTI_GetHandle                                build/stm32f1xx_hal_exti.o
HAL_EXTI_GetPending                               build/stm32f1xx_hal_exti.o
HAL_EXTI_IRQHandler                               build/stm32f1xx_hal_exti.o
HAL_EXTI_RegisterCallback                         build/stm32f1xx_hal_exti.o
HAL_EXTI_SetConfigLine                            build/stm32f1xx_hal_exti.o
HAL_FLASHEx_Erase                                 build/stm32f1xx_hal_flash_ex.o
HAL_FLASHEx_Erase_IT                              build/stm32f1xx_hal_flash_ex.o
HAL_FLASHEx_OBErase                               build/stm32f1xx_hal_flash_ex.o
HAL_FLASHEx_OBGetConfig                           build/stm32f1xx_hal_flash_ex.o
HAL_FLASHEx_OBGetUserData                         build/stm32f1xx_hal_flash_ex.o
HAL_FLASHEx_OBProgram                             build/stm32f1xx_hal_flash_ex.o
HAL_FLASH_EndOfOperationCallback                  build/stm32f1xx_hal_flash.o
HAL_FLASH_GetError                                build/stm32f1xx_hal_flash.o
HAL_FLASH_IRQHandler                              build/stm32f1xx_hal_flash.o
HAL_FLASH_Lock                                    build/stm32f1xx_hal_flash.o
HAL_FLASH_OB_Launch                               build/stm32f1xx_hal_flash.o
HAL_FLASH_OB_Lock                                 build/stm32f1xx_hal_flash.o
HAL_FLASH_OB_Unlock                               build/stm32f1xx_hal_flash.o
HAL_FLASH_OperationErrorCallback                  build/stm32f1xx_hal_flash.o
HAL_FLASH_Program                                 build/stm32f1xx_hal_flash.o
HAL_FLASH_Program_IT                              build/stm32f1xx_hal_flash.o
HAL_FLASH_Unlock                                  build/stm32f1xx_hal_flash.o
HAL_GPIOEx_ConfigEventout                         build/stm32f1xx_hal_gpio_ex.o
HAL_GPIOEx_DisableEventout                        build/stm32f1xx_hal_gpio_ex.o
HAL_GPIOEx_EnableEventout                         build/stm32f1xx_hal_gpio_ex.o
HAL_GPIO_DeInit                                   build/stm32f1xx_hal_gpio.o
                                                  build/usart.o
                                                  build/tim.o
HAL_GPIO_EXTI_Callback                            build/stm32f1xx_hal_gpio.o
HAL_GPIO_EXTI_IRQHandler                          build/stm32f1xx_hal_gpio.o
HAL_GPIO_Init                                     build/stm32f1xx_hal_gpio.o
                                                  build/usart.o
                                                  build/stm32f1xx_hal_rcc.o
                                                  build/tim.o
                                                  build/gpio.o
HAL_GPIO_LockPin                                  build/stm32f1xx_hal_gpio.o
HAL_GPIO_ReadPin                                  build/stm32f1xx_hal_gpio.o
HAL_GPIO_TogglePin                                build/stm32f1xx_hal_gpio.o
HAL_GPIO_WritePin                                 build/stm32f1xx_hal_gpio.o
                                                  build/gpio.o
                                                  build/main.o
HAL_GetDEVID                                      build/stm32f1xx_hal.o
HAL_GetHalVersion                                 build/stm32f1xx_hal.o
HAL_GetREVID                                      build/stm32f1xx_hal.o
HAL_GetTick                                       build/stm32f1xx_hal.o
                                                  build/stm32f1xx_hal_uart.o
                                                  build/stm32f1xx_hal_flash.o
                                                  build/stm32f1xx_hal_dma.o
                                                  build/stm32f1xx_hal_rcc_ex.o
                                                  build/stm32f1xx_hal_rcc.o
HAL_GetTickFreq                                   build/stm32f1xx_hal.o
HAL_GetTickPrio                                   build/stm32f1xx_hal.o
HAL_GetUIDw0                                      build/stm32f1xx_hal.o
HAL_GetUIDw1                                      build/stm32f1xx_hal.o
HAL_GetUIDw2                                      build/stm32f1xx_hal.o
HAL_HalfDuplex_EnableReceiver                     build/stm32f1xx_hal_uart.o
HAL_HalfDuplex_EnableTransmitter                  build/stm32f1xx_hal_uart.o
HAL_HalfDuplex_Init                               build/stm32f1xx_hal_uart.o
HAL_IncTick                                       build/stm32f1xx_hal.o
                                                  build/stm32f1xx_it.o
HAL_Init                                          build/stm32f1xx_hal.o
                                                  build/main.o
HAL_InitTick                                      build/stm32f1xx_hal.o
                                                  build/stm32f1xx_hal_rcc.o
HAL_LIN_Init                                      build/stm32f1xx_hal_uart.o
HAL_LIN_SendBreak                                 build/stm32f1xx_hal_uart.o
HAL_MspDeInit                                     build/stm32f1xx_hal.o
HAL_MspInit                                       build/stm32f1xx_hal_msp.o
HAL_MultiProcessor_EnterMuteMode                  build/stm32f1xx_hal_uart.o
HAL_MultiProcessor_ExitMuteMode                   build/stm32f1xx_hal_uart.o
HAL_MultiProcessor_Init                           build/stm32f1xx_hal_uart.o
HAL_NVIC_ClearPendingIRQ                          build/stm32f1xx_hal_cortex.o
HAL_NVIC_DisableIRQ                               build/stm32f1xx_hal_cortex.o
                                                  build/usart.o
                                                  build/tim.o
HAL_NVIC_EnableIRQ                                build/stm32f1xx_hal_cortex.o
                                                  build/dma.o
                                                  build/usart.o
                                                  build/tim.o
HAL_NVIC_GetActive                                build/stm32f1xx_hal_cortex.o
HAL_NVIC_GetPendingIRQ                            build/stm32f1xx_hal_cortex.o
HAL_NVIC_GetPriority                              build/stm32f1xx_hal_cortex.o
HAL_NVIC_GetPriorityGrouping                      build/stm32f1xx_hal_cortex.o
HAL_NVIC_SetPendingIRQ                            build/stm32f1xx_hal_cortex.o
HAL_NVIC_SetPriority                              build/stm32f1xx_hal_cortex.o
                                                  build/dma.o
                                                  build/usart.o
                                                  build/stm32f1xx_hal.o
                                                  build/tim.o
HAL_NVIC_SetPriorityGrouping                      build/stm32f1xx_hal_cortex.o
                                                  build/stm32f1xx_hal.o
HAL_NVIC_SystemReset                              build/stm32f1xx_hal_cortex.o
                                                  build/stm32f1xx_hal_flash.o
HAL_PWR_ConfigPVD                                 build/stm32f1xx_hal_pwr.o
HAL_PWR_DeInit                                    build/stm32f1xx_hal_pwr.o
HAL_PWR_DisableBkUpAccess                         build/stm32f1xx_hal_pwr.o
HAL_PWR_DisablePVD                                build/stm32f1xx_hal_pwr.o
HAL_PWR_DisableSEVOnPend                          build/stm32f1xx_hal_pwr.o
HAL_PWR_DisableSleepOnExit                        build/stm32f1xx_hal_pwr.o
HAL_PWR_DisableWakeUpPin                          build/stm32f1xx_hal_pwr.o
HAL_PWR_EnableBkUpAccess                          build/stm32f1xx_hal_pwr.o
HAL_PWR_EnablePVD                                 build/stm32f1xx_hal_pwr.o
HAL_PWR_EnableSEVOnPend                           build/stm32f1xx_hal_pwr.o
HAL_PWR_EnableSleepOnExit                         build/stm32f1xx_hal_pwr.o
HAL_PWR_EnableWakeUpPin                           build/stm32f1xx_hal_pwr.o
HAL_PWR_EnterSLEEPMode                            build/stm32f1xx_hal_pwr.o
HAL_PWR_EnterSTANDBYMode                          build/stm32f1xx_hal_pwr.o
HAL_PWR_EnterSTOPMode                             build/stm32f1xx_hal_pwr.o
HAL_PWR_PVDCallback                               build/stm32f1xx_hal_pwr.o
HAL_PWR_PVD_IRQHandler                            build/stm32f1xx_hal_pwr.o
HAL_RCCEx_GetPeriphCLKConfig                      build/stm32f1xx_hal_rcc_ex.o
HAL_RCCEx_GetPeriphCLKFreq                        build/stm32f1xx_hal_rcc_ex.o
HAL_RCCEx_PeriphCLKConfig                         build/stm32f1xx_hal_rcc_ex.o
HAL_RCC_CSSCallback                               build/stm32f1xx_hal_rcc.o
HAL_RCC_ClockConfig                               build/stm32f1xx_hal_rcc.o
                                                  build/main.o
HAL_RCC_DeInit                                    build/stm32f1xx_hal_rcc.o
HAL_RCC_DisableCSS                                build/stm32f1xx_hal_rcc.o
HAL_RCC_EnableCSS                                 build/stm32f1xx_hal_rcc.o
HAL_RCC_GetClockConfig                            build/stm32f1xx_hal_rcc.o
HAL_RCC_GetHCLKFreq                               build/stm32f1xx_hal_rcc.o
HAL_RCC_GetOscConfig                              build/stm32f1xx_hal_rcc.o
HAL_RCC_GetPCLK1Freq                              build/stm32f1xx_hal_rcc.o
                                                  build/stm32f1xx_hal_uart.o
HAL_RCC_GetPCLK2Freq                              build/stm32f1xx_hal_rcc.o
                                                  build/stm32f1xx_hal_uart.o
                                                  build/stm32f1xx_hal_rcc_ex.o
HAL_RCC_GetSysClockFreq                           build/stm32f1xx_hal_rcc.o
                                                  build/stm32f1xx_hal_rcc_ex.o
HAL_RCC_MCOConfig                                 build/stm32f1xx_hal_rcc.o
HAL_RCC_NMI_IRQHandler                            build/stm32f1xx_hal_rcc.o
HAL_RCC_OscConfig                                 build/stm32f1xx_hal_rcc.o
                                                  build/main.o
HAL_ResumeTick                                    build/stm32f1xx_hal.o
HAL_SYSTICK_CLKSourceConfig                       build/stm32f1xx_hal_cortex.o
HAL_SYSTICK_Callback                              build/stm32f1xx_hal_cortex.o
HAL_SYSTICK_Config                                build/stm32f1xx_hal_cortex.o
                                                  build/stm32f1xx_hal.o
HAL_SYSTICK_IRQHandler                            build/stm32f1xx_hal_cortex.o
HAL_SetTickFreq                                   build/stm32f1xx_hal.o
HAL_SuspendTick                                   build/stm32f1xx_hal.o
HAL_TIMEx_BreakCallback                           build/stm32f1xx_hal_tim_ex.o
                                                  build/stm32f1xx_hal_tim.o
HAL_TIMEx_CommutCallback                          build/stm32f1xx_hal_tim_ex.o
                                                  build/stm32f1xx_hal_tim.o
HAL_TIMEx_CommutHalfCpltCallback                  build/stm32f1xx_hal_tim_ex.o
HAL_TIMEx_ConfigBreakDeadTime                     build/stm32f1xx_hal_tim_ex.o
                                                  build/tim.o
HAL_TIMEx_ConfigCommutEvent                       build/stm32f1xx_hal_tim_ex.o
HAL_TIMEx_ConfigCommutEvent_DMA                   build/stm32f1xx_hal_tim_ex.o
HAL_TIMEx_ConfigCommutEvent_IT                    build/stm32f1xx_hal_tim_ex.o
HAL_TIMEx_GetChannelNState                        build/stm32f1xx_hal_tim_ex.o
HAL_TIMEx_HallSensor_DeInit                       build/stm32f1xx_hal_tim_ex.o
HAL_TIMEx_HallSensor_GetState                     build/stm32f1xx_hal_tim_ex.o
HAL_TIMEx_HallSensor_Init                         build/stm32f1xx_hal_tim_ex.o
HAL_TIMEx_HallSensor_MspDeInit                    build/stm32f1xx_hal_tim_ex.o
HAL_TIMEx_HallSensor_MspInit                      build/stm32f1xx_hal_tim_ex.o
HAL_TIMEx_HallSensor_Start                        build/stm32f1xx_hal_tim_ex.o
HAL_TIMEx_HallSensor_Start_DMA                    build/stm32f1xx_hal_tim_ex.o
HAL_TIMEx_HallSensor_Start_IT                     build/stm32f1xx_hal_tim_ex.o
HAL_TIMEx_HallSensor_Stop                         build/stm32f1xx_hal_tim_ex.o
HAL_TIMEx_HallSensor_Stop_DMA                     build/stm32f1xx_hal_tim_ex.o
HAL_TIMEx_HallSensor_Stop_IT                      build/stm32f1xx_hal_tim_ex.o
HAL_TIMEx_MasterConfigSynchronization             build/stm32f1xx_hal_tim_ex.o
                                                  build/tim.o
HAL_TIMEx_OCN_Start                               build/stm32f1xx_hal_tim_ex.o
HAL_TIMEx_OCN_Start_DMA                           build/stm32f1xx_hal_tim_ex.o
HAL_TIMEx_OCN_Start_IT                            build/stm32f1xx_hal_tim_ex.o
HAL_TIMEx_OCN_Stop                                build/stm32f1xx_hal_tim_ex.o
HAL_TIMEx_OCN_Stop_DMA                            build/stm32f1xx_hal_tim_ex.o
HAL_TIMEx_OCN_Stop_IT                             build/stm32f1xx_hal_tim_ex.o
HAL_TIMEx_OnePulseN_Start                         build/stm32f1xx_hal_tim_ex.o
HAL_TIMEx_OnePulseN_Start_IT                      build/stm32f1xx_hal_tim_ex.o
HAL_TIMEx_OnePulseN_Stop                          build/stm32f1xx_hal_tim_ex.o
HAL_TIMEx_OnePulseN_Stop_IT                       build/stm32f1xx_hal_tim_ex.o
HAL_TIMEx_PWMN_Start                              build/stm32f1xx_hal_tim_ex.o
HAL_TIMEx_PWMN_Start_DMA                          build/stm32f1xx_hal_tim_ex.o
HAL_TIMEx_PWMN_Start_IT                           build/stm32f1xx_hal_tim_ex.o
HAL_TIMEx_PWMN_Stop                               build/stm32f1xx_hal_tim_ex.o
HAL_TIMEx_PWMN_Stop_DMA                           build/stm32f1xx_hal_tim_ex.o
HAL_TIMEx_PWMN_Stop_IT                            build/stm32f1xx_hal_tim_ex.o
HAL_TIMEx_RemapConfig                             build/stm32f1xx_hal_tim_ex.o
HAL_TIM_Base_DeInit                               build/stm32f1xx_hal_tim.o
HAL_TIM_Base_GetState                             build/stm32f1xx_hal_tim.o
HAL_TIM_Base_Init                                 build/stm32f1xx_hal_tim.o
                                                  build/tim.o
HAL_TIM_Base_MspDeInit                            build/tim.o
HAL_TIM_Base_MspInit                              build/tim.o
HAL_TIM_Base_Start                                build/stm32f1xx_hal_tim.o
HAL_TIM_Base_Start_DMA                            build/stm32f1xx_hal_tim.o
HAL_TIM_Base_Start_IT                             build/stm32f1xx_hal_tim.o
                                                  build/main.o
HAL_TIM_Base_Stop                                 build/stm32f1xx_hal_tim.o
HAL_TIM_Base_Stop_DMA                             build/stm32f1xx_hal_tim.o
HAL_TIM_Base_Stop_IT                              build/stm32f1xx_hal_tim.o
HAL_TIM_ConfigClockSource                         build/stm32f1xx_hal_tim.o
                                                  build/tim.o
HAL_TIM_ConfigOCrefClear                          build/stm32f1xx_hal_tim.o
HAL_TIM_ConfigTI1Input                            build/stm32f1xx_hal_tim.o
HAL_TIM_DMABurstState                             build/stm32f1xx_hal_tim.o
HAL_TIM_DMABurst_MultiReadStart                   build/stm32f1xx_hal_tim.o
HAL_TIM_DMABurst_MultiWriteStart                  build/stm32f1xx_hal_tim.o
HAL_TIM_DMABurst_ReadStart                        build/stm32f1xx_hal_tim.o
HAL_TIM_DMABurst_ReadStop                         build/stm32f1xx_hal_tim.o
HAL_TIM_DMABurst_WriteStart                       build/stm32f1xx_hal_tim.o
HAL_TIM_DMABurst_WriteStop                        build/stm32f1xx_hal_tim.o
HAL_TIM_Encoder_DeInit                            build/stm32f1xx_hal_tim.o
HAL_TIM_Encoder_GetState                          build/stm32f1xx_hal_tim.o
HAL_TIM_Encoder_Init                              build/stm32f1xx_hal_tim.o
                                                  build/tim.o
HAL_TIM_Encoder_MspDeInit                         build/tim.o
HAL_TIM_Encoder_MspInit                           build/tim.o
HAL_TIM_Encoder_Start                             build/stm32f1xx_hal_tim.o
                                                  build/main.o
HAL_TIM_Encoder_Start_DMA                         build/stm32f1xx_hal_tim.o
HAL_TIM_Encoder_Start_IT                          build/stm32f1xx_hal_tim.o
HAL_TIM_Encoder_Stop                              build/stm32f1xx_hal_tim.o
HAL_TIM_Encoder_Stop_DMA                          build/stm32f1xx_hal_tim.o
HAL_TIM_Encoder_Stop_IT                           build/stm32f1xx_hal_tim.o
HAL_TIM_ErrorCallback                             build/stm32f1xx_hal_tim.o
                                                  build/stm32f1xx_hal_tim_ex.o
HAL_TIM_GenerateEvent                             build/stm32f1xx_hal_tim.o
HAL_TIM_GetActiveChannel                          build/stm32f1xx_hal_tim.o
HAL_TIM_GetChannelState                           build/stm32f1xx_hal_tim.o
HAL_TIM_IC_CaptureCallback                        build/stm32f1xx_hal_tim.o
HAL_TIM_IC_CaptureHalfCpltCallback                build/stm32f1xx_hal_tim.o
HAL_TIM_IC_ConfigChannel                          build/stm32f1xx_hal_tim.o
HAL_TIM_IC_DeInit                                 build/stm32f1xx_hal_tim.o
HAL_TIM_IC_GetState                               build/stm32f1xx_hal_tim.o
HAL_TIM_IC_Init                                   build/stm32f1xx_hal_tim.o
HAL_TIM_IC_MspDeInit                              build/stm32f1xx_hal_tim.o
HAL_TIM_IC_MspInit                                build/stm32f1xx_hal_tim.o
HAL_TIM_IC_Start                                  build/stm32f1xx_hal_tim.o
HAL_TIM_IC_Start_DMA                              build/stm32f1xx_hal_tim.o
HAL_TIM_IC_Start_IT                               build/stm32f1xx_hal_tim.o
HAL_TIM_IC_Stop                                   build/stm32f1xx_hal_tim.o
HAL_TIM_IC_Stop_DMA                               build/stm32f1xx_hal_tim.o
HAL_TIM_IC_Stop_IT                                build/stm32f1xx_hal_tim.o
HAL_TIM_IRQHandler                                build/stm32f1xx_hal_tim.o
                                                  build/stm32f1xx_it.o
HAL_TIM_MspPostInit                               build/tim.o
HAL_TIM_OC_ConfigChannel                          build/stm32f1xx_hal_tim.o
HAL_TIM_OC_DeInit                                 build/stm32f1xx_hal_tim.o
HAL_TIM_OC_DelayElapsedCallback                   build/stm32f1xx_hal_tim.o
HAL_TIM_OC_GetState                               build/stm32f1xx_hal_tim.o
HAL_TIM_OC_Init                                   build/stm32f1xx_hal_tim.o
HAL_TIM_OC_MspDeInit                              build/stm32f1xx_hal_tim.o
HAL_TIM_OC_MspInit                                build/stm32f1xx_hal_tim.o
HAL_TIM_OC_Start                                  build/stm32f1xx_hal_tim.o
HAL_TIM_OC_Start_DMA                              build/stm32f1xx_hal_tim.o
HAL_TIM_OC_Start_IT                               build/stm32f1xx_hal_tim.o
HAL_TIM_OC_Stop                                   build/stm32f1xx_hal_tim.o
HAL_TIM_OC_Stop_DMA                               build/stm32f1xx_hal_tim.o
HAL_TIM_OC_Stop_IT                                build/stm32f1xx_hal_tim.o
HAL_TIM_OnePulse_ConfigChannel                    build/stm32f1xx_hal_tim.o
HAL_TIM_OnePulse_DeInit                           build/stm32f1xx_hal_tim.o
HAL_TIM_OnePulse_GetState                         build/stm32f1xx_hal_tim.o
HAL_TIM_OnePulse_Init                             build/stm32f1xx_hal_tim.o
HAL_TIM_OnePulse_MspDeInit                        build/stm32f1xx_hal_tim.o
HAL_TIM_OnePulse_MspInit                          build/stm32f1xx_hal_tim.o
HAL_TIM_OnePulse_Start                            build/stm32f1xx_hal_tim.o
HAL_TIM_OnePulse_Start_IT                         build/stm32f1xx_hal_tim.o
HAL_TIM_OnePulse_Stop                             build/stm32f1xx_hal_tim.o
HAL_TIM_OnePulse_Stop_IT                          build/stm32f1xx_hal_tim.o
HAL_TIM_PWM_ConfigChannel                         build/stm32f1xx_hal_tim.o
                                                  build/tim.o
HAL_TIM_PWM_DeInit                                build/stm32f1xx_hal_tim.o
HAL_TIM_PWM_GetState                              build/stm32f1xx_hal_tim.o
HAL_TIM_PWM_Init                                  build/stm32f1xx_hal_tim.o
                                                  build/tim.o
HAL_TIM_PWM_MspDeInit                             build/stm32f1xx_hal_tim.o
HAL_TIM_PWM_MspInit                               build/stm32f1xx_hal_tim.o
HAL_TIM_PWM_PulseFinishedCallback                 build/stm32f1xx_hal_tim.o
                                                  build/stm32f1xx_hal_tim_ex.o
HAL_TIM_PWM_PulseFinishedHalfCpltCallback         build/stm32f1xx_hal_tim.o
HAL_TIM_PWM_Start                                 build/stm32f1xx_hal_tim.o
                                                  build/main.o
HAL_TIM_PWM_Start_DMA                             build/stm32f1xx_hal_tim.o
HAL_TIM_PWM_Start_IT                              build/stm32f1xx_hal_tim.o
HAL_TIM_PWM_Stop                                  build/stm32f1xx_hal_tim.o
HAL_TIM_PWM_Stop_DMA                              build/stm32f1xx_hal_tim.o
HAL_TIM_PWM_Stop_IT                               build/stm32f1xx_hal_tim.o
HAL_TIM_PeriodElapsedCallback                     build/main.o
HAL_TIM_PeriodElapsedHalfCpltCallback             build/stm32f1xx_hal_tim.o
HAL_TIM_ReadCapturedValue                         build/stm32f1xx_hal_tim.o
HAL_TIM_SlaveConfigSynchro                        build/stm32f1xx_hal_tim.o
HAL_TIM_SlaveConfigSynchro_IT                     build/stm32f1xx_hal_tim.o
HAL_TIM_TriggerCallback                           build/stm32f1xx_hal_tim.o
HAL_TIM_TriggerHalfCpltCallback                   build/stm32f1xx_hal_tim.o
HAL_UARTEx_ReceiveToIdle                          build/stm32f1xx_hal_uart.o
HAL_UARTEx_ReceiveToIdle_DMA                      build/stm32f1xx_hal_uart.o
HAL_UARTEx_ReceiveToIdle_IT                       build/stm32f1xx_hal_uart.o
HAL_UARTEx_RxEventCallback                        build/stm32f1xx_hal_uart.o
HAL_UART_Abort                                    build/stm32f1xx_hal_uart.o
HAL_UART_AbortCpltCallback                        build/stm32f1xx_hal_uart.o
HAL_UART_AbortReceive                             build/stm32f1xx_hal_uart.o
HAL_UART_AbortReceiveCpltCallback                 build/stm32f1xx_hal_uart.o
HAL_UART_AbortReceive_IT                          build/stm32f1xx_hal_uart.o
HAL_UART_AbortTransmit                            build/stm32f1xx_hal_uart.o
HAL_UART_AbortTransmitCpltCallback                build/stm32f1xx_hal_uart.o
HAL_UART_AbortTransmit_IT                         build/stm32f1xx_hal_uart.o
HAL_UART_Abort_IT                                 build/stm32f1xx_hal_uart.o
HAL_UART_DMAPause                                 build/stm32f1xx_hal_uart.o
HAL_UART_DMAResume                                build/stm32f1xx_hal_uart.o
HAL_UART_DMAStop                                  build/stm32f1xx_hal_uart.o
                                                  build/usart.o
HAL_UART_DeInit                                   build/stm32f1xx_hal_uart.o
HAL_UART_ErrorCallback                            build/stm32f1xx_hal_uart.o
HAL_UART_GetError                                 build/stm32f1xx_hal_uart.o
HAL_UART_GetState                                 build/stm32f1xx_hal_uart.o
HAL_UART_IRQHandler                               build/stm32f1xx_hal_uart.o
                                                  build/stm32f1xx_it.o
HAL_UART_Init                                     build/stm32f1xx_hal_uart.o
                                                  build/usart.o
HAL_UART_MspDeInit                                build/usart.o
HAL_UART_MspInit                                  build/usart.o
HAL_UART_Receive                                  build/stm32f1xx_hal_uart.o
HAL_UART_Receive_DMA                              build/stm32f1xx_hal_uart.o
                                                  build/zigbee.o
                                                  build/jy62.o
                                                  build/usart.o
                                                  build/main.o
HAL_UART_Receive_IT                               build/stm32f1xx_hal_uart.o
HAL_UART_RxCpltCallback                           build/usart.o
HAL_UART_RxHalfCpltCallback                       build/stm32f1xx_hal_uart.o
HAL_UART_Transmit                                 build/stm32f1xx_hal_uart.o
                                                  build/zigbee.o
                                                  build/jy62.o
                                                  build/usart.o
HAL_UART_Transmit_DMA                             build/stm32f1xx_hal_uart.o
HAL_UART_Transmit_IT                              build/stm32f1xx_hal_uart.o
HAL_UART_TxCpltCallback                           build/stm32f1xx_hal_uart.o
HAL_UART_TxHalfCpltCallback                       build/stm32f1xx_hal_uart.o
HardFault_Handler                                 build/stm32f1xx_it.o
I2C1_ER_IRQHandler                                build/startup_stm32f103xe.o
I2C1_EV_IRQHandler                                build/startup_stm32f103xe.o
I2C2_ER_IRQHandler                                build/startup_stm32f103xe.o
I2C2_EV_IRQHandler                                build/startup_stm32f103xe.o
InitAngle                                         build/jy62.o
                                                  build/main.o
Kd                                                build/main.o
Ki                                                build/main.o