Archive member included to satisfy reference by file (symbol)

d:/software/gnu arm embedded toolchain/10 2021.07/bin/../lib/gcc/arm-none-eabi/10.3.1/../../../../arm-none-eabi/lib/thumb/v7-m/nofp\libc.a(lib_a-exit.o)
                              d:/software/gnu arm embedded toolchain/10 2021.07/bin/../lib/gcc/arm-none-eabi/10.3.1/../../../../arm-none-eabi/lib/thumb/v7-m/nofp/crt0.o (exit)
d:/software/gnu arm embedded toolchain/10 2021.07/bin/../lib/gcc/arm-none-eabi/10.3.1/../../../../arm-none-eabi/lib/thumb/v7-m/nofp\libc.a(lib_a-impure.o)
                              d:/software/gnu arm embedded toolchain/10 2021.07/bin/../lib/gcc/arm-none-eabi/10.3.1/../../../../arm-none-eabi/lib/thumb/v7-m/nofp\libc.a(lib_a-exit.o) (_global_impure_ptr)
d:/software/gnu arm embedded toolchain/10 2021.07/bin/../lib/gcc/arm-none-eabi/10.3.1/../../../../arm-none-eabi/lib/thumb/v7-m/nofp\libc.a(lib_a-init.o)
                              d:/software/gnu arm embedded toolchain/10 2021.07/bin/../lib/gcc/arm-none-eabi/10.3.1/../../../../arm-none-eabi/lib/thumb/v7-m/nofp/crt0.o (__libc_init_array)
d:/software/gnu arm embedded toolchain/10 2021.07/bin/../lib/gcc/arm-none-eabi/10.3.1/../../../../arm-none-eabi/lib/thumb/v7-m/nofp\libc.a(lib_a-memcpy.o)
                              build/zigbee.o (memcpy)
d:/software/gnu arm embedded toolchain/10 2021.07/bin/../lib/gcc/arm-none-eabi/10.3.1/../../../../arm-none-eabi/lib/thumb/v7-m/nofp\libc.a(lib_a-memset.o)
                              d:/software/gnu arm embedded toolchain/10 2021.07/bin/../lib/gcc/arm-none-eabi/10.3.1/../../../../arm-none-eabi/lib/thumb/v7-m/nofp/crt0.o (memset)
d:/software/gnu arm embedded toolchain/10 2021.07/bin/../lib/gcc/arm-none-eabi/10.3.1/../../../../arm-none-eabi/lib/thumb/v7-m/nofp\libc.a(lib_a-strlen-stub.o)
                              build/usart.o (strlen)
d:/software/gnu arm embedded toolchain/10 2021.07/bin/../lib/gcc/arm-none-eabi/10.3.1/../../../../arm-none-eabi/lib/thumb/v7-m/nofp\libc.a(lib_a-vsprintf.o)
                              build/usart.o (vsprintf)
d:/software/gnu arm embedded toolchain/10 2021.07/bin/../lib/gcc/arm-none-eabi/10.3.1/../../../../arm-none-eabi/lib/thumb/v7-m/nofp\libc.a(lib_a-__call_atexit.o)
                              d:/software/gnu arm embedded toolchain/10 2021.07/bin/../lib/gcc/arm-none-eabi/10.3.1/../../../../arm-none-eabi/lib/thumb/v7-m/nofp\libc.a(lib_a-exit.o) (__call_exitprocs)
d:/software/gnu arm embedded toolchain/10 2021.07/bin/../lib/gcc/arm-none-eabi/10.3.1/../../../../arm-none-eabi/lib/thumb/v7-m/nofp\libc.a(lib_a-atexit.o)
                              d:/software/gnu arm embedded toolchain/10 2021.07/bin/../lib/gcc/arm-none-eabi/10.3.1/../../../../arm-none-eabi/lib/thumb/v7-m/nofp\libc.a(lib_a-__call_atexit.o) (atexit)
d:/software/gnu arm embedded toolchain/10 2021.07/bin/../lib/gcc/arm-none-eabi/10.3.1/../../../../arm-none-eabi/lib/thumb/v7-m/nofp\libc.a(lib_a-fini.o)
                              d:/software/gnu arm embedded toolchain/10 2021.07/bin/../lib/gcc/arm-none-eabi/10.3.1/../../../../arm-none-eabi/lib/thumb/v7-m/nofp\libc.a(lib_a-__call_atexit.o) (__libc_fini_array)
d:/software/gnu arm embedded toolchain/10 2021.07/bin/../lib/gcc/arm-none-eabi/10.3.1/../../../../arm-none-eabi/lib/thumb/v7-m/nofp\libc.a(lib_a-lock.o)
                              d:/software/gnu arm embedded toolchain/10 2021.07/bin/../lib/gcc/arm-none-eabi/10.3.1/../../../../arm-none-eabi/lib/thumb/v7-m/nofp\libc.a(lib_a-__call_atexit.o) (__retarget_lock_acquire_recursive)
d:/software/gnu arm embedded toolchain/10 2021.07/bin/../lib/gcc/arm-none-eabi/10.3.1/../../../../arm-none-eabi/lib/thumb/v7-m/nofp\libc.a(lib_a-svfprintf.o)
                              d:/software/gnu arm embedded toolchain/10 2021.07/bin/../lib/gcc/arm-none-eabi/10.3.1/../../../../arm-none-eabi/lib/thumb/v7-m/nofp\libc.a(lib_a-vsprintf.o) (_svfprintf_r)
d:/software/gnu arm embedded toolchain/10 2021.07/bin/../lib/gcc/arm-none-eabi/10.3.1/../../../../arm-none-eabi/lib/thumb/v7-m/nofp\libc.a(lib_a-__atexit.o)
                              d:/software/gnu arm embedded toolchain/10 2021.07/bin/../lib/gcc/arm-none-eabi/10.3.1/../../../../arm-none-eabi/lib/thumb/v7-m/nofp\libc.a(lib_a-atexit.o) (__register_exitproc)
d:/software/gnu arm embedded toolchain/10 2021.07/bin/../lib/gcc/arm-none-eabi/10.3.1/../../../../arm-none-eabi/lib/thumb/v7-m/nofp\libc.a(lib_a-dtoa.o)
                              d:/software/gnu arm embedded toolchain/10 2021.07/bin/../lib/gcc/arm-none-eabi/10.3.1/../../../../arm-none-eabi/lib/thumb/v7-m/nofp\libc.a(lib_a-svfprintf.o) (_dtoa_r)
d:/software/gnu arm embedded toolchain/10 2021.07/bin/../lib/gcc/arm-none-eabi/10.3.1/../../../../arm-none-eabi/lib/thumb/v7-m/nofp\libc.a(lib_a-freer.o)
                              d:/software/gnu arm embedded toolchain/10 2021.07/bin/../lib/gcc/arm-none-eabi/10.3.1/../../../../arm-none-eabi/lib/thumb/v7-m/nofp\libc.a(lib_a-svfprintf.o) (_free_r)
[...]
Memory Configuration

Name             Origin             Length             Attributes
RAM              0x20000000         0x0000c000         xrw
FLASH            0x08000000         0x00040000         xr
*default*        0x00000000         0xffffffff

Linker script and memory map

LOAD d:/software/gnu arm embedded toolchain/10 2021.07/bin/../lib/gcc/arm-none-eabi/10.3.1/thumb/v7-m/nofp/crti.o
LOAD d:/software/gnu arm embedded toolchain/10 2021.07/bin/../lib/gcc/arm-none-eabi/10.3.1/thumb/v7-m/nofp/crtbegin.o
LOAD d:/software/gnu arm embedded toolchain/10 2021.07/bin/../lib/gcc/arm-none-eabi/10.3.1/../../../../arm-none-eabi/lib/thumb/v7-m/nofp/crt0.o
LOAD build/main.o
LOAD build/gpio.o
LOAD build/tim.o
LOAD build/stm32f1xx_it.o
LOAD build/stm32f1xx_hal_msp.o
LOAD build/stm32f1xx_hal_gpio_ex.o
LOAD build/stm32f1xx_hal_tim.o
LOAD build/stm32f1xx_hal_tim_ex.o
LOAD build/stm32f1xx_hal.o
LOAD build/stm32f1xx_hal_rcc.o
LOAD build/stm32f1xx_hal_rcc_ex.o
LOAD build/stm32f1xx_hal_gpio.o
LOAD build/stm32f1xx_hal_dma.o
LOAD build/stm32f1xx_hal_cortex.o
LOAD build/stm32f1xx_hal_pwr.o
LOAD build/stm32f1xx_hal_flash.o
LOAD build/stm32f1xx_hal_flash_ex.o
LOAD build/stm32f1xx_hal_exti.o
LOAD build/system_stm32f1xx.o
LOAD build/usart.o
LOAD build/stm32f1xx_hal_uart.o
LOAD build/dma.o
LOAD build/jy62.o
LOAD build/zigbee.o
LOAD build/startup_stm32f103xe.o
LOAD d:/software/gnu arm embedded toolchain/10 2021.07/bin/../lib/gcc/arm-none-eabi/10.3.1/../../../../arm-none-eabi/lib/thumb/v7-m/nofp\libc.a
LOAD d:/software/gnu arm embedded toolchain/10 2021.07/bin/../lib/gcc/arm-none-eabi/10.3.1/../../../../arm-none-eabi/lib/thumb/v7-m/nofp\libm.a
LOAD d:/software/gnu arm embedded toolchain/10 2021.07/bin/../lib/gcc/arm-none-eabi/10.3.1/../../../../arm-none-eabi/lib/thumb/v7-m/nofp\libnosys.a
START GROUP
LOAD d:/software/gnu arm embedded toolchain/10 2021.07/bin/../lib/gcc/arm-none-eabi/10.3.1/thumb/v7-m/nofp\libgcc.a
LOAD d:/software/gnu arm embedded toolchain/10 2021.07/bin/../lib/gcc/arm-none-eabi/10.3.1/../../../../arm-none-eabi/lib/thumb/v7-m/nofp\libc.a
END GROUP
START GROUP
LOAD d:/software/gnu arm embedded toolchain/10 2021.07/bin/../lib/gcc/arm-none-eabi/10.3.1/thumb/v7-m/nofp\libgcc.a
LOAD d:/software/gnu arm embedded toolchain/10 2021.07/bin/../lib/gcc/arm-none-eabi/10.3.1/../../../../arm-none-eabi/lib/thumb/v7-m/nofp\libc.a
LOAD d:/software/gnu arm embedded toolchain/10 2021.07/bin/../lib/gcc/arm-none-eabi/10.3.1/../../../../arm-none-eabi/lib/thumb/v7-m/nofp\libnosys.a
END GROUP
LOAD d:/software/gnu arm embedded toolchain/10 2021.07/bin/../lib/gcc/arm-none-eabi/10.3.1/thumb/v7-m/nofp/crtend.o
LOAD d:/software/gnu arm embedded toolchain/10 2021.07/bin/../lib/gcc/arm-none-eabi/10.3.1/thumb/v7-m/nofp/crtn.o
                0x2000c000                _estack = 0x2000c000
                0x00000200                _Min_Heap_Size = 0x200
                0x00000400                _Min_Stack_Size = 0x400

.isr_vector     0x08000000      0x1e4
                0x08000000                . = ALIGN (0x4)
 *(.isr_vector)
 .isr_vector    0x08000000      0x1e4 build/startup_stm32f103xe.o
                0x08000000                g_pfnVectors
                0x080001e4                . = ALIGN (0x4)

.text           0x080001e8     0x4d44
                0x080001e8                . = ALIGN (0x4)
 *(.text)
 .text          0x080001e8       0x40 d:/software/gnu arm embedded toolchain/10 2021.07/bin/../lib/gcc/arm-none-eabi/10.3.1/thumb/v7-m/nofp/crtbegin.o
 .text          0x08000228       0xec d:/software/gnu arm embedded toolchain/10 2021.07/bin/../lib/gcc/arm-none-eabi/10.3.1/../../../../arm-none-eabi/lib/thumb/v7-m/nofp\libc.a(lib_a-memcpy.o)
                0x08000228                memcpy
 .text          0x08000314      0x168 d:/software/gnu arm embedded toolchain/10 2021.07/bin/../lib/gcc/arm-none-eabi/10.3.1/thumb/v7-m/nofp\libgcc.a(_arm_mulsf3.o)
                0x08000314                __aeabi_fmul
                0x08000314                __mulsf3
 .text          0x0800047c      0x378 d:/software/gnu arm embedded toolchain/10 2021.07/bin/../lib/gcc/arm-none-eabi/10.3.1/thumb/v7-m/nofp\libgcc.a(_arm_addsubdf3.o)
                0x0800047c                __aeabi_drsub
                0x08000484                __aeabi_dsub
                0x08000484                __subdf3
                0x08000488                __aeabi_dadd
                0x08000488                __adddf3
                0x08000700                __floatunsidf
                0x08000700                __aeabi_ui2d
                0x08000720                __floatsidf
                0x08000720                __aeabi_i2d
                0x08000744                __aeabi_f2d
                0x08000744                __extendsfdf2
                0x08000788                __floatundidf
                0x08000788                __aeabi_ul2d
                0x08000798                __floatdidf
                0x08000798                __aeabi_l2d
 .text          0x080007f4      0x424 d:/software/gnu arm embedded toolchain/10 2021.07/bin/../lib/gcc/arm-none-eabi/10.3.1/thumb/v7-m/nofp\libgcc.a(_arm_muldivdf3.o)
                0x080007f4                __aeabi_dmul
                0x080007f4                __muldf3
                0x08000a48                __divdf3
                0x08000a48                __aeabi_ddiv
 .text          0x08000c18      0x110 d:/software/gnu arm embedded toolchain/10 2021.07/bin/../lib/gcc/arm-none-eabi/10.3.1/thumb/v7-m/nofp\libgcc.a(_arm_cmpdf2.o)
                0x08000c18                __gtdf2
                0x08000c18                __gedf2
                0x08000c20                __ltdf2
                0x08000c20                __ledf2
                0x08000c28                __nedf2
                0x08000c28                __eqdf2
                0x08000c28                __cmpdf2
                0x08000ca4                __aeabi_cdrcmple
                0x08000cb4                __aeabi_cdcmpeq
                0x08000cb4                __aeabi_cdcmple
                0x08000cc4                __aeabi_dcmpeq
                0x08000cd8                __aeabi_dcmplt
                0x08000cec                __aeabi_dcmple
                0x08000d00                __aeabi_dcmpge
                0x08000d14                __aeabi_dcmpgt
 .text          0x08000d28       0x50 d:/software/gnu arm embedded toolchain/10 2021.07/bin/../lib/gcc/arm-none-eabi/10.3.1/thumb/v7-m/nofp\libgcc.a(_arm_fixdfsi.o)
                0x08000d28                __aeabi_d2iz
                0x08000d28                __fixdfsi
 .text          0x08000d78       0xa0 d:/software/gnu arm embedded toolchain/10 2021.07/bin/../lib/gcc/arm-none-eabi/10.3.1/thumb/v7-m/nofp\libgcc.a(_arm_truncdfsf2.o)
                0x08000d78                __truncdfsf2
                0x08000d78                __aeabi_d2f
 .text          0x08000e18      0x21c d:/software/gnu arm embedded toolchain/10 2021.07/bin/../lib/gcc/arm-none-eabi/10.3.1/thumb/v7-m/nofp\libgcc.a(_arm_addsubsf3.o)
                0x08000e18                __aeabi_frsub
                0x08000e20                __subsf3
                0x08000e20                __aeabi_fsub
                0x08000e24                __aeabi_fadd
                0x08000e24                __addsf3
                0x08000f84                __aeabi_ui2f
                0x08000f84                __floatunsisf
                0x08000f8c                __aeabi_i2f
                0x08000f8c                __floatsisf
                0x08000fa8                __aeabi_ul2f
                0x08000fa8                __floatundisf
                0x08000fb8                __aeabi_l2f
                0x08000fb8                __floatdisf
 .text          0x08001034       0xec d:/software/gnu arm embedded toolchain/10 2021.07/bin/../lib/gcc/arm-none-eabi/10.3.1/thumb/v7-m/nofp\libgcc.a(_arm_cmpsf2.o)
                0x08001034                __gesf2
                0x08001034                __gtsf2
                0x0800103c                __lesf2
                0x0800103c                __ltsf2
                0x08001044                __nesf2
                0x08001044                __eqsf2
                0x08001044                __cmpsf2
                0x080010a4                __aeabi_cfrcmple
                0x080010ac                __aeabi_cfcmpeq
                0x080010ac                __aeabi_cfcmple
                0x080010bc                __aeabi_fcmpeq
                0x080010d0                __aeabi_fcmplt
                0x080010e4                __aeabi_fcmple
                0x080010f8                __aeabi_fcmpge
                0x0800110c                __aeabi_fcmpgt
 *(.text*)
 .text.forward  0x08001120       0x78 build/main.o
                0x08001120                forward
 .text.rotate_clockwise
                0x08001198       0x78 build/main.o
                0x08001198                rotate_clockwise
 .text.atan2LUTif
                0x08001210      0x22c build/main.o
                0x08001210                atan2LUTif
 *fill*         0x0800143c        0x4 
 .text.Solve_Mine_Pos
                0x08001440      0x310 build/main.o
                0x08001440                Solve_Mine_Pos
 .text.Goto     0x08001750      0x148 build/main.o
                0x08001750                Goto
 .text.HAL_TIM_PeriodElapsedCallback
                0x08001898      0x2a8 build/main.o
                0x08001898                HAL_TIM_PeriodElapsedCallback
 .text.Error_Handler
                0x08001b40        0x4 build/main.o
                0x08001b40                Error_Handler
 .text.SystemClock_Config
                0x08001b44       0x64 build/main.o
                0x08001b44                SystemClock_Config
 .text.main     0x08001ba8      0x164 build/main.o
                0x08001ba8                main
 .text.MX_GPIO_Init
                0x08001d0c       0xb0 build/gpio.o
                0x08001d0c                MX_GPIO_Init
 .text.MX_TIM1_Init
                0x08001dbc       0x70 build/tim.o
                0x08001dbc                MX_TIM1_Init
 .text.MX_TIM2_Init
                0x08001e2c       0x64 build/tim.o
                0x08001e2c                MX_TIM2_Init
 .text.MX_TIM3_Init
                0x08001e90       0x64 build/tim.o
                0x08001e90                MX_TIM3_Init
 .text.MX_TIM4_Init
                0x08001ef4       0x64 build/tim.o
                0x08001ef4                MX_TIM4_Init
 .text.MX_TIM5_Init
                0x08001f58       0x64 build/tim.o
                0x08001f58                MX_TIM5_Init
 .text.HAL_TIM_Base_MspInit
                0x08001fbc       0x60 build/tim.o
                0x08001fbc                HAL_TIM_Base_MspInit
 .text.HAL_TIM_Encoder_MspInit
                0x0800201c      0x154 build/tim.o
                0x0800201c                HAL_TIM_Encoder_MspInit
 .text.HAL_TIM_MspPostInit
                0x08002170       0x50 build/tim.o
                0x08002170                HAL_TIM_MspPostInit
 .text.MX_TIM8_Init
                0x080021c0      0x120 build/tim.o
                0x080021c0                MX_TIM8_Init
 .text.NMI_Handler
                0x080022e0        0x2 build/stm32f1xx_it.o
                0x080022e0                NMI_Handler
 .text.HardFault_Handler
                0x080022e2        0x2 build/stm32f1xx_it.o
                0x080022e2                HardFault_Handler
 .text.MemManage_Handler
                0x080022e4        0x2 build/stm32f1xx_it.o
                0x080022e4                MemManage_Handler
 .text.BusFault_Handler
                0x080022e6        0x2 build/stm32f1xx_it.o
                0x080022e6                BusFault_Handler
 .text.UsageFault_Handler
                0x080022e8        0x2 build/stm32f1xx_it.o
                0x080022e8                UsageFault_Handler
 .text.SVC_Handler
                0x080022ea        0x2 build/stm32f1xx_it.o
                0x080022ea                SVC_Handler
 .text.DebugMon_Handler
                0x080022ec        0x2 build/stm32f1xx_it.o
                0x080022ec                DebugMon_Handler
 .text.PendSV_Handler
                0x080022ee        0x2 build/stm32f1xx_it.o
                0x080022ee                PendSV_Handler
 .text.SysTick_Handler
                0x080022f0        0x8 build/stm32f1xx_it.o
                0x080022f0                SysTick_Handler
 .text.DMA1_Channel5_IRQHandler
                0x080022f8       0x10 build/stm32f1xx_it.o
                0x080022f8                DMA1_Channel5_IRQHandler
 .text.DMA1_Channel6_IRQHandler
                0x08002308       0x10 build/stm32f1xx_it.o
                0x08002308                DMA1_Channel6_IRQHandler
 .text.TIM1_UP_IRQHandler
                0x08002318       0x10 build/stm32f1xx_it.o
                0x08002318                TIM1_UP_IRQHandler
 .text.USART1_IRQHandler
                0x08002328       0x18 build/stm32f1xx_it.o
                0x08002328                USART1_IRQHandler
 .text.USART2_IRQHandler
                0x08002340       0x10 build/stm32f1xx_it.o
                0x08002340                USART2_IRQHandler
 .text.HAL_MspInit
                0x08002350       0x44 build/stm32f1xx_hal_msp.o
                0x08002350                HAL_MspInit
 .text.TIM_OC1_SetConfig
                0x08002394       0x68 build/stm32f1xx_hal_tim.o
 .text.TIM_OC3_SetConfig
                0x080023fc       0x70 build/stm32f1xx_hal_tim.o
 .text.TIM_OC4_SetConfig
                0x0800246c       0x50 build/stm32f1xx_hal_tim.o
 .text.TIM_TI1_ConfigInputStage
                0x080024bc       0x24 build/stm32f1xx_hal_tim.o
 .text.TIM_TI2_ConfigInputStage
                0x080024e0       0x26 build/stm32f1xx_hal_tim.o
 .text.TIM_ITRx_SetConfig
                0x08002506       0x10 build/stm32f1xx_hal_tim.o
 *fill*         0x08002516        0x2 
 .text.HAL_TIM_Base_Start_IT
                0x08002518       0x78 build/stm32f1xx_hal_tim.o
                0x08002518                HAL_TIM_Base_Start_IT
 .text.HAL_TIM_PWM_MspInit
                0x08002590        0x2 build/stm32f1xx_hal_tim.o
                0x08002590                HAL_TIM_PWM_MspInit
 .text.HAL_TIM_OC_DelayElapsedCallback
                0x08002592        0x2 build/stm32f1xx_hal_tim.o
                0x08002592                HAL_TIM_OC_DelayElapsedCallback
 .text.HAL_TIM_IC_CaptureCallback
                0x08002594        0x2 build/stm32f1xx_hal_tim.o
                0x08002594                HAL_TIM_IC_CaptureCallback
 .text.HAL_TIM_PWM_PulseFinishedCallback
                0x08002596        0x2 build/stm32f1xx_hal_tim.o
                0x08002596                HAL_TIM_PWM_PulseFinishedCallback
 .text.HAL_TIM_TriggerCallback
                0x08002598        0x2 build/stm32f1xx_hal_tim.o
                0x08002598                HAL_TIM_TriggerCallback
 .text.HAL_TIM_IRQHandler
                0x0800259a      0x17a build/stm32f1xx_hal_tim.o
                0x0800259a                HAL_TIM_IRQHandler
 .text.TIM_Base_SetConfig
                0x08002714       0x98 build/stm32f1xx_hal_tim.o
                0x08002714                TIM_Base_SetConfig
 .text.HAL_TIM_Base_Init
                0x080027ac       0x58 build/stm32f1xx_hal_tim.o
                0x080027ac                HAL_TIM_Base_Init
 .text.HAL_TIM_PWM_Init
                0x08002804       0x58 build/stm32f1xx_hal_tim.o
                0x08002804                HAL_TIM_PWM_Init
 .text.HAL_TIM_Encoder_Init
                0x0800285c       0xb8 build/stm32f1xx_hal_tim.o
                0x0800285c                HAL_TIM_Encoder_Init
 .text.TIM_OC2_SetConfig
                0x08002914       0x70 build/stm32f1xx_hal_tim.o
                0x08002914                TIM_OC2_SetConfig
 .text.HAL_TIM_PWM_ConfigChannel
                0x08002984       0xd0 build/stm32f1xx_hal_tim.o
                0x08002984                HAL_TIM_PWM_ConfigChannel
 .text.TIM_ETR_SetConfig
                0x08002a54       0x18 build/stm32f1xx_hal_tim.o
                0x08002a54                TIM_ETR_SetConfig
 .text.HAL_TIM_ConfigClockSource
                0x08002a6c       0xda build/stm32f1xx_hal_tim.o
                0x08002a6c                HAL_TIM_ConfigClockSource
 .text.TIM_CCxChannelCmd
                0x08002b46       0x1e build/stm32f1xx_hal_tim.o
                0x08002b46                TIM_CCxChannelCmd
 .text.HAL_TIM_PWM_Start
                0x08002b64       0xf4 build/stm32f1xx_hal_tim.o
                0x08002b64                HAL_TIM_PWM_Start
 .text.HAL_TIM_Encoder_Start
                0x08002c58       0xcc build/stm32f1xx_hal_tim.o
                0x08002c58                HAL_TIM_Encoder_Start
 .text.HAL_TIMEx_MasterConfigSynchronization
                0x08002d24       0x7c build/stm32f1xx_hal_tim_ex.o
                0x08002d24                HAL_TIMEx_MasterConfigSynchronization
 .text.HAL_TIMEx_ConfigBreakDeadTime
                0x08002da0       0x52 build/stm32f1xx_hal_tim_ex.o
                0x08002da0                HAL_TIMEx_ConfigBreakDeadTime
 .text.HAL_TIMEx_CommutCallback
                0x08002df2        0x2 build/stm32f1xx_hal_tim_ex.o
                0x08002df2                HAL_TIMEx_CommutCallback
 .text.HAL_TIMEx_BreakCallback
                0x08002df4        0x2 build/stm32f1xx_hal_tim_ex.o
                0x08002df4                HAL_TIMEx_BreakCallback
 *fill*         0x08002df6        0x2 
 .text.HAL_InitTick
                0x08002df8       0x4c build/stm32f1xx_hal.o
                0x08002df8                HAL_InitTick
 .text.HAL_Init
                0x08002e44       0x24 build/stm32f1xx_hal.o
                0x08002e44                HAL_Init
 .text.HAL_IncTick
                0x08002e68       0x18 build/stm32f1xx_hal.o
                0x08002e68                HAL_IncTick
 .text.HAL_GetTick
                0x08002e80        0xc build/stm32f1xx_hal.o
                0x08002e80                HAL_GetTick
 .text.RCC_Delay
                0x08002e8c       0x2c build/stm32f1xx_hal_rcc.o
 .text.HAL_RCC_OscConfig
                0x08002eb8      0x410 build/stm32f1xx_hal_rcc.o
                0x08002eb8                HAL_RCC_OscConfig
 .text.HAL_RCC_GetSysClockFreq
                0x080032c8       0x70 build/stm32f1xx_hal_rcc.o
                0x080032c8                HAL_RCC_GetSysClockFreq
 .text.HAL_RCC_ClockConfig
                0x08003338      0x16c build/stm32f1xx_hal_rcc.o
                0x08003338                HAL_RCC_ClockConfig
 .text.HAL_RCC_GetHCLKFreq
                0x080034a4        0xc build/stm32f1xx_hal_rcc.o
                0x080034a4                HAL_RCC_GetHCLKFreq
 .text.HAL_RCC_GetPCLK1Freq
                0x080034b0       0x20 build/stm32f1xx_hal_rcc.o
                0x080034b0                HAL_RCC_GetPCLK1Freq
 .text.HAL_RCC_GetPCLK2Freq
                0x080034d0       0x20 build/stm32f1xx_hal_rcc.o
                0x080034d0                HAL_RCC_GetPCLK2Freq
 .text.HAL_GPIO_Init
                0x080034f0      0x240 build/stm32f1xx_hal_gpio.o
                0x080034f0                HAL_GPIO_Init
 .text.HAL_GPIO_WritePin
                0x08003730        0xc build/stm32f1xx_hal_gpio.o
                0x08003730                HAL_GPIO_WritePin
 .text.DMA_SetConfig
                0x0800373c       0x2c build/stm32f1xx_hal_dma.o
 .text.HAL_DMA_Init
                0x08003768       0x98 build/stm32f1xx_hal_dma.o
                0x08003768                HAL_DMA_Init
 .text.HAL_DMA_Start_IT
                0x08003800       0x74 build/stm32f1xx_hal_dma.o
                0x08003800                HAL_DMA_Start_IT
 .text.HAL_DMA_Abort
                0x08003874       0x44 build/stm32f1xx_hal_dma.o
                0x08003874                HAL_DMA_Abort
 .text.HAL_DMA_Abort_IT
                0x080038b8      0x168 build/stm32f1xx_hal_dma.o
                0x080038b8                HAL_DMA_Abort_IT
 .text.HAL_DMA_IRQHandler
                0x08003a20      0x2ec build/stm32f1xx_hal_dma.o
                0x08003a20                HAL_DMA_IRQHandler
 .text.HAL_NVIC_SetPriorityGrouping
                0x08003d0c       0x24 build/stm32f1xx_hal_cortex.o
                0x08003d0c                HAL_NVIC_SetPriorityGrouping
 .text.HAL_NVIC_SetPriority
                0x08003d30       0x70 build/stm32f1xx_hal_cortex.o
                0x08003d30                HAL_NVIC_SetPriority
 .text.HAL_NVIC_EnableIRQ
                0x08003da0       0x1c build/stm32f1xx_hal_cortex.o
                0x08003da0                HAL_NVIC_EnableIRQ
 .text.HAL_SYSTICK_Config
                0x08003dbc       0x28 build/stm32f1xx_hal_cortex.o
                0x08003dbc                HAL_SYSTICK_Config
 .text.SystemInit
                0x08003de4        0x2 build/system_stm32f1xx.o
                0x08003de4                SystemInit
 *fill*         0x08003de6        0x2 
 .text.MX_USART1_UART_Init
                0x08003de8       0x34 build/usart.o
                0x08003de8                MX_USART1_UART_Init
 .text.MX_USART2_UART_Init
                0x08003e1c       0x34 build/usart.o
                0x08003e1c                MX_USART2_UART_Init
 .text.HAL_UART_MspInit
                0x08003e50      0x160 build/usart.o
                0x08003e50                HAL_UART_MspInit
 .text.HAL_UART_RxCpltCallback
                0x08003fb0       0x14 build/usart.o
                0x08003fb0                HAL_UART_RxCpltCallback
 .text.USER_UART_IDLECallback
                0x08003fc4       0x34 build/usart.o
                0x08003fc4                USER_UART_IDLECallback
 .text.UART_EndTxTransfer
                0x08003ff8       0x12 build/stm32f1xx_hal_uart.o
 .text.UART_EndRxTransfer
                0x0800400a       0x32 build/stm32f1xx_hal_uart.o
 .text.UART_Transmit_IT
                0x0800403c       0x60 build/stm32f1xx_hal_uart.o
 .text.UART_SetConfig
                0x0800409c       0x94 build/stm32f1xx_hal_uart.o
 .text.UART_WaitOnFlagUntilTimeout
                0x08004130       0x6c build/stm32f1xx_hal_uart.o
 .text.HAL_UART_Init
                0x0800419c       0x5e build/stm32f1xx_hal_uart.o
                0x0800419c                HAL_UART_Init
 .text.HAL_UART_Transmit
                0x080041fa       0xd8 build/stm32f1xx_hal_uart.o
                0x080041fa                HAL_UART_Transmit
 .text.HAL_UART_DMAStop
                0x080042d2       0x64 build/stm32f1xx_hal_uart.o
                0x080042d2                HAL_UART_DMAStop
 .text.HAL_UART_TxCpltCallback
                0x08004336        0x2 build/stm32f1xx_hal_uart.o
                0x08004336                HAL_UART_TxCpltCallback
 .text.UART_EndTransmit_IT
                0x08004338       0x1a build/stm32f1xx_hal_uart.o
 .text.HAL_UART_RxHalfCpltCallback
                0x08004352        0x2 build/stm32f1xx_hal_uart.o
                0x08004352                HAL_UART_RxHalfCpltCallback
 .text.HAL_UART_ErrorCallback
                0x08004354        0x2 build/stm32f1xx_hal_uart.o
                0x08004354                HAL_UART_ErrorCallback
 .text.UART_DMAError
                0x08004356       0x58 build/stm32f1xx_hal_uart.o
 .text.UART_DMAAbortOnError
                0x080043ae       0x10 build/stm32f1xx_hal_uart.o
 .text.HAL_UARTEx_RxEventCallback
                0x080043be        0x2 build/stm32f1xx_hal_uart.o
                0x080043be                HAL_UARTEx_RxEventCallback
 .text.UART_Receive_IT
                0x080043c0       0xd4 build/stm32f1xx_hal_uart.o
 .text.HAL_UART_IRQHandler
                0x08004494      0x204 build/stm32f1xx_hal_uart.o
                0x08004494                HAL_UART_IRQHandler
 .text.UART_DMARxHalfCplt
                0x08004698       0x1a build/stm32f1xx_hal_uart.o
 .text.UART_DMAReceiveCplt
                0x080046b2       0x5e build/stm32f1xx_hal_uart.o
 .text.UART_Start_Receive_DMA
                0x08004710       0x78 build/stm32f1xx_hal_uart.o
                0x08004710                UART_Start_Receive_DMA
 .text.HAL_UART_Receive_DMA
                0x08004788       0x38 build/stm32f1xx_hal_uart.o
                0x08004788                HAL_UART_Receive_DMA
 .text.MX_DMA_Init
                0x080047c0       0x44 build/dma.o
                0x080047c0                MX_DMA_Init
 .text.jy62_Init
                0x08004804       0x18 build/jy62.o
                0x08004804                jy62_Init
 .text.SetBaud  0x0800481c       0x3c build/jy62.o
                0x0800481c                SetBaud
 .text.SetHorizontal
                0x08004858       0x1c build/jy62.o
                0x08004858                SetHorizontal
 .text.InitAngle
                0x08004874       0x1c build/jy62.o
                0x08004874                InitAngle
 .text.Calibrate
                0x08004890       0x1c build/jy62.o
                0x08004890                Calibrate
 .text.SleepOrAwake
                0x080048ac       0x1c build/jy62.o
                0x080048ac                SleepOrAwake
 .text.GetYaw   0x080048c8        0xc build/jy62.o
                0x080048c8                GetYaw
 .text.DecodeAngle
                0x080048d4       0x68 build/jy62.o
                0x080048d4                DecodeAngle
 *fill*         0x0800493c        0x4 
 .text.DecodeAccelerate
                0x08004940       0xa8 build/jy62.o
                0x08004940                DecodeAccelerate
 .text.DecodeVelocity
                0x080049e8       0x68 build/jy62.o
                0x080049e8                DecodeVelocity
 .text.DecodeTemperature
                0x08004a50       0x44 build/jy62.o
                0x08004a50                DecodeTemperature
 .text.Decode   0x08004a94       0x30 build/jy62.o
                0x08004a94                Decode
 .text.jy62MessageRecord
                0x08004ac4       0xf8 build/jy62.o
                0x08004ac4                jy62MessageRecord
 .text.zigbee_Init
                0x08004bbc       0x24 build/zigbee.o
                0x08004bbc                zigbee_Init
 .text.zigbeeMessageRecord
                0x08004be0       0xb4 build/zigbee.o
                0x08004be0                zigbeeMessageRecord
 .text.getGameState
                0x08004c94        0xc build/zigbee.o
                0x08004c94                getGameState
 .text.getCarPosX
                0x08004ca0        0xc build/zigbee.o
                0x08004ca0                getCarPosX
 .text.getCarPosY
                0x08004cac        0xc build/zigbee.o
                0x08004cac                getCarPosY
 .text.getMineIntensity
                0x08004cb8       0x38 build/zigbee.o
                0x08004cb8                getMineIntensity
 .text.getCarScore
                0x08004cf0        0xc build/zigbee.o
                0x08004cf0                getCarScore
 .text.Reset_Handler
                0x08004cfc       0x48 build/startup_stm32f103xe.o
                0x08004cfc                Reset_Handler
 .text.Default_Handler
                0x08004d44        0x2 build/startup_stm32f103xe.o
                0x08004d44                RTC_Alarm_IRQHandler
                0x08004d44                EXTI2_IRQHandler
                0x08004d44                TIM8_TRG_COM_IRQHandler
                0x08004d44                TIM8_CC_IRQHandler
                0x08004d44                TIM1_CC_IRQHandler
                0x08004d44                TIM6_IRQHandler
                0x08004d44                PVD_IRQHandler
                0x08004d44                SDIO_IRQHandler
                0x08004d44                EXTI3_IRQHandler
                0x08004d44                EXTI0_IRQHandler
                0x08004d44                I2C2_EV_IRQHandler
                0x08004d44                ADC1_2_IRQHandler
                0x08004d44                SPI1_IRQHandler
                0x08004d44                TAMPER_IRQHandler
                0x08004d44                TIM8_UP_IRQHandler
                0x08004d44                DMA2_Channel2_IRQHandler
                0x08004d44                DMA1_Channel4_IRQHandler
                0x08004d44                USART3_IRQHandler
                0x08004d44                RTC_IRQHandler
                0x08004d44                DMA1_Channel7_IRQHandler
                0x08004d44                CAN1_RX1_IRQHandler
                0x08004d44                UART5_IRQHandler
                0x08004d44                ADC3_IRQHandler
                0x08004d44                TIM4_IRQHandler
                0x08004d44                DMA2_Channel1_IRQHandler
                0x08004d44                I2C1_EV_IRQHandler
                0x08004d44                UART4_IRQHandler
                0x08004d44                TIM3_IRQHandler
                0x08004d44                RCC_IRQHandler
                0x08004d44                TIM1_TRG_COM_IRQHandler
                0x08004d44                DMA1_Channel1_IRQHandler
                0x08004d44                Default_Handler
                0x08004d44                EXTI15_10_IRQHandler
                0x08004d44                TIM7_IRQHandler
                0x08004d44                TIM5_IRQHandler
                0x08004d44                EXTI9_5_IRQHandler
                0x08004d44                SPI2_IRQHandler
                0x08004d44                EXTI4_IRQHandler
                0x08004d44                USB_LP_CAN1_RX0_IRQHandler
                0x08004d44                USB_HP_CAN1_TX_IRQHandler
                0x08004d44                DMA1_Channel3_IRQHandler
                0x08004d44                FSMC_IRQHandler
                0x08004d44                WWDG_IRQHandler
                0x08004d44                TIM2_IRQHandler
                0x08004d44                TIM1_BRK_IRQHandler
                0x08004d44                EXTI1_IRQHandler
                0x08004d44                DMA2_Channel4_5_IRQHandler
                0x08004d44                I2C2_ER_IRQHandler
                0x08004d44                DMA1_Channel2_IRQHandler
                0x08004d44                TIM8_BRK_IRQHandler
                0x08004d44                CAN1_SCE_IRQHandler
                0x08004d44                FLASH_IRQHandler
                0x08004d44                SPI3_IRQHandler
                0x08004d44                I2C1_ER_IRQHandler
                0x08004d44                USBWakeUp_IRQHandler
                0x08004d44                DMA2_Channel3_IRQHandler
 *fill*         0x08004d46        0x2 
 .text.__libc_init_array
                0x08004d48       0x48 d:/software/gnu arm embedded toolchain/10 2021.07/bin/../lib/gcc/arm-none-eabi/10.3.1/../../../../arm-none-eabi/lib/thumb/v7-m/nofp\libc.a(lib_a-init.o)
                0x08004d48                __libc_init_array
 .text.memset   0x08004d90       0xa4 d:/software/gnu arm embedded toolchain/10 2021.07/bin/../lib/gcc/arm-none-eabi/10.3.1/../../../../arm-none-eabi/lib/thumb/v7-m/nofp\libc.a(lib_a-memset.o)
                0x08004d90                memset
 .text.startup.register_fini
                0x08004e34       0x14 d:/software/gnu arm embedded toolchain/10 2021.07/bin/../lib/gcc/arm-none-eabi/10.3.1/../../../../arm-none-eabi/lib/thumb/v7-m/nofp\libc.a(lib_a-__call_atexit.o)
 .text.atexit   0x08004e48        0xc d:/software/gnu arm embedded toolchain/10 2021.07/bin/../lib/gcc/arm-none-eabi/10.3.1/../../../../arm-none-eabi/lib/thumb/v7-m/nofp\libc.a(lib_a-atexit.o)
                0x08004e48                atexit
 .text.__libc_fini_array
                0x08004e54       0x2c d:/software/gnu arm embedded toolchain/10 2021.07/bin/../lib/gcc/arm-none-eabi/10.3.1/../../../../arm-none-eabi/lib/thumb/v7-m/nofp\libc.a(lib_a-fini.o)
                0x08004e54                __libc_fini_array
 .text.__retarget_lock_acquire_recursive
                0x08004e80        0x4 d:/software/gnu arm embedded toolchain/10 2021.07/bin/../lib/gcc/arm-none-eabi/10.3.1/../../../../arm-none-eabi/lib/thumb/v7-m/nofp\libc.a(lib_a-lock.o)
                0x08004e80                __retarget_lock_acquire_recursive
 .text.__retarget_lock_release_recursive
                0x08004e84        0x4 d:/software/gnu arm embedded toolchain/10 2021.07/bin/../lib/gcc/arm-none-eabi/10.3.1/../../../../arm-none-eabi/lib/thumb/v7-m/nofp\libc.a(lib_a-lock.o)
                0x08004e84                __retarget_lock_release_recursive
 .text.__register_exitproc
                0x08004e88       0x8c d:/software/gnu arm embedded toolchain/10 2021.07/bin/../lib/gcc/arm-none-eabi/10.3.1/../../../../arm-none-eabi/lib/thumb/v7-m/nofp\libc.a(lib_a-__atexit.o)
                0x08004e88                __register_exitproc
 *(.glue_7)
 .glue_7        0x08004f14        0x0 linker stubs
 *(.glue_7t)
 .glue_7t       0x08004f14        0x0 linker stubs
 *(.eh_frame)
 .eh_frame      0x08004f14        0x0 d:/software/gnu arm embedded toolchain/10 2021.07/bin/../lib/gcc/arm-none-eabi/10.3.1/thumb/v7-m/nofp/crtbegin.o
 *(.init)
 .init          0x08004f14        0x4 d:/software/gnu arm embedded toolchain/10 2021.07/bin/../lib/gcc/arm-none-eabi/10.3.1/thumb/v7-m/nofp/crti.o
                0x08004f14                _init
 .init          0x08004f18        0x8 d:/software/gnu arm embedded toolchain/10 2021.07/bin/../lib/gcc/arm-none-eabi/10.3.1/thumb/v7-m/nofp/crtn.o
 *(.fini)
 .fini          0x08004f20        0x4 d:/software/gnu arm embedded toolchain/10 2021.07/bin/../lib/gcc/arm-none-eabi/10.3.1/thumb/v7-m/nofp/crti.o
                0x08004f20                _fini
 .fini          0x08004f24        0x8 d:/software/gnu arm embedded toolchain/10 2021.07/bin/../lib/gcc/arm-none-eabi/10.3.1/thumb/v7-m/nofp/crtn.o
                0x08004f2c                . = ALIGN (0x4)
                0x08004f2c                _etext = .

.vfp11_veneer   0x08004f2c        0x0
 .vfp11_veneer  0x08004f2c        0x0 linker stubs

.v4_bx          0x08004f2c        0x0
 .v4_bx         0x08004f2c        0x0 linker stubs

.iplt           0x08004f2c        0x0
 .iplt          0x08004f2c        0x0 d:/software/gnu arm embedded toolchain/10 2021.07/bin/../lib/gcc/arm-none-eabi/10.3.1/thumb/v7-m/nofp/crtbegin.o

.rodata         0x08004f30      0x830
                0x08004f30                . = ALIGN (0x4)
 *(.rodata)
 *(.rodata*)
 .rodata.ATAN_LUT
                0x08004f30      0x800 build/main.o
                0x08004f30                ATAN_LUT
 .rodata.HAL_RCC_GetSysClockFreq.str1.4
                0x08005730       0x11 build/stm32f1xx_hal_rcc.o
 *fill*         0x08005741        0x3 
 .rodata.AHBPrescTable
                0x08005744       0x10 build/system_stm32f1xx.o
                0x08005744                AHBPrescTable
 .rodata.APBPrescTable
                0x08005754        0x8 build/system_stm32f1xx.o
                0x08005754                APBPrescTable
 .rodata._global_impure_ptr
                0x0800575c        0x4 d:/software/gnu arm embedded toolchain/10 2021.07/bin/../lib/gcc/arm-none-eabi/10.3.1/../../../../arm-none-eabi/lib/thumb/v7-m/nofp\libc.a(lib_a-impure.o)
                0x0800575c                _global_impure_ptr
                0x08005760                . = ALIGN (0x4)

.rel.dyn        0x08005760        0x0
 .rel.iplt      0x08005760        0x0 d:/software/gnu arm embedded toolchain/10 2021.07/bin/../lib/gcc/arm-none-eabi/10.3.1/thumb/v7-m/nofp/crtbegin.o

.ARM.extab
 *(.ARM.extab* .gnu.linkonce.armextab.*)

.ARM            0x08005760        0x0
                0x08005760                __exidx_start = .
 *(.ARM.exidx*)
                0x08005760                __exidx_end = .

.preinit_array  0x08005760        0x0
                0x08005760                PROVIDE (__preinit_array_start = .)
 *(.preinit_array*)
                0x08005760                PROVIDE (__preinit_array_end = .)

.init_array     0x08005760        0x8
                0x08005760                PROVIDE (__init_array_start = .)
 *(SORT_BY_NAME(.init_array.*))
 .init_array.00000
                0x08005760        0x4 d:/software/gnu arm embedded toolchain/10 2021.07/bin/../lib/gcc/arm-none-eabi/10.3.1/../../../../arm-none-eabi/lib/thumb/v7-m/nofp\libc.a(lib_a-__call_atexit.o)
 *(.init_array*)
 .init_array    0x08005764        0x4 d:/software/gnu arm embedded toolchain/10 2021.07/bin/../lib/gcc/arm-none-eabi/10.3.1/thumb/v7-m/nofp/crtbegin.o
                0x08005768                PROVIDE (__init_array_end = .)

.fini_array     0x08005768        0x4
                0x08005768                PROVIDE (__fini_array_start = .)
 *(SORT_BY_NAME(.fini_array.*))
 *(.fini_array*)
 .fini_array    0x08005768        0x4 d:/software/gnu arm embedded toolchain/10 2021.07/bin/../lib/gcc/arm-none-eabi/10.3.1/thumb/v7-m/nofp/crtbegin.o
                0x0800576c                PROVIDE (__fini_array_end = .)
                0x0800576c                _sidata = LOADADDR (.data)

.data           0x20000000      0x46c load address 0x0800576c
                0x20000000                . = ALIGN (0x4)
                0x20000000                _sdata = .
 *(.data)
 *(.data*)
 .data.State    0x20000000        0x4 build/main.o
                0x20000000                State
 .data.resource_location
                0x20000004       0x18 build/main.o
                0x20000004                resource_location
 .data.uwTickFreq
                0x2000001c        0x1 build/stm32f1xx_hal.o
                0x2000001c                uwTickFreq
 *fill*         0x2000001d        0x3 
 .data.uwTickPrio
                0x20000020        0x4 build/stm32f1xx_hal.o
                0x20000020                uwTickPrio
 .data.SystemCoreClock
                0x20000024        0x4 build/system_stm32f1xx.o
                0x20000024                SystemCoreClock
 .data.calibrateAcce
                0x20000028        0x3 build/jy62.o
                0x20000028                calibrateAcce
 *fill*         0x2000002b        0x1 
 .data.initAngle
                0x2000002c        0x3 build/jy62.o
                0x2000002c                initAngle
 *fill*         0x2000002f        0x1 
 .data.setBaud115200
                0x20000030        0x3 build/jy62.o
                0x20000030                setBaud115200
 *fill*         0x20000033        0x1 
 .data.setHorizontal
                0x20000034        0x3 build/jy62.o
                0x20000034                setHorizontal
 *fill*         0x20000037        0x1 
 .data.sleepAndAwake
                0x20000038        0x3 build/jy62.o
                0x20000038                sleepAndAwake
 *fill*         0x2000003b        0x5 
 .data.impure_data
                0x20000040      0x428 d:/software/gnu arm embedded toolchain/10 2021.07/bin/../lib/gcc/arm-none-eabi/10.3.1/../../../../arm-none-eabi/lib/thumb/v7-m/nofp\libc.a(lib_a-impure.o)
 .data.__atexit_recursive_mutex
                0x20000468        0x4 d:/software/gnu arm embedded toolchain/10 2021.07/bin/../lib/gcc/arm-none-eabi/10.3.1/../../../../arm-none-eabi/lib/thumb/v7-m/nofp\libc.a(lib_a-__call_atexit.o)
                0x20000468                __atexit_recursive_mutex
                0x2000046c                . = ALIGN (0x4)
                0x2000046c                _edata = .

.igot.plt       0x2000046c        0x0 load address 0x08005bd8
 .igot.plt      0x2000046c        0x0 d:/software/gnu arm embedded toolchain/10 2021.07/bin/../lib/gcc/arm-none-eabi/10.3.1/thumb/v7-m/nofp/crtbegin.o
                0x2000046c                . = ALIGN (0x4)

.bss            0x2000046c      0x4d8 load address 0x08005bd8
                0x2000046c                _sbss = .
                0x2000046c                __bss_start__ = _sbss
 *(.bss)
 .bss           0x2000046c       0x1c d:/software/gnu arm embedded toolchain/10 2021.07/bin/../lib/gcc/arm-none-eabi/10.3.1/thumb/v7-m/nofp/crtbegin.o
 *(.bss*)
 .bss.Prev_Pos  0x20000488       0x24 build/main.o
                0x20000488                Prev_Pos
 .bss.Prev_Pos_head
                0x200004ac        0x2 build/main.o
                0x200004ac                Prev_Pos_head
 *fill*         0x200004ae        0x2 
 .bss.car_Pos   0x200004b0        0x8 build/main.o
                0x200004b0                car_Pos
 .bss.count_beacon
                0x200004b8        0x4 build/main.o
                0x200004b8                count_beacon
 .bss.score     0x200004bc        0x4 build/main.o
                0x200004bc                score
 .bss.htim1     0x200004c0       0x48 build/tim.o
                0x200004c0                htim1
 .bss.htim2     0x20000508       0x48 build/tim.o
                0x20000508                htim2
 .bss.htim3     0x20000550       0x48 build/tim.o
                0x20000550                htim3
 .bss.htim4     0x20000598       0x48 build/tim.o
                0x20000598                htim4
 .bss.htim5     0x200005e0       0x48 build/tim.o
                0x200005e0                htim5
 .bss.htim8     0x20000628       0x48 build/tim.o
                0x20000628                htim8
 .bss.uwTick    0x20000670        0x4 build/stm32f1xx_hal.o
                0x20000670                uwTick
 .bss.hdma_usart1_rx
                0x20000674       0x44 build/usart.o
                0x20000674                hdma_usart1_rx
 .bss.hdma_usart2_rx
                0x200006b8       0x44 build/usart.o
                0x200006b8                hdma_usart2_rx
 .bss.huart1    0x200006fc       0x44 build/usart.o
                0x200006fc                huart1
 .bss.huart2    0x20000740       0x44 build/usart.o
                0x20000740                huart2
 .bss.Accelerate
                0x20000784        0xc build/jy62.o
                0x20000784                Accelerate
 .bss.Angle     0x20000790        0xc build/jy62.o
                0x20000790                Angle
 .bss.PrevLen   0x2000079c        0x1 build/jy62.o
                0x2000079c                PrevLen
 .bss.SuccLen   0x2000079d        0x1 build/jy62.o
                0x2000079d                SuccLen
 *fill*         0x2000079e        0x2 
 .bss.Temperature
                0x200007a0        0x4 build/jy62.o
                0x200007a0                Temperature
 .bss.Velocity  0x200007a4        0xc build/jy62.o
                0x200007a4                Velocity
 .bss.jy62Message
                0x200007b0        0xb build/jy62.o
                0x200007b0                jy62Message
 *fill*         0x200007bb        0x1 
 .bss.jy62PrevInfoHolder
                0x200007bc        0xb build/jy62.o
                0x200007bc                jy62PrevInfoHolder
 *fill*         0x200007c7        0x1 
 .bss.jy62Receive
                0x200007c8        0xb build/jy62.o
                0x200007c8                jy62Receive
 *fill*         0x200007d3        0x1 
 .bss.jy62_huart
                0x200007d4        0x4 build/jy62.o
                0x200007d4                jy62_huart
 .bss.zigbeeMessage
                0x200007d8       0x30 build/zigbee.o
                0x200007d8                zigbeeMessage
 .bss.zigbeeReceive
                0x20000808       0xff build/zigbee.o
                0x20000808                zigbeeReceive
 *fill*         0x20000907        0x1 
 .bss.zigbee_halfrecv_buff
                0x20000908       0x30 build/zigbee.o
                0x20000908                zigbee_halfrecv_buff
 .bss.zigbee_halfrecv_len
                0x20000938        0x1 build/zigbee.o
                0x20000938                zigbee_halfrecv_len
 *fill*         0x20000939        0x3 
 .bss.zigbee_huart
                0x2000093c        0x4 build/zigbee.o
                0x2000093c                zigbee_huart
 .bss.__lock___atexit_recursive_mutex
                0x20000940        0x1 d:/software/gnu arm embedded toolchain/10 2021.07/bin/../lib/gcc/arm-none-eabi/10.3.1/../../../../arm-none-eabi/lib/thumb/v7-m/nofp\libc.a(lib_a-lock.o)
                0x20000940                __lock___atexit_recursive_mutex
 *(COMMON)
                0x20000944                . = ALIGN (0x4)
 *fill*         0x20000941        0x3 
                0x20000944                _ebss = .
                0x20000944                __bss_end__ = _ebss

._user_heap_stack
                0x20000944      0x604 load address 0x08005bd8
                0x20000948                . = ALIGN (0x8)
 *fill*         0x20000944        0x4 
                0x20000948                PROVIDE (end = .)
                [!provide]                PROVIDE (_end = .)
                0x20000b48                . = (. + _Min_Heap_Size)
 *fill*         0x20000948      0x200 
                0x20000f48                . = (. + _Min_Stack_Size)
 *fill*         0x20000b48      0x400 
                0x20000f48                . = ALIGN (0x8)

/DISCARD/
 libc.a(*)
 libm.a(*)
 libgcc.a(*)

.ARM.attributes
                0x00000000       0x29
 *(.ARM.attributes)
 .ARM.attributes
                0x00000000       0x1d d:/software/gnu arm embedded toolchain/10 2021.07/bin/../lib/gcc/arm-none-eabi/10.3.1/thumb/v7-m/nofp/crti.o
 .ARM.attributes
                0x0000001d       0x2d d:/software/gnu arm embedded toolchain/10 2021.07/bin/../lib/gcc/arm-none-eabi/10.3.1/thumb/v7-m/nofp/crtbegin.o
 .ARM.attributes
                0x0000004a       0x2d build/main.o
 .ARM.attributes
                0x00000077       0x2d build/gpio.o
 .ARM.attributes
                0x000000a4       0x2d build/tim.o
 .ARM.attributes
                0x000000d1       0x2d build/stm32f1xx_it.o
 .ARM.attributes
                0x000000fe       0x2d build/stm32f1xx_hal_msp.o
 .ARM.attributes
                0x0000012b       0x2d build/stm32f1xx_hal_tim.o
 .ARM.attributes
                0x00000158       0x2d build/stm32f1xx_hal_tim_ex.o
 .ARM.attributes
                0x00000185       0x2d build/stm32f1xx_hal.o
 .ARM.attributes
                0x000001b2       0x2d build/stm32f1xx_hal_rcc.o
 .ARM.attributes
                0x000001df       0x2d build/stm32f1xx_hal_gpio.o
 .ARM.attributes
                0x0000020c       0x2d build/stm32f1xx_hal_dma.o
 .ARM.attributes
                0x00000239       0x2d build/stm32f1xx_hal_cortex.o
 .ARM.attributes
                0x00000266       0x2d build/system_stm32f1xx.o
 .ARM.attributes
                0x00000293       0x2d build/usart.o
 .ARM.attributes
                0x000002c0       0x2d build/stm32f1xx_hal_uart.o
 .ARM.attributes
                0x000002ed       0x2d build/dma.o
 .ARM.attributes
                0x0000031a       0x2d build/jy62.o
 .ARM.attributes
                0x00000347       0x2d build/zigbee.o
 .ARM.attributes
                0x00000374       0x21 build/startup_stm32f103xe.o
 .ARM.attributes
                0x00000395       0x2d d:/software/gnu arm embedded toolchain/10 2021.07/bin/../lib/gcc/arm-none-eabi/10.3.1/../../../../arm-none-eabi/lib/thumb/v7-m/nofp\libc.a(lib_a-impure.o)
 .ARM.attributes
                0x000003c2       0x2d d:/software/gnu arm embedded toolchain/10 2021.07/bin/../lib/gcc/arm-none-eabi/10.3.1/../../../../arm-none-eabi/lib/thumb/v7-m/nofp\libc.a(lib_a-init.o)
 .ARM.attributes
                0x000003ef       0x1b d:/software/gnu arm embedded toolchain/10 2021.07/bin/../lib/gcc/arm-none-eabi/10.3.1/../../../../arm-none-eabi/lib/thumb/v7-m/nofp\libc.a(lib_a-memcpy.o)
 .ARM.attributes
                0x0000040a       0x2d d:/software/gnu arm embedded toolchain/10 2021.07/bin/../lib/gcc/arm-none-eabi/10.3.1/../../../../arm-none-eabi/lib/thumb/v7-m/nofp\libc.a(lib_a-memset.o)
 .ARM.attributes
                0x00000437       0x2d d:/software/gnu arm embedded toolchain/10 2021.07/bin/../lib/gcc/arm-none-eabi/10.3.1/../../../../arm-none-eabi/lib/thumb/v7-m/nofp\libc.a(lib_a-__call_atexit.o)
 .ARM.attributes
                0x00000464       0x2d d:/software/gnu arm embedded toolchain/10 2021.07/bin/../lib/gcc/arm-none-eabi/10.3.1/../../../../arm-none-eabi/lib/thumb/v7-m/nofp\libc.a(lib_a-atexit.o)
 .ARM.attributes
                0x00000491       0x2d d:/software/gnu arm embedded toolchain/10 2021.07/bin/../lib/gcc/arm-none-eabi/10.3.1/../../../../arm-none-eabi/lib/thumb/v7-m/nofp\libc.a(lib_a-fini.o)
 .ARM.attributes
                0x000004be       0x2d d:/software/gnu arm embedded toolchain/10 2021.07/bin/../lib/gcc/arm-none-eabi/10.3.1/../../../../arm-none-eabi/lib/thumb/v7-m/nofp\libc.a(lib_a-lock.o)
 .ARM.attributes
                0x000004eb       0x2d d:/software/gnu arm embedded toolchain/10 2021.07/bin/../lib/gcc/arm-none-eabi/10.3.1/../../../../arm-none-eabi/lib/thumb/v7-m/nofp\libc.a(lib_a-__atexit.o)
 .ARM.attributes
                0x00000518       0x1d d:/software/gnu arm embedded toolchain/10 2021.07/bin/../lib/gcc/arm-none-eabi/10.3.1/thumb/v7-m/nofp\libgcc.a(_arm_mulsf3.o)
 .ARM.attributes
                0x00000535       0x1d d:/software/gnu arm embedded toolchain/10 2021.07/bin/../lib/gcc/arm-none-eabi/10.3.1/thumb/v7-m/nofp\libgcc.a(_arm_addsubdf3.o)
 .ARM.attributes
                0x00000552       0x1d d:/software/gnu arm embedded toolchain/10 2021.07/bin/../lib/gcc/arm-none-eabi/10.3.1/thumb/v7-m/nofp\libgcc.a(_arm_muldivdf3.o)
 .ARM.attributes
                0x0000056f       0x1d d:/software/gnu arm embedded toolchain/10 2021.07/bin/../lib/gcc/arm-none-eabi/10.3.1/thumb/v7-m/nofp\libgcc.a(_arm_cmpdf2.o)
 .ARM.attributes
                0x0000058c       0x1d d:/software/gnu arm embedded toolchain/10 2021.07/bin/../lib/gcc/arm-none-eabi/10.3.1/thumb/v7-m/nofp\libgcc.a(_arm_fixdfsi.o)
 .ARM.attributes
                0x000005a9       0x1d d:/software/gnu arm embedded toolchain/10 2021.07/bin/../lib/gcc/arm-none-eabi/10.3.1/thumb/v7-m/nofp\libgcc.a(_arm_truncdfsf2.o)
 .ARM.attributes
                0x000005c6       0x1d d:/software/gnu arm embedded toolchain/10 2021.07/bin/../lib/gcc/arm-none-eabi/10.3.1/thumb/v7-m/nofp\libgcc.a(_arm_addsubsf3.o)
 .ARM.attributes
                0x000005e3       0x1d d:/software/gnu arm embedded toolchain/10 2021.07/bin/../lib/gcc/arm-none-eabi/10.3.1/thumb/v7-m/nofp\libgcc.a(_arm_cmpsf2.o)
 .ARM.attributes
                0x00000600       0x1d d:/software/gnu arm embedded toolchain/10 2021.07/bin/../lib/gcc/arm-none-eabi/10.3.1/thumb/v7-m/nofp/crtn.o
OUTPUT(build/Lesson4.elf elf32-littlearm)
LOAD linker stubs
LOAD d:/software/gnu arm embedded toolchain/10 2021.07/bin/../lib/gcc/arm-none-eabi/10.3.1/../../../../arm-none-eabi/lib/thumb/v7-m/nofp\libc.a
LOAD d:/software/gnu arm embedded toolchain/10 2021.07/bin/../lib/gcc/arm-none-eabi/10.3.1/../../../../arm-none-eabi/lib/thumb/v7-m/nofp\libm.a
LOAD d:/software/gnu arm embedded toolchain/10 2021.07/bin/../lib/gcc/arm-none-eabi/10.3.1/thumb/v7-m/nofp\libgcc.a

.debug_info     0x00000000    0x12920
 .debug_info    0x00000000     0x27b6 build/main.o
 .debug_info    0x000027b6      0x383 build/gpio.o
 .debug_info    0x00002b39     0x1771 build/tim.o
 .debug_info    0x000042aa      0xb75 build/stm32f1xx_it.o
 .debug_info    0x00004e1f      0x238 build/stm32f1xx_hal_msp.o
 .debug_info    0x00005057     0x3df8 build/stm32f1xx_hal_tim.o
 .debug_info    0x00008e4f     0x1b67 build/stm32f1xx_hal_tim_ex.o
 .debug_info    0x0000a9b6      0x8bb build/stm32f1xx_hal.o
 .debug_info    0x0000b271      0xaec build/stm32f1xx_hal_rcc.o
 .debug_info    0x0000bd5d      0x6d7 build/stm32f1xx_hal_gpio.o
 .debug_info    0x0000c434      0x8ba build/stm32f1xx_hal_dma.o
 .debug_info    0x0000ccee      0xe93 build/stm32f1xx_hal_cortex.o
 .debug_info    0x0000db81      0x26e build/system_stm32f1xx.o
 .debug_info    0x0000ddef      0xf78 build/usart.o
 .debug_info    0x0000ed67     0x1e12 build/stm32f1xx_hal_uart.o
 .debug_info    0x00010b79      0x3ab build/dma.o
 .debug_info    0x00010f24      0xe08 build/jy62.o
 .debug_info    0x00011d2c      0xbd2 build/zigbee.o
 .debug_info    0x000128fe       0x22 build/startup_stm32f103xe.o

.debug_abbrev   0x00000000     0x273a
 .debug_abbrev  0x00000000      0x386 build/main.o
 .debug_abbrev  0x00000386      0x13f build/gpio.o
 .debug_abbrev  0x000004c5      0x246 build/tim.o
 .debug_abbrev  0x0000070b      0x1d6 build/stm32f1xx_it.o
 .debug_abbrev  0x000008e1       0xe7 build/stm32f1xx_hal_msp.o
 .debug_abbrev  0x000009c8      0x296 build/stm32f1xx_hal_tim.o
 .debug_abbrev  0x00000c5e      0x298 build/stm32f1xx_hal_tim_ex.o
 .debug_abbrev  0x00000ef6      0x1f7 build/stm32f1xx_hal.o
 .debug_abbrev  0x000010ed      0x29a build/stm32f1xx_hal_rcc.o
 .debug_abbrev  0x00001387      0x222 build/stm32f1xx_hal_gpio.o
 .debug_abbrev  0x000015a9      0x262 build/stm32f1xx_hal_dma.o
 .debug_abbrev  0x0000180b      0x359 build/stm32f1xx_hal_cortex.o
 .debug_abbrev  0x00001b64      0x140 build/system_stm32f1xx.o
 .debug_abbrev  0x00001ca4      0x2a8 build/usart.o
 .debug_abbrev  0x00001f4c      0x2ab build/stm32f1xx_hal_uart.o
 .debug_abbrev  0x000021f7      0x117 build/dma.o
 .debug_abbrev  0x0000230e      0x204 build/jy62.o
 .debug_abbrev  0x00002512      0x216 build/zigbee.o
 .debug_abbrev  0x00002728       0x12 build/startup_stm32f103xe.o

.debug_loc      0x00000000     0xd5f3
 .debug_loc     0x00000000      0xa30 build/main.o
 .debug_loc     0x00000a30       0x38 build/gpio.o
 .debug_loc     0x00000a68      0x4ef build/tim.o
 .debug_loc     0x00000f57       0xc0 build/stm32f1xx_it.o
 .debug_loc     0x00001017       0x41 build/stm32f1xx_hal_msp.o
 .debug_loc     0x00001058     0x5280 build/stm32f1xx_hal_tim.o
 .debug_loc     0x000062d8     0x1f72 build/stm32f1xx_hal_tim_ex.o
 .debug_loc     0x0000824a      0x1e1 build/stm32f1xx_hal.o
 .debug_loc     0x0000842b      0x7ee build/stm32f1xx_hal_rcc.o
 .debug_loc     0x00008c19      0x551 build/stm32f1xx_hal_gpio.o
 .debug_loc     0x0000916a      0x8ea build/stm32f1xx_hal_dma.o
 .debug_loc     0x00009a54      0x77f build/stm32f1xx_hal_cortex.o
 .debug_loc     0x0000a1d3       0xff build/system_stm32f1xx.o
 .debug_loc     0x0000a2d2      0x2e8 build/usart.o
 .debug_loc     0x0000a5ba     0x267b build/stm32f1xx_hal_uart.o
 .debug_loc     0x0000cc35       0x38 build/dma.o
 .debug_loc     0x0000cc6d      0x2c1 build/jy62.o
 .debug_loc     0x0000cf2e      0x6c5 build/zigbee.o

.debug_aranges  0x00000000      0xe90
 .debug_aranges
                0x00000000       0xb0 build/main.o
 .debug_aranges
                0x000000b0       0x20 build/gpio.o
 .debug_aranges
                0x000000d0       0x70 build/tim.o
 .debug_aranges
                0x00000140       0x88 build/stm32f1xx_it.o
 .debug_aranges
                0x000001c8       0x20 build/stm32f1xx_hal_msp.o
 .debug_aranges
                0x000001e8      0x3d0 build/stm32f1xx_hal_tim.o
 .debug_aranges
                0x000005b8      0x168 build/stm32f1xx_hal_tim_ex.o
 .debug_aranges
                0x00000720       0xe0 build/stm32f1xx_hal.o
 .debug_aranges
                0x00000800       0x90 build/stm32f1xx_hal_rcc.o
 .debug_aranges
                0x00000890       0x58 build/stm32f1xx_hal_gpio.o
 .debug_aranges
                0x000008e8       0x80 build/stm32f1xx_hal_dma.o
 .debug_aranges
                0x00000968       0x90 build/stm32f1xx_hal_cortex.o
 .debug_aranges
                0x000009f8       0x28 build/system_stm32f1xx.o
 .debug_aranges
                0x00000a20       0x58 build/usart.o
 .debug_aranges
                0x00000a78      0x200 build/stm32f1xx_hal_uart.o
 .debug_aranges
                0x00000c78       0x20 build/dma.o
 .debug_aranges
                0x00000c98       0xd0 build/jy62.o
 .debug_aranges
                0x00000d68      0x100 build/zigbee.o
 .debug_aranges
                0x00000e68       0x28 build/startup_stm32f103xe.o

.debug_ranges   0x00000000      0xe18
 .debug_ranges  0x00000000       0xa0 build/main.o
 .debug_ranges  0x000000a0       0x10 build/gpio.o
 .debug_ranges  0x000000b0       0x60 build/tim.o
 .debug_ranges  0x00000110       0x78 build/stm32f1xx_it.o
 .debug_ranges  0x00000188       0x10 build/stm32f1xx_hal_msp.o
 .debug_ranges  0x00000198      0x3c0 build/stm32f1xx_hal_tim.o
 .debug_ranges  0x00000558      0x158 build/stm32f1xx_hal_tim_ex.o
 .debug_ranges  0x000006b0       0xd0 build/stm32f1xx_hal.o
 .debug_ranges  0x00000780       0xa0 build/stm32f1xx_hal_rcc.o
 .debug_ranges  0x00000820       0x48 build/stm32f1xx_hal_gpio.o
 .debug_ranges  0x00000868       0x70 build/stm32f1xx_hal_dma.o
 .debug_ranges  0x000008d8       0xe0 build/stm32f1xx_hal_cortex.o
 .debug_ranges  0x000009b8       0x18 build/system_stm32f1xx.o
 .debug_ranges  0x000009d0       0x48 build/usart.o
 .debug_ranges  0x00000a18      0x1f0 build/stm32f1xx_hal_uart.o
 .debug_ranges  0x00000c08       0x10 build/dma.o
 .debug_ranges  0x00000c18       0xf0 build/jy62.o
 .debug_ranges  0x00000d08       0xf0 build/zigbee.o
 .debug_ranges  0x00000df8       0x20 build/startup_stm32f103xe.o

.debug_line     0x00000000     0xe0de
 .debug_line    0x00000000      0xc14 build/main.o
 .debug_line    0x00000c14      0x1dc build/gpio.o
 .debug_line    0x00000df0      0x8c9 build/tim.o
 .debug_line    0x000016b9      0x34c build/stm32f1xx_it.o
 .debug_line    0x00001a05      0x15f build/stm32f1xx_hal_msp.o
 .debug_line    0x00001b64     0x471f build/stm32f1xx_hal_tim.o
 .debug_line    0x00006283     0x1ba8 build/stm32f1xx_hal_tim_ex.o
 .debug_line    0x00007e2b      0x510 build/stm32f1xx_hal.o
 .debug_line    0x0000833b      0xc0e build/stm32f1xx_hal_rcc.o
 .debug_line    0x00008f49      0x5d9 build/stm32f1xx_hal_gpio.o
 .debug_line    0x00009522      0xccd build/stm32f1xx_hal_dma.o
 .debug_line    0x0000a1ef      0x61b build/stm32f1xx_hal_cortex.o
 .debug_line    0x0000a80a      0x228 build/system_stm32f1xx.o
 .debug_line    0x0000aa32      0x61c build/usart.o
 .debug_line    0x0000b04e     0x209d build/stm32f1xx_hal_uart.o
 .debug_line    0x0000d0eb      0x183 build/dma.o
 .debug_line    0x0000d26e      0x674 build/jy62.o
 .debug_line    0x0000d8e2      0x787 build/zigbee.o
 .debug_line    0x0000e069       0x75 build/startup_stm32f103xe.o

.debug_str      0x00000000     0x4036
 .debug_str     0x00000000      0xe48 build/main.o
                                0xf37 (size before relaxing)
 .debug_str     0x00000e48       0x90 build/gpio.o
                                0x25a (size before relaxing)
 .debug_str     0x00000ed8      0x7b1 build/tim.o
                                0xf42 (size before relaxing)
 .debug_str     0x00001689      0x18c build/stm32f1xx_it.o
                                0x9ae (size before relaxing)
 .debug_str     0x00001815       0x29 build/stm32f1xx_hal_msp.o
                                0x1fc (size before relaxing)
 .debug_str     0x0000183e      0xcd8 build/stm32f1xx_hal_tim.o
                               0x1615 (size before relaxing)
 .debug_str     0x00002516      0x46f build/stm32f1xx_hal_tim_ex.o
                                0xe16 (size before relaxing)
 .debug_str     0x00002985      0x309 build/stm32f1xx_hal.o
                                0x8e5 (size before relaxing)
 .debug_str     0x00002c8e      0x1fe build/stm32f1xx_hal_rcc.o
                                0x608 (size before relaxing)
 .debug_str     0x00002e8c      0x117 build/stm32f1xx_hal_gpio.o
                                0x3dd (size before relaxing)
 .debug_str     0x00002fa3      0x1f7 build/stm32f1xx_hal_dma.o
                                0x5da (size before relaxing)
 .debug_str     0x0000319a      0x392 build/stm32f1xx_hal_cortex.o
                                0x994 (size before relaxing)
 .debug_str     0x0000352c       0x4f build/system_stm32f1xx.o
                                0x231 (size before relaxing)
 .debug_str     0x0000357b      0x116 build/usart.o
                                0xbd2 (size before relaxing)
 .debug_str     0x00003691      0x578 build/stm32f1xx_hal_uart.o
                                0xc6b (size before relaxing)
 .debug_str     0x00003c09        0xf build/dma.o
                                0x5a1 (size before relaxing)
 .debug_str     0x00003c18      0x1bd build/jy62.o
                                0x807 (size before relaxing)
 .debug_str     0x00003dd5      0x23d build/zigbee.o
                                0x82d (size before relaxing)
 .debug_str     0x00004012       0x24 build/startup_stm32f103xe.o
                                 0x50 (size before relaxing)

.comment        0x00000000       0x49
 .comment       0x00000000       0x49 build/main.o
                                 0x4a (size before relaxing)
 .comment       0x00000049       0x4a build/gpio.o
 .comment       0x00000049       0x4a build/tim.o
 .comment       0x00000049       0x4a build/stm32f1xx_it.o
 .comment       0x00000049       0x4a build/stm32f1xx_hal_msp.o
 .comment       0x00000049       0x4a build/stm32f1xx_hal_tim.o
 .comment       0x00000049       0x4a build/stm32f1xx_hal_tim_ex.o
 .comment       0x00000049       0x4a build/stm32f1xx_hal.o
 .comment       0x00000049       0x4a build/stm32f1xx_hal_rcc.o
 .comment       0x00000049       0x4a build/stm32f1xx_hal_gpio.o
 .comment       0x00000049       0x4a build/stm32f1xx_hal_dma.o
 .comment       0x00000049       0x4a build/stm32f1xx_hal_cortex.o
 .comment       0x00000049       0x4a build/system_stm32f1xx.o
 .comment       0x00000049       0x4a build/usart.o
 .comment       0x00000049       0x4a build/stm32f1xx_hal_uart.o
 .comment       0x00000049       0x4a build/dma.o
 .comment       0x00000049       0x4a build/jy62.o
 .comment       0x00000049       0x4a build/zigbee.o

.debug_frame    0x00000000     0x2b04
 .debug_frame   0x00000000      0x240 build/main.o
 .debug_frame   0x00000240       0x38 build/gpio.o
 .debug_frame   0x00000278      0x164 build/tim.o
 .debug_frame   0x000003dc      0x120 build/stm32f1xx_it.o
 .debug_frame   0x000004fc       0x28 build/stm32f1xx_hal_msp.o
 .debug_frame   0x00000524      0xb04 build/stm32f1xx_hal_tim.o
 .debug_frame   0x00001028      0x40c build/stm32f1xx_hal_tim_ex.o
 .debug_frame   0x00001434      0x1cc build/stm32f1xx_hal.o
 .debug_frame   0x00001600      0x190 build/stm32f1xx_hal_rcc.o
 .debug_frame   0x00001790       0xe4 build/stm32f1xx_hal_gpio.o
 .debug_frame   0x00001874      0x140 build/stm32f1xx_hal_dma.o
 .debug_frame   0x000019b4      0x118 build/stm32f1xx_hal_cortex.o
 .debug_frame   0x00001acc       0x30 build/system_stm32f1xx.o
 .debug_frame   0x00001afc       0xfc build/usart.o
 .debug_frame   0x00001bf8      0x5c4 build/stm32f1xx_hal_uart.o
 .debug_frame   0x000021bc       0x2c build/dma.o
 .debug_frame   0x000021e8      0x1f4 build/jy62.o
 .debug_frame   0x000023dc      0x1fc build/zigbee.o
 .debug_frame   0x000025d8       0x2c d:/software/gnu arm embedded toolchain/10 2021.07/bin/../lib/gcc/arm-none-eabi/10.3.1/../../../../arm-none-eabi/lib/thumb/v7-m/nofp\libc.a(lib_a-init.o)
 .debug_frame   0x00002604       0x2c d:/software/gnu arm embedded toolchain/10 2021.07/bin/../lib/gcc/arm-none-eabi/10.3.1/../../../../arm-none-eabi/lib/thumb/v7-m/nofp\libc.a(lib_a-memset.o)
 .debug_frame   0x00002630       0x5c d:/software/gnu arm embedded toolchain/10 2021.07/bin/../lib/gcc/arm-none-eabi/10.3.1/../../../../arm-none-eabi/lib/thumb/v7-m/nofp\libc.a(lib_a-__call_atexit.o)
 .debug_frame   0x0000268c       0x20 d:/software/gnu arm embedded toolchain/10 2021.07/bin/../lib/gcc/arm-none-eabi/10.3.1/../../../../arm-none-eabi/lib/thumb/v7-m/nofp\libc.a(lib_a-atexit.o)
 .debug_frame   0x000026ac       0x34 d:/software/gnu arm embedded toolchain/10 2021.07/bin/../lib/gcc/arm-none-eabi/10.3.1/../../../../arm-none-eabi/lib/thumb/v7-m/nofp\libc.a(lib_a-fini.o)
 .debug_frame   0x000026e0       0xb0 d:/software/gnu arm embedded toolchain/10 2021.07/bin/../lib/gcc/arm-none-eabi/10.3.1/../../../../arm-none-eabi/lib/thumb/v7-m/nofp\libc.a(lib_a-lock.o)
 .debug_frame   0x00002790       0x34 d:/software/gnu arm embedded toolchain/10 2021.07/bin/../lib/gcc/arm-none-eabi/10.3.1/../../../../arm-none-eabi/lib/thumb/v7-m/nofp\libc.a(lib_a-__atexit.o)
 .debug_frame   0x000027c4       0x24 d:/software/gnu arm embedded toolchain/10 2021.07/bin/../lib/gcc/arm-none-eabi/10.3.1/thumb/v7-m/nofp\libgcc.a(_arm_mulsf3.o)
 .debug_frame   0x000027e8       0xac d:/software/gnu arm embedded toolchain/10 2021.07/bin/../lib/gcc/arm-none-eabi/10.3.1/thumb/v7-m/nofp\libgcc.a(_arm_addsubdf3.o)
 .debug_frame   0x00002894       0x50 d:/software/gnu arm embedded toolchain/10 2021.07/bin/../lib/gcc/arm-none-eabi/10.3.1/thumb/v7-m/nofp\libgcc.a(_arm_muldivdf3.o)
 .debug_frame   0x000028e4       0xc4 d:/software/gnu arm embedded toolchain/10 2021.07/bin/../lib/gcc/arm-none-eabi/10.3.1/thumb/v7-m/nofp\libgcc.a(_arm_cmpdf2.o)
 .debug_frame   0x000029a8       0x24 d:/software/gnu arm embedded toolchain/10 2021.07/bin/../lib/gcc/arm-none-eabi/10.3.1/thumb/v7-m/nofp\libgcc.a(_arm_fixdfsi.o)
 .debug_frame   0x000029cc       0x24 d:/software/gnu arm embedded toolchain/10 2021.07/bin/../lib/gcc/arm-none-eabi/10.3.1/thumb/v7-m/nofp\libgcc.a(_arm_truncdfsf2.o)
 .debug_frame   0x000029f0       0x4c d:/software/gnu arm embedded toolchain/10 2021.07/bin/../lib/gcc/arm-none-eabi/10.3.1/thumb/v7-m/nofp\libgcc.a(_arm_addsubsf3.o)
 .debug_frame   0x00002a3c       0xc8 d:/software/gnu arm embedded toolchain/10 2021.07/bin/../lib/gcc/arm-none-eabi/10.3.1/thumb/v7-m/nofp\libgcc.a(_arm_cmpsf2.o)

.stabstr        0x00000000      0x1b9
 .stabstr       0x00000000      0x1b9 d:/software/gnu arm embedded toolchain/10 2021.07/bin/../lib/gcc/arm-none-eabi/10.3.1/../../../../arm-none-eabi/lib/thumb/v7-m/nofp\libnosys.a(close.o)

Cross Reference Table

Symbol                                            File
ADC1_2_IRQHandler                                 build/startup_stm32f103xe.o
ADC3_IRQHandler                                   build/startup_stm32f103xe.o
AHBPrescTable                                     build/system_stm32f1xx.o
                                                  build/stm32f1xx_hal_rcc.o
APBPrescTable                                     build/system_stm32f1xx.o
                                                  build/stm32f1xx_hal_rcc.o
ATAN_LUT                                          build/main.o
Abs                                               build/main.o
Accelerate                                        build/jy62.o
Angle                                             build/jy62.o
BusFault_Handler                                  build/stm32f1xx_it.o
CAN1_RX1_IRQHandler                               build/startup_stm32f103xe.o
CAN1_SCE_IRQHandler                               build/startup_stm32f103xe.o
Calibrate                                         build/jy62.o
                                                  build/main.o
DMA1_Channel1_IRQHandler                          build/startup_stm32f103xe.o
DMA1_Channel2_IRQHandler                          build/startup_stm32f103xe.o
DMA1_Channel3_IRQHandler                          build/startup_stm32f103xe.o
DMA1_Channel4_IRQHandler                          build/startup_stm32f103xe.o
DMA1_Channel5_IRQHandler                          build/stm32f1xx_it.o
DMA1_Channel6_IRQHandler                          build/stm32f1xx_it.o
DMA1_Channel7_IRQHandler                          build/startup_stm32f103xe.o
DMA2_Channel1_IRQHandler                          build/startup_stm32f103xe.o
DMA2_Channel2_IRQHandler                          build/startup_stm32f103xe.o
DMA2_Channel3_IRQHandler                          build/startup_stm32f103xe.o
DMA2_Channel4_5_IRQHandler                        build/startup_stm32f103xe.o
DebugMon_Handler                                  build/stm32f1xx_it.o
Decode                                            build/jy62.o
DecodeAccelerate                                  build/jy62.o
DecodeAngle                                       build/jy62.o
DecodeTemperature                                 build/jy62.o
DecodeVelocity                                    build/jy62.o
Default_Handler                                   build/startup_stm32f103xe.o
EXTI0_IRQHandler                                  build/startup_stm32f103xe.o
EXTI15_10_IRQHandler                              build/startup_stm32f103xe.o
EXTI1_IRQHandler                                  build/startup_stm32f103xe.o
EXTI2_IRQHandler                                  build/startup_stm32f103xe.o
EXTI3_IRQHandler                                  build/startup_stm32f103xe.o
EXTI4_IRQHandler                                  build/startup_stm32f103xe.o
EXTI9_5_IRQHandler                                build/startup_stm32f103xe.o
Error_Handler                                     build/main.o
                                                  build/usart.o
                                                  build/tim.o
FLASH_IRQHandler                                  build/startup_stm32f103xe.o
FLASH_PageErase                                   build/stm32f1xx_hal_flash_ex.o
                                                  build/stm32f1xx_hal_flash.o
FLASH_WaitForLastOperation                        build/stm32f1xx_hal_flash.o
                                                  build/stm32f1xx_hal_flash_ex.o
FSMC_IRQHandler                                   build/startup_stm32f103xe.o
GetAccX                                           build/jy62.o
GetAccY                                           build/jy62.o
GetAccZ                                           build/jy62.o
GetPitch                                          build/jy62.o
GetRoll                                           build/jy62.o
GetTemperature                                    build/jy62.o
GetVeloX                                          build/jy62.o
GetVeloY                                          build/jy62.o
GetVeloZ                                          build/jy62.o
GetYaw                                            build/jy62.o
                                                  build/main.o
Get_Rep_opt                                       build/main.o
Goto                                              build/main.o
HAL_DBGMCU_DisableDBGSleepMode                    build/stm32f1xx_hal.o
HAL_DBGMCU_DisableDBGStandbyMode                  build/stm32f1xx_hal.o
HAL_DBGMCU_DisableDBGStopMode                     build/stm32f1xx_hal.o
HAL_DBGMCU_EnableDBGSleepMode                     build/stm32f1xx_hal.o
HAL_DBGMCU_EnableDBGStandbyMode                   build/stm32f1xx_hal.o
HAL_DBGMCU_EnableDBGStopMode                      build/stm32f1xx_hal.o
HAL_DMA_Abort                                     build/stm32f1xx_hal_dma.o
                                                  build/stm32f1xx_hal_uart.o
HAL_DMA_Abort_IT                                  build/stm32f1xx_hal_dma.o
                                                  build/stm32f1xx_hal_uart.o
                                                  build/stm32f1xx_hal_tim_ex.o
                                                  build/stm32f1xx_hal_tim.o
HAL_DMA_DeInit                                    build/stm32f1xx_hal_dma.o
                                                  build/usart.o
HAL_DMA_GetError                                  build/stm32f1xx_hal_dma.o
                                                  build/stm32f1xx_hal_uart.o
HAL_DMA_GetState                                  build/stm32f1xx_hal_dma.o
HAL_DMA_IRQHandler                                build/stm32f1xx_hal_dma.o
                                                  build/stm32f1xx_it.o
HAL_DMA_Init                                      build/stm32f1xx_hal_dma.o
                                                  build/usart.o
HAL_DMA_PollForTransfer                           build/stm32f1xx_hal_dma.o
HAL_DMA_RegisterCallback                          build/stm32f1xx_hal_dma.o
HAL_DMA_Start                                     build/stm32f1xx_hal_dma.o
HAL_DMA_Start_IT                                  build/stm32f1xx_hal_dma.o
                                                  build/stm32f1xx_hal_uart.o
                                                  build/stm32f1xx_hal_tim_ex.o
                                                  build/stm32f1xx_hal_tim.o
HAL_DMA_UnRegisterCallback                        build/stm32f1xx_hal_dma.o
HAL_DeInit                                        build/stm32f1xx_hal.o
HAL_Delay                                         build/stm32f1xx_hal.o
HAL_EXTI_ClearConfigLine                          build/stm32f1xx_hal_exti.o
HAL_EXTI_ClearPending                             build/stm32f1xx_hal_exti.o
HAL_EXTI_GenerateSWI                              build/stm32f1xx_hal_exti.o
HAL_EXTI_GetConfigLine                            build/stm32f1xx_hal_exti.o
HAL_EXTI_GetHandle                                build/stm32f1xx_hal_exti.o
HAL_EXTI_GetPending                               build/stm32f1xx_hal_exti.o
HAL_EXTI_IRQHandler                               build/stm32f1xx_hal_exti.o
HAL_EXTI_RegisterCallback                         build/stm32f1xx_hal_exti.o
HAL_EXTI_SetConfigLine                            build/stm32f1xx_hal_exti.o
HAL_FLASHEx_Erase                                 build/stm32f1xx_hal_flash_ex.o
HAL_FLASHEx_Erase_IT                              build/stm32f1xx_hal_flash_ex.o
HAL_FLASHEx_OBErase                               build/stm32f1xx_hal_flash_ex.o
HAL_FLASHEx_OBGetConfig                           build/stm32f1xx_hal_flash_ex.o
HAL_FLASHEx_OBGetUserData                         build/stm32f1xx_hal_flash_ex.o
HAL_FLASHEx_OBProgram                             build/stm32f1xx_hal_flash_ex.o
HAL_FLASH_EndOfOperationCallback                  build/stm32f1xx_hal_flash.o
HAL_FLASH_GetError                                build/stm32f1xx_hal_flash.o
HAL_FLASH_IRQHandler                              build/stm32f1xx_hal_flash.o
HAL_FLASH_Lock                                    build/stm32f1xx_hal_flash.o
HAL_FLASH_OB_Launch                               build/stm32f1xx_hal_flash.o
HAL_FLASH_OB_Lock                                 build/stm32f1xx_hal_flash.o
HAL_FLASH_OB_Unlock                               build/stm32f1xx_hal_flash.o
HAL_FLASH_OperationErrorCallback                  build/stm32f1xx_hal_flash.o
HAL_FLASH_Program                                 build/stm32f1xx_hal_flash.o
HAL_FLASH_Program_IT                              build/stm32f1xx_hal_flash.o
HAL_FLASH_Unlock                                  build/stm32f1xx_hal_flash.o
HAL_GPIOEx_ConfigEventout                         build/stm32f1xx_hal_gpio_ex.o
HAL_GPIOEx_DisableEventout                        build/stm32f1xx_hal_gpio_ex.o
HAL_GPIOEx_EnableEventout                         build/stm32f1xx_hal_gpio_ex.o
HAL_GPIO_DeInit                                   build/stm32f1xx_hal_gpio.o
                                                  build/usart.o
                                                  build/tim.o
HAL_GPIO_EXTI_Callback                            build/stm32f1xx_hal_gpio.o
HAL_GPIO_EXTI_IRQHandler                          build/stm32f1xx_hal_gpio.o
HAL_GPIO_Init                                     build/stm32f1xx_hal_gpio.o
                                                  build/usart.o
                                                  build/stm32f1xx_hal_rcc.o
                                                  build/tim.o
                                                  build/gpio.o
HAL_GPIO_LockPin                                  build/stm32f1xx_hal_gpio.o
HAL_GPIO_ReadPin                                  build/stm32f1xx_hal_gpio.o
HAL_GPIO_TogglePin                                build/stm32f1xx_hal_gpio.o
HAL_GPIO_WritePin                                 build/stm32f1xx_hal_gpio.o
                                                  build/gpio.o
                                                  build/main.o
HAL_GetDEVID                                      build/stm32f1xx_hal.o
HAL_GetHalVersion                                 build/stm32f1xx_hal.o
HAL_GetREVID                                      build/stm32f1xx_hal.o
HAL_GetTick                                       build/stm32f1xx_hal.o
                                                  build/stm32f1xx_hal_uart.o
                                                  build/stm32f1xx_hal_flash.o
                                                  build/stm32f1xx_hal_dma.o
                                                  build/stm32f1xx_hal_rcc_ex.o
                                                  build/stm32f1xx_hal_rcc.o
HAL_GetTickFreq                                   build/stm32f1xx_hal.o
HAL_GetTickPrio                                   build/stm32f1xx_hal.o
HAL_GetUIDw0                                      build/stm32f1xx_hal.o
HAL_GetUIDw1                                      build/stm32f1xx_hal.o
HAL_GetUIDw2                                      build/stm32f1xx_hal.o
HAL_HalfDuplex_EnableReceiver                     build/stm32f1xx_hal_uart.o
HAL_HalfDuplex_EnableTransmitter                  build/stm32f1xx_hal_uart.o
HAL_HalfDuplex_Init                               build/stm32f1xx_hal_uart.o
HAL_IncTick                                       build/stm32f1xx_hal.o
                                                  build/stm32f1xx_it.o
HAL_Init                                          build/stm32f1xx_hal.o
                                                  build/main.o
HAL_InitTick                                      build/stm32f1xx_hal.o
                                                  build/stm32f1xx_hal_rcc.o
HAL_LIN_Init                                      build/stm32f1xx_hal_uart.o
HAL_LIN_SendBreak                                 build/stm32f1xx_hal_uart.o
HAL_MspDeInit                                     build/stm32f1xx_hal.o
HAL_MspInit                                       build/stm32f1xx_hal_msp.o
HAL_MultiProcessor_EnterMuteMode                  build/stm32f1xx_hal_uart.o
HAL_MultiProcessor_ExitMuteMode                   build/stm32f1xx_hal_uart.o
HAL_MultiProcessor_Init                           build/stm32f1xx_hal_uart.o
HAL_NVIC_ClearPendingIRQ                          build/stm32f1xx_hal_cortex.o
HAL_NVIC_DisableIRQ                               build/stm32f1xx_hal_cortex.o
                                                  build/usart.o
                                                  build/tim.o
HAL_NVIC_EnableIRQ                                build/stm32f1xx_hal_cortex.o
                                                  build/dma.o
                                                  build/usart.o
                                                  build/tim.o
HAL_NVIC_GetActive                                build/stm32f1xx_hal_cortex.o
HAL_NVIC_GetPendingIRQ                            build/stm32f1xx_hal_cortex.o
HAL_NVIC_GetPriority                              build/stm32f1xx_hal_cortex.o
HAL_NVIC_GetPriorityGrouping                      build/stm32f1xx_hal_cortex.o
HAL_NVIC_SetPendingIRQ                            build/stm32f1xx_hal_cortex.o
HAL_NVIC_SetPriority                              build/stm32f1xx_hal_cortex.o
                                                  build/dma.o
                                                  build/usart.o
                                                  build/stm32f1xx_hal.o
                                                  build/tim.o
HAL_NVIC_SetPriorityGrouping                      build/stm32f1xx_hal_cortex.o
                                                  build/stm32f1xx_hal.o
HAL_NVIC_SystemReset                              build/stm32f1xx_hal_cortex.o
                                                  build/stm32f1xx_hal_flash.o
HAL_PWR_ConfigPVD                                 build/stm32f1xx_hal_pwr.o
HAL_PWR_DeInit                                    build/stm32f1xx_hal_pwr.o
HAL_PWR_DisableBkUpAccess                         build/stm32f1xx_hal_pwr.o
HAL_PWR_DisablePVD                                build/stm32f1xx_hal_pwr.o
HAL_PWR_DisableSEVOnPend                          build/stm32f1xx_hal_pwr.o
HAL_PWR_DisableSleepOnExit                        build/stm32f1xx_hal_pwr.o
HAL_PWR_DisableWakeUpPin                          build/stm32f1xx_hal_pwr.o
HAL_PWR_EnableBkUpAccess                          build/stm32f1xx_hal_pwr.o
HAL_PWR_EnablePVD                                 build/stm32f1xx_hal_pwr.o
HAL_PWR_EnableSEVOnPend                           build/stm32f1xx_hal_pwr.o
HAL_PWR_EnableSleepOnExit                         build/stm32f1xx_hal_pwr.o
HAL_PWR_EnableWakeUpPin                           build/stm32f1xx_hal_pwr.o
HAL_PWR_EnterSLEEPMode                            build/stm32f1xx_hal_pwr.o
HAL_PWR_EnterSTANDBYMode                          build/stm32f1xx_hal_pwr.o
HAL_PWR_EnterSTOPMode                             build/stm32f1xx_hal_pwr.o
HAL_PWR_PVDCallback                               build/stm32f1xx_hal_pwr.o
HAL_PWR_PVD_IRQHandler                            build/stm32f1xx_hal_pwr.o
HAL_RCCEx_GetPeriphCLKConfig                      build/stm32f1xx_hal_rcc_ex.o
HAL_RCCEx_GetPeriphCLKFreq                        build/stm32f1xx_hal_rcc_ex.o
HAL_RCCEx_PeriphCLKConfig                         build/stm32f1xx_hal_rcc_ex.o
HAL_RCC_CSSCallback                               build/stm32f1xx_hal_rcc.o
HAL_RCC_ClockConfig                               build/stm32f1xx_hal_rcc.o
                                                  build/main.o
HAL_RCC_DeInit                                    build/stm32f1xx_hal_rcc.o
HAL_RCC_DisableCSS                                build/stm32f1xx_hal_rcc.o
HAL_RCC_EnableCSS                                 build/stm32f1xx_hal_rcc.o
HAL_RCC_GetClockConfig                            build/stm32f1xx_hal_rcc.o
HAL_RCC_GetHCLKFreq                               build/stm32f1xx_hal_rcc.o
HAL_RCC_GetOscConfig                              build/stm32f1xx_hal_rcc.o
HAL_RCC_GetPCLK1Freq                              build/stm32f1xx_hal_rcc.o
                                                  build/stm32f1xx_hal_uart.o
HAL_RCC_GetPCLK2Freq                              build/stm32f1xx_hal_rcc.o
                                                  build/stm32f1xx_hal_uart.o
                                                  build/stm32f1xx_hal_rcc_ex.o
HAL_RCC_GetSysClockFreq                           build/stm32f1xx_hal_rcc.o
                                                  build/stm32f1xx_hal_rcc_ex.o
HAL_RCC_MCOConfig                                 build/stm32f1xx_hal_rcc.o
HAL_RCC_NMI_IRQHandler                            build/stm32f1xx_hal_rcc.o
HAL_RCC_OscConfig                                 build/stm32f1xx_hal_rcc.o
                                                  build/main.o
HAL_ResumeTick                                    build/stm32f1xx_hal.o
HAL_SYSTICK_CLKSourceConfig                       build/stm32f1xx_hal_cortex.o
HAL_SYSTICK_Callback                              build/stm32f1xx_hal_cortex.o
HAL_SYSTICK_Config                                build/stm32f1xx_hal_cortex.o
                                                  build/stm32f1xx_hal.o
HAL_SYSTICK_IRQHandler                            build/stm32f1xx_hal_cortex.o
HAL_SetTickFreq                                   build/stm32f1xx_hal.o
HAL_SuspendTick                                   build/stm32f1xx_hal.o
HAL_TIMEx_BreakCallback                           build/stm32f1xx_hal_tim_ex.o
                                                  build/stm32f1xx_hal_tim.o
HAL_TIMEx_CommutCallback                          build/stm32f1xx_hal_tim_ex.o
                                                  build/stm32f1xx_hal_tim.o
HAL_TIMEx_CommutHalfCpltCallback                  build/stm32f1xx_hal_tim_ex.o
HAL_TIMEx_ConfigBreakDeadTime                     build/stm32f1xx_hal_tim_ex.o
                                                  build/tim.o
HAL_TIMEx_ConfigCommutEvent                       build/stm32f1xx_hal_tim_ex.o
HAL_TIMEx_ConfigCommutEvent_DMA                   build/stm32f1xx_hal_tim_ex.o
HAL_TIMEx_ConfigCommutEvent_IT                    build/stm32f1xx_hal_tim_ex.o
HAL_TIMEx_GetChannelNState                        build/stm32f1xx_hal_tim_ex.o
HAL_TIMEx_HallSensor_DeInit                       build/stm32f1xx_hal_tim_ex.o
HAL_TIMEx_HallSensor_GetState                     build/stm32f1xx_hal_tim_ex.o
HAL_TIMEx_HallSensor_Init                         build/stm32f1xx_hal_tim_ex.o
HAL_TIMEx_HallSensor_MspDeInit                    build/stm32f1xx_hal_tim_ex.o
HAL_TIMEx_HallSensor_MspInit                      build/stm32f1xx_hal_tim_ex.o
HAL_TIMEx_HallSensor_Start                        build/stm32f1xx_hal_tim_ex.o
HAL_TIMEx_HallSensor_Start_DMA                    build/stm32f1xx_hal_tim_ex.o
HAL_TIMEx_HallSensor_Start_IT                     build/stm32f1xx_hal_tim_ex.o
HAL_TIMEx_HallSensor_Stop                         build/stm32f1xx_hal_tim_ex.o
HAL_TIMEx_HallSensor_Stop_DMA                     build/stm32f1xx_hal_tim_ex.o
HAL_TIMEx_HallSensor_Stop_IT                      build/stm32f1xx_hal_tim_ex.o
HAL_TIMEx_MasterConfigSynchronization             build/stm32f1xx_hal_tim_ex.o
                                                  build/tim.o
HAL_TIMEx_OCN_Start                               build/stm32f1xx_hal_tim_ex.o
HAL_TIMEx_OCN_Start_DMA                           build/stm32f1xx_hal_tim_ex.o
HAL_TIMEx_OCN_Start_IT                            build/stm32f1xx_hal_tim_ex.o
HAL_TIMEx_OCN_Stop                                build/stm32f1xx_hal_tim_ex.o
HAL_TIMEx_OCN_Stop_DMA                            build/stm32f1xx_hal_tim_ex.o
HAL_TIMEx_OCN_Stop_IT                             build/stm32f1xx_hal_tim_ex.o
HAL_TIMEx_OnePulseN_Start                         build/stm32f1xx_hal_tim_ex.o
HAL_TIMEx_OnePulseN_Start_IT                      build/stm32f1xx_hal_tim_ex.o
HAL_TIMEx_OnePulseN_Stop                          build/stm32f1xx_hal_tim_ex.o
HAL_TIMEx_OnePulseN_Stop_IT                       build/stm32f1xx_hal_tim_ex.o
HAL_TIMEx_PWMN_Start                              build/stm32f1xx_hal_tim_ex.o
HAL_TIMEx_PWMN_Start_DMA                          build/stm32f1xx_hal_tim_ex.o
HAL_TIMEx_PWMN_Start_IT                           build/stm32f1xx_hal_tim_ex.o
HAL_TIMEx_PWMN_Stop                               build/stm32f1xx_hal_tim_ex.o
HAL_TIMEx_PWMN_Stop_DMA                           build/stm32f1xx_hal_tim_ex.o
HAL_TIMEx_PWMN_Stop_IT                            build/stm32f1xx_hal_tim_ex.o
HAL_TIMEx_RemapConfig                             build/stm32f1xx_hal_tim_ex.o
HAL_TIM_Base_DeInit                               build/stm32f1xx_hal_tim.o
HAL_TIM_Base_GetState                             build/stm32f1xx_hal_tim.o
HAL_TIM_Base_Init                                 build/stm32f1xx_hal_tim.o
                                                  build/tim.o
HAL_TIM_Base_MspDeInit                            build/tim.o
HAL_TIM_Base_MspInit                              build/tim.o
HAL_TIM_Base_Start                                build/stm32f1xx_hal_tim.o
HAL_TIM_Base_Start_DMA                            build/stm32f1xx_hal_tim.o
HAL_TIM_Base_Start_IT                             build/stm32f1xx_hal_tim.o
                                                  build/main.o
HAL_TIM_Base_Stop                                 build/stm32f1xx_hal_tim.o
HAL_TIM_Base_Stop_DMA                             build/stm32f1xx_hal_tim.o
HAL_TIM_Base_Stop_IT                              build/stm32f1xx_hal_tim.o
HAL_TIM_ConfigClockSource                         build/stm32f1xx_hal_tim.o
                                                  build/tim.o
HAL_TIM_ConfigOCrefClear                          build/stm32f1xx_hal_tim.o
HAL_TIM_ConfigTI1Input                            build/stm32f1xx_hal_tim.o
HAL_TIM_DMABurstState                             build/stm32f1xx_hal_tim.o
HAL_TIM_DMABurst_MultiReadStart                   build/stm32f1xx_hal_tim.o
HAL_TIM_DMABurst_MultiWriteStart                  build/stm32f1xx_hal_tim.o
HAL_TIM_DMABurst_ReadStart                        build/stm32f1xx_hal_tim.o
HAL_TIM_DMABurst_ReadStop                         build/stm32f1xx_hal_tim.o
HAL_TIM_DMABurst_WriteStart                       build/stm32f1xx_hal_tim.o
HAL_TIM_DMABurst_WriteStop                        build/stm32f1xx_hal_tim.o
HAL_TIM_Encoder_DeInit                            build/stm32f1xx_hal_tim.o
HAL_TIM_Encoder_GetState                          build/stm32f1xx_hal_tim.o
HAL_TIM_Encoder_Init                              build/stm32f1xx_hal_tim.o
                                                  build/tim.o
HAL_TIM_Encoder_MspDeInit                         build/tim.o
HAL_TIM_Encoder_MspInit                           build/tim.o
HAL_TIM_Encoder_Start                             build/stm32f1xx_hal_tim.o
                                                  build/main.o
HAL_TIM_Encoder_Start_DMA                         build/stm32f1xx_hal_tim.o
HAL_TIM_Encoder_Start_IT                          build/stm32f1xx_hal_tim.o
HAL_TIM_Encoder_Stop                              build/stm32f1xx_hal_tim.o
HAL_TIM_Encoder_Stop_DMA                          build/stm32f1xx_hal_tim.o
HAL_TIM_Encoder_Stop_IT                           build/stm32f1xx_hal_tim.o
HAL_TIM_ErrorCallback                             build/stm32f1xx_hal_tim.o
                                                  build/stm32f1xx_hal_tim_ex.o
HAL_TIM_GenerateEvent                             build/stm32f1xx_hal_tim.o
HAL_TIM_GetActiveChannel                          build/stm32f1xx_hal_tim.o
HAL_TIM_GetChannelState                           build/stm32f1xx_hal_tim.o
HAL_TIM_IC_CaptureCallback                        build/stm32f1xx_hal_tim.o
HAL_TIM_IC_CaptureHalfCpltCallback                build/stm32f1xx_hal_tim.o
HAL_TIM_IC_ConfigChannel                          build/stm32f1xx_hal_tim.o
HAL_TIM_IC_DeInit                                 build/stm32f1xx_hal_tim.o
HAL_TIM_IC_GetState                               build/stm32f1xx_hal_tim.o
HAL_TIM_IC_Init                                   build/stm32f1xx_hal_tim.o
HAL_TIM_IC_MspDeInit                              build/stm32f1xx_hal_tim.o
HAL_TIM_IC_MspInit                                build/stm32f1xx_hal_tim.o
HAL_TIM_IC_Start                                  build/stm32f1xx_hal_tim.o
HAL_TIM_IC_Start_DMA                              build/stm32f1xx_hal_tim.o
HAL_TIM_IC_Start_IT                               build/stm32f1xx_hal_tim.o
HAL_TIM_IC_Stop                                   build/stm32f1xx_hal_tim.o
HAL_TIM_IC_Stop_DMA                               build/stm32f1xx_hal_tim.o
HAL_TIM_IC_Stop_IT                                build/stm32f1xx_hal_tim.o
HAL_TIM_IRQHandler                                build/stm32f1xx_hal_tim.o
                                                  build/stm32f1xx_it.o
HAL_TIM_MspPostInit                               build/tim.o
HAL_TIM_OC_ConfigChannel                          build/stm32f1xx_hal_tim.o
HAL_TIM_OC_DeInit                                 build/stm32f1xx_hal_tim.o
HAL_TIM_OC_DelayElapsedCallback                   build/stm32f1xx_hal_tim.o
HAL_TIM_OC_GetState                               build/stm32f1xx_hal_tim.o
HAL_TIM_OC_Init                                   build/stm32f1xx_hal_tim.o
HAL_TIM_OC_MspDeInit                              build/stm32f1xx_hal_tim.o
HAL_TIM_OC_MspInit                                build/stm32f1xx_hal_tim.o
HAL_TIM_OC_Start                                  build/stm32f1xx_hal_tim.o
HAL_TIM_OC_Start_DMA                              build/stm32f1xx_hal_tim.o
HAL_TIM_OC_Start_IT                               build/stm32f1xx_hal_tim.o
HAL_TIM_OC_Stop                                   build/stm32f1xx_hal_tim.o
HAL_TIM_OC_Stop_DMA                               build/stm32f1xx_hal_tim.o
HAL_TIM_OC_Stop_IT                                build/stm32f1xx_hal_tim.o
HAL_TIM_OnePulse_ConfigChannel                    build/stm32f1xx_hal_tim.o
HAL_TIM_OnePulse_DeInit                           build/stm32f1xx_hal_tim.o
HAL_TIM_OnePulse_GetState                         build/stm32f1xx_hal_tim.o
HAL_TIM_OnePulse_Init                             build/stm32f1xx_hal_tim.o
HAL_TIM_OnePulse_MspDeInit                        build/stm32f1xx_hal_tim.o
HAL_TIM_OnePulse_MspInit                          build/stm32f1xx_hal_tim.o
HAL_TIM_OnePulse_Start                            build/stm32f1xx_hal_tim.o
HAL_TIM_OnePulse_Start_IT                         build/stm32f1xx_hal_tim.o
HAL_TIM_OnePulse_Stop                             build/stm32f1xx_hal_tim.o
HAL_TIM_OnePulse_Stop_IT                          build/stm32f1xx_hal_tim.o
HAL_TIM_PWM_ConfigChannel                         build/stm32f1xx_hal_tim.o
                                                  build/tim.o
HAL_TIM_PWM_DeInit                                build/stm32f1xx_hal_tim.o
HAL_TIM_PWM_GetState                              build/stm32f1xx_hal_tim.o
HAL_TIM_PWM_Init                                  build/stm32f1xx_hal_tim.o
                                                  build/tim.o
HAL_TIM_PWM_MspDeInit                             build/stm32f1xx_hal_tim.o
HAL_TIM_PWM_MspInit                               build/stm32f1xx_hal_tim.o
HAL_TIM_PWM_PulseFinishedCallback                 build/stm32f1xx_hal_tim.o
                                                  build/stm32f1xx_hal_tim_ex.o
HAL_TIM_PWM_PulseFinishedHalfCpltCallback         build/stm32f1xx_hal_tim.o
HAL_TIM_PWM_Start                                 build/stm32f1xx_hal_tim.o
                                                  build/main.o
HAL_TIM_PWM_Start_DMA                             build/stm32f1xx_hal_tim.o
HAL_TIM_PWM_Start_IT                              build/stm32f1xx_hal_tim.o
HAL_TIM_PWM_Stop                                  build/stm32f1xx_hal_tim.o
HAL_TIM_PWM_Stop_DMA                              build/stm32f1xx_hal_tim.o
HAL_TIM_PWM_Stop_IT                               build/stm32f1xx_hal_tim.o
HAL_TIM_PeriodElapsedCallback                     build/main.o
HAL_TIM_PeriodElapsedHalfCpltCallback             build/stm32f1xx_hal_tim.o
HAL_TIM_ReadCapturedValue                         build/stm32f1xx_hal_tim.o
HAL_TIM_SlaveConfigSynchro                        build/stm32f1xx_hal_tim.o
HAL_TIM_SlaveConfigSynchro_IT                     build/stm32f1xx_hal_tim.o
HAL_TIM_TriggerCallback                           build/stm32f1xx_hal_tim.o
HAL_TIM_TriggerHalfCpltCallback                   build/stm32f1xx_hal_tim.o
HAL_UARTEx_ReceiveToIdle                          build/stm32f1xx_hal_uart.o
HAL_UARTEx_ReceiveToIdle_DMA                      build/stm32f1xx_hal_uart.o
HAL_UARTEx_ReceiveToIdle_IT                       build/stm32f1xx_hal_uart.o
HAL_UARTEx_RxEventCallback                        build/stm32f1xx_hal_uart.o
HAL_UART_Abort                                    build/stm32f1xx_hal_uart.o
HAL_UART_AbortCpltCallback                        build/stm32f1xx_hal_uart.o
HAL_UART_AbortReceive                             build/stm32f1xx_hal_uart.o
HAL_UART_AbortReceiveCpltCallback                 build/stm32f1xx_hal_uart.o
HAL_UART_AbortReceive_IT                          build/stm32f1xx_hal_uart.o
HAL_UART_AbortTransmit                            build/stm32f1xx_hal_uart.o
HAL_UART_AbortTransmitCpltCallback                build/stm32f1xx_hal_uart.o